Component: ARM Compiler 6.16 Tool: armlink [5dfeaa00]

==============================================================================

Section Cross References

    startup_stm32h750xx.o(STACK) refers (Special) to heapauxi.o(.text) for __use_two_region_memory
    startup_stm32h750xx.o(HEAP) refers (Special) to heapauxi.o(.text) for __use_two_region_memory
    startup_stm32h750xx.o(RESET) refers (Special) to heapauxi.o(.text) for __use_two_region_memory
    startup_stm32h750xx.o(RESET) refers to startup_stm32h750xx.o(STACK) for __initial_sp
    startup_stm32h750xx.o(RESET) refers to startup_stm32h750xx.o(.text) for Reset_Handler
    startup_stm32h750xx.o(RESET) refers to stm32h7xx_it.o(.text.NMI_Handler) for NMI_Handler
    startup_stm32h750xx.o(RESET) refers to stm32h7xx_it.o(.text.HardFault_Handler) for HardFault_Handler
    startup_stm32h750xx.o(RESET) refers to stm32h7xx_it.o(.text.MemManage_Handler) for MemManage_Handler
    startup_stm32h750xx.o(RESET) refers to stm32h7xx_it.o(.text.BusFault_Handler) for BusFault_Handler
    startup_stm32h750xx.o(RESET) refers to stm32h7xx_it.o(.text.UsageFault_Handler) for UsageFault_Handler
    startup_stm32h750xx.o(RESET) refers to stm32h7xx_it.o(.text.SVC_Handler) for SVC_Handler
    startup_stm32h750xx.o(RESET) refers to stm32h7xx_it.o(.text.DebugMon_Handler) for DebugMon_Handler
    startup_stm32h750xx.o(RESET) refers to stm32h7xx_it.o(.text.PendSV_Handler) for PendSV_Handler
    startup_stm32h750xx.o(RESET) refers to stm32h7xx_it.o(.text.SysTick_Handler) for SysTick_Handler
    startup_stm32h750xx.o(RESET) refers to stm32h7xx_it.o(.text.EXTI15_10_IRQHandler) for EXTI15_10_IRQHandler
    startup_stm32h750xx.o(.text) refers (Special) to heapauxi.o(.text) for __use_two_region_memory
    startup_stm32h750xx.o(.text) refers to system_stm32h7xx.o(.text.SystemInit) for SystemInit
    startup_stm32h750xx.o(.text) refers to __main.o(!!!main) for __main
    startup_stm32h750xx.o(.text) refers to startup_stm32h750xx.o(HEAP) for Heap_Mem
    startup_stm32h750xx.o(.text) refers to startup_stm32h750xx.o(STACK) for Stack_Mem
    main.o(.text.main) refers to eventrecorder.o(.text.EventRecorderInitialize) for EventRecorderInitialize
    main.o(.text.main) refers to eventrecorder.o(.text.EventRecorderStart) for EventRecorderStart
    main.o(.text.main) refers to stm32h7xx_hal.o(.text.HAL_Init) for HAL_Init
    main.o(.text.main) refers to main.o(.text.SystemClock_Config) for SystemClock_Config
    main.o(.text.main) refers to system_stm32h7xx.o(.data.SystemCoreClock) for SystemCoreClock
    main.o(.text.main) refers to gpio.o(.text.MX_GPIO_Init) for MX_GPIO_Init
    main.o(.text.main) refers to fmc.o(.text.MX_FMC_Init) for MX_FMC_Init
    main.o(.text.main) refers to usart.o(.text.MX_UART4_Init) for MX_UART4_Init
    main.o(.text.main) refers to i2c.o(.text.MX_I2C1_Init) for MX_I2C1_Init
    main.o(.text.main) refers to quadspi.o(.text.MX_QUADSPI_Init) for MX_QUADSPI_Init
    main.o(.text.main) refers to dma2d.o(.text.MX_DMA2D_Init) for MX_DMA2D_Init
    main.o(.text.main) refers to crc.o(.text.MX_CRC_Init) for MX_CRC_Init
    main.o(.text.main) refers to ltdc.o(.text.MX_LTDC_Init) for MX_LTDC_Init
    main.o(.text.main) refers to main.o(.text.MX_SDRAM_InitEx) for MX_SDRAM_InitEx
    main.o(.text.main) refers to stm32h7xx_hal_gpio.o(.text.HAL_GPIO_WritePin) for HAL_GPIO_WritePin
    main.o(.text.main) refers to puts.o(.text) for puts
    main.o(.text.main) refers to bsp_touch_gtxx.o(.text.GTP_Init_Panel) for GTP_Init_Panel
    main.o(.text.main) refers to bsp_touch_gtxx.o(.text.GTP_TouchProcess) for GTP_TouchProcess
    main.o(.text.main) refers to stm32h7xx_hal_gpio.o(.text.HAL_GPIO_TogglePin) for HAL_GPIO_TogglePin
    main.o(.ARM.exidx.text.main) refers to main.o(.text.main) for [Anonymous Symbol]
    main.o(.text.SystemClock_Config) refers to rt_memclr_w.o(.text) for __aeabi_memclr4
    main.o(.text.SystemClock_Config) refers to stm32h7xx_hal_pwr_ex.o(.text.HAL_PWREx_ConfigSupply) for HAL_PWREx_ConfigSupply
    main.o(.text.SystemClock_Config) refers to stm32h7xx_hal_rcc.o(.text.HAL_RCC_OscConfig) for HAL_RCC_OscConfig
    main.o(.text.SystemClock_Config) refers to stm32h7xx_hal_rcc.o(.text.HAL_RCC_ClockConfig) for HAL_RCC_ClockConfig
    main.o(.text.SystemClock_Config) refers to main.o(.text.Error_Handler) for Error_Handler
    main.o(.ARM.exidx.text.SystemClock_Config) refers to main.o(.text.SystemClock_Config) for [Anonymous Symbol]
    main.o(.text.MX_SDRAM_InitEx) refers to fmc.o(.bss.hsdram1) for hsdram1
    main.o(.text.MX_SDRAM_InitEx) refers to stm32h7xx_hal_sdram.o(.text.HAL_SDRAM_SendCommand) for HAL_SDRAM_SendCommand
    main.o(.text.MX_SDRAM_InitEx) refers to core_delay.o(.text.CPU_TS_Tmr_Delay_US) for CPU_TS_Tmr_Delay_US
    main.o(.text.MX_SDRAM_InitEx) refers to stm32h7xx_hal_sdram.o(.text.HAL_SDRAM_ProgramRefreshRate) for HAL_SDRAM_ProgramRefreshRate
    main.o(.ARM.exidx.text.MX_SDRAM_InitEx) refers to main.o(.text.MX_SDRAM_InitEx) for [Anonymous Symbol]
[...]
    __rt_lib_init_fp_trap_1                  0x08000331   Thumb Code     0  libinit2.o(.ARM.Collect$$libinit$$0000001F)
    __rt_lib_init_getenv_1                   0x08000331   Thumb Code     0  libinit2.o(.ARM.Collect$$libinit$$00000023)
    __rt_lib_init_heap_1                     0x08000331   Thumb Code     0  libinit2.o(.ARM.Collect$$libinit$$0000000A)
    __rt_lib_init_lc_collate_1               0x08000331   Thumb Code     0  libinit2.o(.ARM.Collect$$libinit$$00000011)
    __rt_lib_init_lc_ctype_1                 0x08000331   Thumb Code     0  libinit2.o(.ARM.Collect$$libinit$$00000013)
    __rt_lib_init_lc_monetary_1              0x08000331   Thumb Code     0  libinit2.o(.ARM.Collect$$libinit$$00000015)
    __rt_lib_init_lc_numeric_1               0x08000331   Thumb Code     0  libinit2.o(.ARM.Collect$$libinit$$00000017)
    __rt_lib_init_lc_time_1                  0x08000331   Thumb Code     0  libinit2.o(.ARM.Collect$$libinit$$00000019)
    __rt_lib_init_rand_1                     0x08000331   Thumb Code     0  libinit2.o(.ARM.Collect$$libinit$$0000000E)
    __rt_lib_init_signal_1                   0x08000331   Thumb Code     0  libinit2.o(.ARM.Collect$$libinit$$0000001D)
    __rt_lib_init_stdio_2                    0x08000331   Thumb Code     0  libinit2.o(.ARM.Collect$$libinit$$00000024)
    __rt_lib_init_user_alloc_1               0x08000331   Thumb Code     0  libinit2.o(.ARM.Collect$$libinit$$0000000C)
    __rt_lib_init_alloca_1                   0x08000335   Thumb Code     0  libinit2.o(.ARM.Collect$$libinit$$0000002E)
    __rt_lib_init_argv_1                     0x08000335   Thumb Code     0  libinit2.o(.ARM.Collect$$libinit$$0000002C)
    __rt_lib_init_cpp_1                      0x08000335   Thumb Code     0  libinit2.o(.ARM.Collect$$libinit$$00000032)
    __rt_lib_init_exceptions_1               0x08000335   Thumb Code     0  libinit2.o(.ARM.Collect$$libinit$$00000030)
    __rt_lib_init_return                     0x08000335   Thumb Code     0  libinit2.o(.ARM.Collect$$libinit$$00000033)
    __rt_lib_init_stdio_1                    0x08000335   Thumb Code     0  libinit2.o(.ARM.Collect$$libinit$$00000025)
    __rt_lib_shutdown                        0x08000337   Thumb Code     0  libshutdown.o(.ARM.Collect$$libshutdown$$00000000)
    __rt_lib_shutdown_cpp_1                  0x08000339   Thumb Code     0  libshutdown2.o(.ARM.Collect$$libshutdown$$00000002)
    __rt_lib_shutdown_stdio_2                0x08000339   Thumb Code     0  libshutdown2.o(.ARM.Collect$$libshutdown$$00000003)
    __rt_lib_shutdown_fp_trap_1              0x0800033d   Thumb Code     0  libshutdown2.o(.ARM.Collect$$libshutdown$$00000007)
    __rt_lib_shutdown_heap_1                 0x0800033d   Thumb Code     0  libshutdown2.o(.ARM.Collect$$libshutdown$$0000000F)
    __rt_lib_shutdown_return                 0x0800033d   Thumb Code     0  libshutdown2.o(.ARM.Collect$$libshutdown$$00000010)
    __rt_lib_shutdown_signal_1               0x0800033d   Thumb Code     0  libshutdown2.o(.ARM.Collect$$libshutdown$$0000000A)
    __rt_lib_shutdown_stdio_1                0x0800033d   Thumb Code     0  libshutdown2.o(.ARM.Collect$$libshutdown$$00000004)
    __rt_lib_shutdown_user_alloc_1           0x0800033d   Thumb Code     0  libshutdown2.o(.ARM.Collect$$libshutdown$$0000000C)
    __rt_entry                               0x0800033f   Thumb Code     0  __rtentry.o(.ARM.Collect$$rtentry$$00000000)
    __rt_entry_presh_1                       0x0800033f   Thumb Code     0  __rtentry2.o(.ARM.Collect$$rtentry$$00000002)
    __rt_entry_sh                            0x0800033f   Thumb Code     0  __rtentry4.o(.ARM.Collect$$rtentry$$00000004)
    __rt_entry_li                            0x08000345   Thumb Code     0  __rtentry2.o(.ARM.Collect$$rtentry$$0000000A)
    __rt_entry_postsh_1                      0x08000345   Thumb Code     0  __rtentry2.o(.ARM.Collect$$rtentry$$00000009)
    __rt_entry_main                          0x08000349   Thumb Code     0  __rtentry2.o(.ARM.Collect$$rtentry$$0000000D)
    __rt_entry_postli_1                      0x08000349   Thumb Code     0  __rtentry2.o(.ARM.Collect$$rtentry$$0000000C)
    __rt_exit                                0x08000351   Thumb Code     0  rtexit.o(.ARM.Collect$$rtexit$$00000000)
    __rt_exit_ls                             0x08000353   Thumb Code     0  rtexit2.o(.ARM.Collect$$rtexit$$00000003)
    __rt_exit_prels_1                        0x08000353   Thumb Code     0  rtexit2.o(.ARM.Collect$$rtexit$$00000002)
    __rt_exit_exit                           0x08000357   Thumb Code     0  rtexit2.o(.ARM.Collect$$rtexit$$00000004)
    Reset_Handler                            0x0800035d   Thumb Code     8  startup_stm32h750xx.o(.text)
    ADC3_IRQHandler                          0x08000377   Thumb Code     0  startup_stm32h750xx.o(.text)
    ADC_IRQHandler                           0x08000377   Thumb Code     0  startup_stm32h750xx.o(.text)
    BDMA_Channel0_IRQHandler                 0x08000377   Thumb Code     0  startup_stm32h750xx.o(.text)
    BDMA_Channel1_IRQHandler                 0x08000377   Thumb Code     0  startup_stm32h750xx.o(.text)
    BDMA_Channel2_IRQHandler                 0x08000377   Thumb Code     0  startup_stm32h750xx.o(.text)
    BDMA_Channel3_IRQHandler                 0x08000377   Thumb Code     0  startup_stm32h750xx.o(.text)
    BDMA_Channel4_IRQHandler                 0x08000377   Thumb Code     0  startup_stm32h750xx.o(.text)
    BDMA_Channel5_IRQHandler                 0x08000377   Thumb Code     0  startup_stm32h750xx.o(.text)
    BDMA_Channel6_IRQHandler                 0x08000377   Thumb Code     0  startup_stm32h750xx.o(.text)
    BDMA_Channel7_IRQHandler                 0x08000377   Thumb Code     0  startup_stm32h750xx.o(.text)
    CEC_IRQHandler                           0x08000377   Thumb Code     0  startup_stm32h750xx.o(.text)
    COMP1_IRQHandler                         0x08000377   Thumb Code     0  startup_stm32h750xx.o(.text)
    CRS_IRQHandler                           0x08000377   Thumb Code     0  startup_stm32h750xx.o(.text)
    CRYP_IRQHandler                          0x08000377   Thumb Code     0  startup_stm32h750xx.o(.text)
    DCMI_IRQHandler                          0x08000377   Thumb Code     0  startup_stm32h750xx.o(.text)
    DFSDM1_FLT0_IRQHandler                   0x08000377   Thumb Code     0  startup_stm32h750xx.o(.text)
    DFSDM1_FLT1_IRQHandler                   0x08000377   Thumb Code     0  startup_stm32h750xx.o(.text)
    DFSDM1_FLT2_IRQHandler                   0x08000377   Thumb Code     0  startup_stm32h750xx.o(.text)
    DFSDM1_FLT3_IRQHandler                   0x08000377   Thumb Code     0  startup_stm32h750xx.o(.text)
    DMA1_Stream0_IRQHandler                  0x08000377   Thumb Code     0  startup_stm32h750xx.o(.text)
    DMA1_Stream1_IRQHandler                  0x08000377   Thumb Code     0  startup_stm32h750xx.o(.text)
    DMA1_Stream2_IRQHandler                  0x08000377   Thumb Code     0  startup_stm32h750xx.o(.text)
    DMA1_Stream3_IRQHandler                  0x08000377   Thumb Code     0  startup_stm32h750xx.o(.text)
    DMA1_Stream4_IRQHandler                  0x08000377   Thumb Code     0  startup_stm32h750xx.o(.text)
    DMA1_Stream5_IRQHandler                  0x08000377   Thumb Code     0  startup_stm32h750xx.o(.text)
    DMA1_Stream6_IRQHandler                  0x08000377   Thumb Code     0  startup_stm32h750xx.o(.text)
    DMA1_Stream7_IRQHandler                  0x08000377   Thumb Code     0  startup_stm32h750xx.o(.text)
    DMA2D_IRQHandler                         0x08000377   Thumb Code     0  startup_stm32h750xx.o(.text)
    DMA2_Stream0_IRQHandler                  0x08000377   Thumb Code     0  startup_stm32h750xx.o(.text)
    DMA2_Stream1_IRQHandler                  0x08000377   Thumb Code     0  startup_stm32h750xx.o(.text)
    DMA2_Stream2_IRQHandler                  0x08000377   Thumb Code     0  startup_stm32h750xx.o(.text)
    DMA2_Stream3_IRQHandler                  0x08000377   Thumb Code     0  startup_stm32h750xx.o(.text)
    DMA2_Stream4_IRQHandler                  0x08000377   Thumb Code     0  startup_stm32h750xx.o(.text)
    DMA2_Stream5_IRQHandler                  0x08000377   Thumb Code     0  startup_stm32h750xx.o(.text)
    DMA2_Stream6_IRQHandler                  0x08000377   Thumb Code     0  startup_stm32h750xx.o(.text)
    DMA2_Stream7_IRQHandler                  0x08000377   Thumb Code     0  startup_stm32h750xx.o(.text)
    DMAMUX1_OVR_IRQHandler                   0x08000377   Thumb Code     0  startup_stm32h750xx.o(.text)
    DMAMUX2_OVR_IRQHandler                   0x08000377   Thumb Code     0  startup_stm32h750xx.o(.text)
    ECC_IRQHandler                           0x08000377   Thumb Code     0  startup_stm32h750xx.o(.text)
    ETH_IRQHandler                           0x08000377   Thumb Code     0  startup_stm32h750xx.o(.text)
    ETH_WKUP_IRQHandler                      0x08000377   Thumb Code     0  startup_stm32h750xx.o(.text)
    EXTI0_IRQHandler                         0x08000377   Thumb Code     0  startup_stm32h750xx.o(.text)
    EXTI1_IRQHandler                         0x08000377   Thumb Code     0  startup_stm32h750xx.o(.text)
    EXTI2_IRQHandler                         0x08000377   Thumb Code     0  startup_stm32h750xx.o(.text)
    EXTI3_IRQHandler                         0x08000377   Thumb Code     0  startup_stm32h750xx.o(.text)
    EXTI4_IRQHandler                         0x08000377   Thumb Code     0  startup_stm32h750xx.o(.text)
    EXTI9_5_IRQHandler                       0x08000377   Thumb Code     0  startup_stm32h750xx.o(.text)
    FDCAN1_IT0_IRQHandler                    0x08000377   Thumb Code     0  startup_stm32h750xx.o(.text)
    FDCAN1_IT1_IRQHandler                    0x08000377   Thumb Code     0  startup_stm32h750xx.o(.text)
    FDCAN2_IT0_IRQHandler                    0x08000377   Thumb Code     0  startup_stm32h750xx.o(.text)
    FDCAN2_IT1_IRQHandler                    0x08000377   Thumb Code     0  startup_stm32h750xx.o(.text)
    FDCAN_CAL_IRQHandler                     0x08000377   Thumb Code     0  startup_stm32h750xx.o(.text)
    FLASH_IRQHandler                         0x08000377   Thumb Code     0  startup_stm32h750xx.o(.text)
    FMC_IRQHandler                           0x08000377   Thumb Code     0  startup_stm32h750xx.o(.text)
    FPU_IRQHandler                           0x08000377   Thumb Code     0  startup_stm32h750xx.o(.text)
    HASH_RNG_IRQHandler                      0x08000377   Thumb Code     0  startup_stm32h750xx.o(.text)
    HRTIM1_FLT_IRQHandler                    0x08000377   Thumb Code     0  startup_stm32h750xx.o(.text)
    HRTIM1_Master_IRQHandler                 0x08000377   Thumb Code     0  startup_stm32h750xx.o(.text)
    HRTIM1_TIMA_IRQHandler                   0x08000377   Thumb Code     0  startup_stm32h750xx.o(.text)
    HRTIM1_TIMB_IRQHandler                   0x08000377   Thumb Code     0  startup_stm32h750xx.o(.text)
    HRTIM1_TIMC_IRQHandler                   0x08000377   Thumb Code     0  startup_stm32h750xx.o(.text)
    HRTIM1_TIMD_IRQHandler                   0x08000377   Thumb Code     0  startup_stm32h750xx.o(.text)
    HRTIM1_TIME_IRQHandler                   0x08000377   Thumb Code     0  startup_stm32h750xx.o(.text)
    HSEM1_IRQHandler                         0x08000377   Thumb Code     0  startup_stm32h750xx.o(.text)
    I2C1_ER_IRQHandler                       0x08000377   Thumb Code     0  startup_stm32h750xx.o(.text)
    I2C1_EV_IRQHandler                       0x08000377   Thumb Code     0  startup_stm32h750xx.o(.text)
    I2C2_ER_IRQHandler                       0x08000377   Thumb Code     0  startup_stm32h750xx.o(.text)
    I2C2_EV_IRQHandler                       0x08000377   Thumb Code     0  startup_stm32h750xx.o(.text)
    I2C3_ER_IRQHandler                       0x08000377   Thumb Code     0  startup_stm32h750xx.o(.text)
    I2C3_EV_IRQHandler                       0x08000377   Thumb Code     0  startup_stm32h750xx.o(.text)
    I2C4_ER_IRQHandler                       0x08000377   Thumb Code     0  startup_stm32h750xx.o(.text)
    I2C4_EV_IRQHandler                       0x08000377   Thumb Code     0  startup_stm32h750xx.o(.text)
    JPEG_IRQHandler                          0x08000377   Thumb Code     0  startup_stm32h750xx.o(.text)
    LPTIM1_IRQHandler                        0x08000377   Thumb Code     0  startup_stm32h750xx.o(.text)
    LPTIM2_IRQHandler                        0x08000377   Thumb Code     0  startup_stm32h750xx.o(.text)
    LPTIM3_IRQHandler                        0x08000377   Thumb Code     0  startup_stm32h750xx.o(.text)
    LPTIM4_IRQHandler                        0x08000377   Thumb Code     0  startup_stm32h750xx.o(.text)
    LPTIM5_IRQHandler                        0x08000377   Thumb Code     0  startup_stm32h750xx.o(.text)
    LPUART1_IRQHandler                       0x08000377   Thumb Code     0  startup_stm32h750xx.o(.text)
    LTDC_ER_IRQHandler                       0x08000377   Thumb Code     0  startup_stm32h750xx.o(.text)
    LTDC_IRQHandler                          0x08000377   Thumb Code     0  startup_stm32h750xx.o(.text)
    MDIOS_IRQHandler                         0x08000377   Thumb Code     0  startup_stm32h750xx.o(.text)
    MDIOS_WKUP_IRQHandler                    0x08000377   Thumb Code     0  startup_stm32h750xx.o(.text)
    MDMA_IRQHandler                          0x08000377   Thumb Code     0  startup_stm32h750xx.o(.text)
    OTG_FS_EP1_IN_IRQHandler                 0x08000377   Thumb Code     0  startup_stm32h750xx.o(.text)
    OTG_FS_EP1_OUT_IRQHandler                0x08000377   Thumb Code     0  startup_stm32h750xx.o(.text)
    OTG_FS_IRQHandler                        0x08000377   Thumb Code     0  startup_stm32h750xx.o(.text)
    OTG_FS_WKUP_IRQHandler                   0x08000377   Thumb Code     0  startup_stm32h750xx.o(.text)
    OTG_HS_EP1_IN_IRQHandler                 0x08000377   Thumb Code     0  startup_stm32h750xx.o(.text)
    OTG_HS_EP1_OUT_IRQHandler                0x08000377   Thumb Code     0  startup_stm32h750xx.o(.text)
    OTG_HS_IRQHandler                        0x08000377   Thumb Code     0  startup_stm32h750xx.o(.text)
    OTG_HS_WKUP_IRQHandler                   0x08000377   Thumb Code     0  startup_stm32h750xx.o(.text)
    PVD_AVD_IRQHandler                       0x08000377   Thumb Code     0  startup_stm32h750xx.o(.text)
    QUADSPI_IRQHandler                       0x08000377   Thumb Code     0  startup_stm32h750xx.o(.text)
    RCC_IRQHandler                           0x08000377   Thumb Code     0  startup_stm32h750xx.o(.text)
    RTC_Alarm_IRQHandler                     0x08000377   Thumb Code     0  startup_stm32h750xx.o(.text)
    RTC_WKUP_IRQHandler                      0x08000377   Thumb Code     0  startup_stm32h750xx.o(.text)
    SAI1_IRQHandler                          0x08000377   Thumb Code     0  startup_stm32h750xx.o(.text)
    SAI2_IRQHandler                          0x08000377   Thumb Code     0  startup_stm32h750xx.o(.text)
    SAI3_IRQHandler                          0x08000377   Thumb Code     0  startup_stm32h750xx.o(.text)
    SAI4_IRQHandler                          0x08000377   Thumb Code     0  startup_stm32h750xx.o(.text)
    SDMMC1_IRQHandler                        0x08000377   Thumb Code     0  startup_stm32h750xx.o(.text)
    SDMMC2_IRQHandler                        0x08000377   Thumb Code     0  startup_stm32h750xx.o(.text)
    SPDIF_RX_IRQHandler                      0x08000377   Thumb Code     0  startup_stm32h750xx.o(.text)
    SPI1_IRQHandler                          0x08000377   Thumb Code     0  startup_stm32h750xx.o(.text)
    SPI2_IRQHandler                          0x08000377   Thumb Code     0  startup_stm32h750xx.o(.text)
    SPI3_IRQHandler                          0x08000377   Thumb Code     0  startup_stm32h750xx.o(.text)
    SPI4_IRQHandler                          0x08000377   Thumb Code     0  startup_stm32h750xx.o(.text)
    SPI5_IRQHandler                          0x08000377   Thumb Code     0  startup_stm32h750xx.o(.text)
    SPI6_IRQHandler                          0x08000377   Thumb Code     0  startup_stm32h750xx.o(.text)
    SWPMI1_IRQHandler                        0x08000377   Thumb Code     0  startup_stm32h750xx.o(.text)
    TAMP_STAMP_IRQHandler                    0x08000377   Thumb Code     0  startup_stm32h750xx.o(.text)
    TIM15_IRQHandler                         0x08000377   Thumb Code     0  startup_stm32h750xx.o(.text)
    TIM16_IRQHandler                         0x08000377   Thumb Code     0  startup_stm32h750xx.o(.text)
    TIM17_IRQHandler                         0x08000377   Thumb Code     0  startup_stm32h750xx.o(.text)
    TIM1_BRK_IRQHandler                      0x08000377   Thumb Code     0  startup_stm32h750xx.o(.text)
    TIM1_CC_IRQHandler                       0x08000377   Thumb Code     0  startup_stm32h750xx.o(.text)
    TIM1_TRG_COM_IRQHandler                  0x08000377   Thumb Code     0  startup_stm32h750xx.o(.text)
    TIM1_UP_IRQHandler                       0x08000377   Thumb Code     0  startup_stm32h750xx.o(.text)
    TIM2_IRQHandler                          0x08000377   Thumb Code     0  startup_stm32h750xx.o(.text)
    TIM3_IRQHandler                          0x08000377   Thumb Code     0  startup_stm32h750xx.o(.text)
    TIM4_IRQHandler                          0x08000377   Thumb Code     0  startup_stm32h750xx.o(.text)
    TIM5_IRQHandler                          0x08000377   Thumb Code     0  startup_stm32h750xx.o(.text)
    TIM6_DAC_IRQHandler                      0x08000377   Thumb Code     0  startup_stm32h750xx.o(.text)
    TIM7_IRQHandler                          0x08000377   Thumb Code     0  startup_stm32h750xx.o(.text)
    TIM8_BRK_TIM12_IRQHandler                0x08000377   Thumb Code     0  startup_stm32h750xx.o(.text)
    TIM8_CC_IRQHandler                       0x08000377   Thumb Code     0  startup_stm32h750xx.o(.text)
    TIM8_TRG_COM_TIM14_IRQHandler            0x08000377   Thumb Code     0  startup_stm32h750xx.o(.text)
    TIM8_UP_TIM13_IRQHandler                 0x08000377   Thumb Code     0  startup_stm32h750xx.o(.text)
    UART4_IRQHandler                         0x08000377   Thumb Code     0  startup_stm32h750xx.o(.text)
    UART5_IRQHandler                         0x08000377   Thumb Code     0  startup_stm32h750xx.o(.text)
    UART7_IRQHandler                         0x08000377   Thumb Code     0  startup_stm32h750xx.o(.text)
    UART8_IRQHandler                         0x08000377   Thumb Code     0  startup_stm32h750xx.o(.text)
    USART1_IRQHandler                        0x08000377   Thumb Code     0  startup_stm32h750xx.o(.text)
    USART2_IRQHandler                        0x08000377   Thumb Code     0  startup_stm32h750xx.o(.text)
    USART3_IRQHandler                        0x08000377   Thumb Code     0  startup_stm32h750xx.o(.text)
    USART6_IRQHandler                        0x08000377   Thumb Code     0  startup_stm32h750xx.o(.text)
    WAKEUP_PIN_IRQHandler                    0x08000377   Thumb Code     0  startup_stm32h750xx.o(.text)
    WWDG_IRQHandler                          0x08000377   Thumb Code     0  startup_stm32h750xx.o(.text)
    __user_initial_stackheap                 0x08000379   Thumb Code     0  startup_stm32h750xx.o(.text)
    __aeabi_uldivmod                         0x0800039d   Thumb Code     0  lludivv7m.o(.text)
    _ll_udiv                                 0x0800039d   Thumb Code   240  lludivv7m.o(.text)
    __2printf                                0x0800048d   Thumb Code    20  noretval__2printf.o(.text)
    _printf_pre_padding                      0x080004a5   Thumb Code    44  _printf_pad.o(.text)
    _printf_post_padding                     0x080004d1   Thumb Code    34  _printf_pad.o(.text)
    _printf_str                              0x080004f3   Thumb Code    82  _printf_str.o(.text)
    _printf_int_dec                          0x08000545   Thumb Code   104  _printf_dec.o(.text)
    _printf_int_hex                          0x080005bd   Thumb Code    84  _printf_hex_int.o(.text)
    _printf_longlong_hex                     0x080005bd   Thumb Code     0  _printf_hex_int.o(.text)
    __printf                                 0x08000615   Thumb Code   308  __printf_flags_wp.o(.text)
    puts                                     0x0800074d   Thumb Code    40  puts.o(.text)
    __aeabi_memcpy                           0x08000779   Thumb Code     0  rt_memcpy_v6.o(.text)
    __rt_memcpy                              0x08000779   Thumb Code   138  rt_memcpy_v6.o(.text)
    _memcpy_lastbytes                        0x080007df   Thumb Code     0  rt_memcpy_v6.o(.text)
    __aeabi_memclr4                          0x08000803   Thumb Code     0  rt_memclr_w.o(.text)
    __aeabi_memclr8                          0x08000803   Thumb Code     0  rt_memclr_w.o(.text)
    __rt_memclr_w                            0x08000803   Thumb Code     0  rt_memclr_w.o(.text)
    _memset_w                                0x08000807   Thumb Code    74  rt_memclr_w.o(.text)
    strcmp                                   0x08000851   Thumb Code   124  strcmpv7m_pel.o(.text)
    __use_two_region_memory                  0x080008cd   Thumb Code     2  heapauxi.o(.text)
    __rt_heap_escrow                         0x080008cf   Thumb Code     2  heapauxi.o(.text)
    __rt_heap_expand                         0x080008d1   Thumb Code     2  heapauxi.o(.text)
    _printf_int_common                       0x080008d3   Thumb Code   178  _printf_intcommon.o(.text)
    _printf_cs_common                        0x08000985   Thumb Code    20  _printf_char.o(.text)
    _printf_char                             0x08000999   Thumb Code    16  _printf_char.o(.text)
    _printf_string                           0x080009a9   Thumb Code     8  _printf_char.o(.text)
    _printf_char_file                        0x080009b1   Thumb Code    32  _printf_char_file.o(.text)
    __aeabi_memcpy4                          0x080009d5   Thumb Code     0  rt_memcpy_w.o(.text)
    __aeabi_memcpy8                          0x080009d5   Thumb Code     0  rt_memcpy_w.o(.text)
    __rt_memcpy_w                            0x080009d5   Thumb Code   100  rt_memcpy_w.o(.text)
    _memcpy_lastbytes_aligned                0x08000a1d   Thumb Code     0  rt_memcpy_w.o(.text)
    _printf_char_common                      0x08000a43   Thumb Code    32  _printf_char_common.o(.text)
    ferror                                   0x08000a69   Thumb Code     8  ferror.o(.text)
    __flsbuf                                 0x08000a71   Thumb Code   470  flsbuf.o(.text)
    __flsbuf_byte                            0x08000a71   Thumb Code     0  flsbuf.o(.text)
    __flsbuf_wide                            0x08000a71   Thumb Code     0  flsbuf.o(.text)
    _initio                                  0x08000c49   Thumb Code   210  initio.o(.text)
    _terminateio                             0x08000d1b   Thumb Code    56  initio.o(.text)
    __user_setup_stackheap                   0x08000d81   Thumb Code    74  sys_stackheap_outer.o(.text)
    malloc                                   0x08000dcb   Thumb Code    94  h1_alloc.o(.text)
    free                                     0x08000e29   Thumb Code    78  h1_free.o(.text)
    setvbuf                                  0x08000e77   Thumb Code    70  setvbuf.o(.text)
    _seterr                                  0x08000ebd   Thumb Code    20  stdio.o(.text)
    _writebuf                                0x08000ed1   Thumb Code    84  stdio.o(.text)
    _fflush                                  0x08000f25   Thumb Code    70  stdio.o(.text)
    _deferredlazyseek                        0x08000f6b   Thumb Code    60  stdio.o(.text)
    freopen                                  0x08000fad   Thumb Code   160  fopen.o(.text)
    fopen                                    0x0800104d   Thumb Code    74  fopen.o(.text)
    _fclose_internal                         0x0800109d   Thumb Code    76  fclose.o(.text)
    fclose                                   0x0800109d   Thumb Code     0  fclose.o(.text)
    exit                                     0x080010e9   Thumb Code    18  exit.o(.text)
    __rt_SIGRTRED                            0x080010fb   Thumb Code    14  defsig_rtred_outer.o(.text)
    __user_libspace                          0x08001109   Thumb Code     8  libspace.o(.text)
    __user_perproc_libspace                  0x08001109   Thumb Code     0  libspace.o(.text)
    __user_perthread_libspace                0x08001109   Thumb Code     0  libspace.o(.text)
    __rt_heap_descriptor                     0x08001111   Thumb Code     8  rt_heap_descriptor_intlibspace.o(.text)
    __use_no_heap                            0x08001119   Thumb Code     2  hguard.o(.text)
    __heap$guard                             0x0800111b   Thumb Code     2  hguard.o(.text)
    _terminate_user_alloc                    0x0800111d   Thumb Code     2  init_alloc.o(.text)
    _init_user_alloc                         0x0800111f   Thumb Code     2  init_alloc.o(.text)
    __Heap_Full                              0x08001121   Thumb Code    34  init_alloc.o(.text)
    __Heap_Broken                            0x08001143   Thumb Code     6  init_alloc.o(.text)
    _init_alloc                              0x08001149   Thumb Code    94  init_alloc.o(.text)
    __Heap_Initialize                        0x080011a7   Thumb Code    10  h1_init.o(.text)
    __Heap_DescSize                          0x080011b1   Thumb Code     4  h1_init.o(.text)
    _fseek                                   0x080011b5   Thumb Code   242  fseek.o(.text)
    fseek                                    0x080011b5   Thumb Code     0  fseek.o(.text)
    __sig_exit                               0x080012ad   Thumb Code    10  defsig_exit.o(.text)
    __rt_SIGRTRED_inner                      0x080012b9   Thumb Code    14  defsig_rtred_inner.o(.text)
    _sys_exit                                0x080012ed   Thumb Code     8  sys_exit.o(.text)
    __Heap_ProvideMemory                     0x080012f9   Thumb Code    52  h1_extend.o(.text)
    _maybe_terminate_alloc                   0x080012f9   Thumb Code     0  maybetermalloc1.o(.text)
    _ftell_internal                          0x0800132d   Thumb Code    66  ftell.o(.text)
    ftell                                    0x0800132d   Thumb Code     0  ftell.o(.text)
    __default_signal_display                 0x0800136f   Thumb Code    50  defsig_general.o(.text)
    __rt_SIGRTMEM                            0x080013a1   Thumb Code    14  defsig_rtmem_outer.o(.text)
    _ttywrch                                 0x080013af   Thumb Code    14  sys_wrch.o(.text)
    __I$use$semihosting                      0x080013bd   Thumb Code     0  use_no_semi.o(.text)
    __use_no_semihosting_swi                 0x080013bd   Thumb Code     2  use_no_semi.o(.text)
    __semihosting_library_function           0x080013bf   Thumb Code     0  indicate_semi.o(.text)
    __aeabi_errno_addr                       0x080013c1   Thumb Code     8  rt_errno_addr_intlibspace.o(.text)
    __errno$intlibspace                      0x080013c1   Thumb Code     0  rt_errno_addr_intlibspace.o(.text)
    __rt_errno_addr$intlibspace              0x080013c1   Thumb Code     0  rt_errno_addr_intlibspace.o(.text)
    __rt_SIGRTMEM_inner                      0x080013c9   Thumb Code    22  defsig_rtmem_inner.o(.text)
    BusFault_Handler                         0x08001419   Thumb Code     2  stm32h7xx_it.o(.text.BusFault_Handler)
    CPU_TS_TmrRd                             0x08001421   Thumb Code    12  core_delay.o(.text.CPU_TS_TmrRd)
    CPU_TS_Tmr_Delay_US                      0x08001431   Thumb Code    66  core_delay.o(.text.CPU_TS_Tmr_Delay_US)
    DebugMon_Handler                         0x08001479   Thumb Code     2  stm32h7xx_it.o(.text.DebugMon_Handler)
    EXTI15_10_IRQHandler                     0x08001481   Thumb Code    12  stm32h7xx_it.o(.text.EXTI15_10_IRQHandler)
    Error_Handler                            0x08001491   Thumb Code    10  main.o(.text.Error_Handler)
    EventRecordData                          0x080014f9   Thumb Code   272  eventrecorder.o(.text.EventRecordData)
    EventRecorderEnable                      0x080016b9   Thumb Code   110  eventrecorder.o(.text.EventRecorderEnable)
    EventRecorderInitialize                  0x08001729   Thumb Code   238  eventrecorder.o(.text.EventRecorderInitialize)
    EventRecorderStart                       0x08001819   Thumb Code    48  eventrecorder.o(.text.EventRecorderStart)
    EventRecorderTimerGetCount               0x08001849   Thumb Code    12  eventrecorder.o(.text.EventRecorderTimerGetCount)
    EventRecorderTimerGetFreq                0x08001859   Thumb Code    12  eventrecorder.o(.text.EventRecorderTimerGetFreq)
    EventRecorderTimerSetup                  0x08001869   Thumb Code    36  eventrecorder.o(.text.EventRecorderTimerSetup)
    FMC_SDRAM_Init                           0x08001891   Thumb Code   142  stm32h7xx_ll_fmc.o(.text.FMC_SDRAM_Init)
    FMC_SDRAM_ProgramRefreshRate             0x08001921   Thumb Code    22  stm32h7xx_ll_fmc.o(.text.FMC_SDRAM_ProgramRefreshRate)
    FMC_SDRAM_SendCommand                    0x08001939   Thumb Code    46  stm32h7xx_ll_fmc.o(.text.FMC_SDRAM_SendCommand)
    FMC_SDRAM_Timing_Init                    0x08001969   Thumb Code   210  stm32h7xx_ll_fmc.o(.text.FMC_SDRAM_Timing_Init)
    GTP_IRQ_Disable                          0x08001c69   Thumb Code     8  bsp_touch_gtxx.o(.text.GTP_IRQ_Disable)
    GTP_Init_Panel                           0x08001c71   Thumb Code    56  bsp_touch_gtxx.o(.text.GTP_Init_Panel)
    GTP_Read_Version                         0x08001cd9   Thumb Code   560  bsp_touch_gtxx.o(.text.GTP_Read_Version)
    GTP_TouchProcess                         0x08001f91   Thumb Code     8  bsp_touch_gtxx.o(.text.GTP_TouchProcess)
    HAL_CRCEx_Polynomial_Set                 0x080021a9   Thumb Code   166  stm32h7xx_hal_crc_ex.o(.text.HAL_CRCEx_Polynomial_Set)
    HAL_CRC_Init                             0x08002251   Thumb Code   120  stm32h7xx_hal_crc.o(.text.HAL_CRC_Init)
    HAL_CRC_MspInit                          0x080022c9   Thumb Code    46  crc.o(.text.HAL_CRC_MspInit)
    HAL_DMA2D_ConfigLayer                    0x080022f9   Thumb Code   194  stm32h7xx_hal_dma2d.o(.text.HAL_DMA2D_ConfigLayer)
    HAL_DMA2D_Init                           0x080023c1   Thumb Code   126  stm32h7xx_hal_dma2d.o(.text.HAL_DMA2D_Init)
    HAL_DMA2D_MspInit                        0x08002441   Thumb Code    50  dma2d.o(.text.HAL_DMA2D_MspInit)
    HAL_GPIO_EXTI_Callback                   0x08002581   Thumb Code     2  stm32h7xx_hal_gpio.o(.text.HAL_GPIO_EXTI_Callback)
    HAL_GPIO_EXTI_IRQHandler                 0x08002589   Thumb Code    24  stm32h7xx_hal_gpio.o(.text.HAL_GPIO_EXTI_IRQHandler)
    HAL_GPIO_Init                            0x080025a1   Thumb Code   416  stm32h7xx_hal_gpio.o(.text.HAL_GPIO_Init)
    HAL_GPIO_TogglePin                       0x08002741   Thumb Code    16  stm32h7xx_hal_gpio.o(.text.HAL_GPIO_TogglePin)
    HAL_GPIO_WritePin                        0x08002751   Thumb Code    10  stm32h7xx_hal_gpio.o(.text.HAL_GPIO_WritePin)
    HAL_GetREVID                             0x08002761   Thumb Code    14  stm32h7xx_hal.o(.text.HAL_GetREVID)
    HAL_GetTick                              0x08002771   Thumb Code    34  core_delay.o(.text.HAL_GetTick)
    HAL_I2CEx_ConfigAnalogFilter             0x08002799   Thumb Code    74  stm32h7xx_hal_i2c_ex.o(.text.HAL_I2CEx_ConfigAnalogFilter)
    HAL_I2CEx_ConfigDigitalFilter            0x080027e9   Thumb Code    72  stm32h7xx_hal_i2c_ex.o(.text.HAL_I2CEx_ConfigDigitalFilter)
    HAL_I2C_Init                             0x08002831   Thumb Code   162  stm32h7xx_hal_i2c.o(.text.HAL_I2C_Init)
    HAL_I2C_Master_Receive                   0x080028d9   Thumb Code   328  stm32h7xx_hal_i2c.o(.text.HAL_I2C_Master_Receive)
    HAL_I2C_Master_Transmit                  0x08002a21   Thumb Code   324  stm32h7xx_hal_i2c.o(.text.HAL_I2C_Master_Transmit)
    HAL_I2C_MspInit                          0x08002b69   Thumb Code   142  i2c.o(.text.HAL_I2C_MspInit)
    HAL_IncTick                              0x08002bf9   Thumb Code    26  stm32h7xx_hal.o(.text.HAL_IncTick)
    HAL_Init                                 0x08002c19   Thumb Code   100  stm32h7xx_hal.o(.text.HAL_Init)
    HAL_InitTick                             0x08002c81   Thumb Code    40  core_delay.o(.text.HAL_InitTick)
    HAL_LTDC_ConfigLayer                     0x08002ca9   Thumb Code   118  stm32h7xx_hal_ltdc.o(.text.HAL_LTDC_ConfigLayer)
    HAL_LTDC_Init                            0x08002d21   Thumb Code   220  stm32h7xx_hal_ltdc.o(.text.HAL_LTDC_Init)
    HAL_LTDC_MspInit                         0x08002e01   Thumb Code   264  ltdc.o(.text.HAL_LTDC_MspInit)
    HAL_MspInit                              0x08002f09   Thumb Code    32  stm32h7xx_hal_msp.o(.text.HAL_MspInit)
    HAL_NVIC_DisableIRQ                      0x08002f29   Thumb Code     8  stm32h7xx_hal_cortex.o(.text.HAL_NVIC_DisableIRQ)
    HAL_NVIC_EnableIRQ                       0x08002f31   Thumb Code     8  stm32h7xx_hal_cortex.o(.text.HAL_NVIC_EnableIRQ)
    HAL_NVIC_SetPriority                     0x08002f39   Thumb Code    30  stm32h7xx_hal_cortex.o(.text.HAL_NVIC_SetPriority)
    HAL_NVIC_SetPriorityGrouping             0x08002f59   Thumb Code     8  stm32h7xx_hal_cortex.o(.text.HAL_NVIC_SetPriorityGrouping)
    HAL_PWREx_ConfigSupply                   0x08002f61   Thumb Code    72  stm32h7xx_hal_pwr_ex.o(.text.HAL_PWREx_ConfigSupply)
    HAL_QSPI_Init                            0x08002fa9   Thumb Code   182  stm32h7xx_hal_qspi.o(.text.HAL_QSPI_Init)
    HAL_QSPI_MspInit                         0x08003061   Thumb Code   226  quadspi.o(.text.HAL_QSPI_MspInit)
    HAL_QSPI_SetTimeout                      0x08003149   Thumb Code     4  stm32h7xx_hal_qspi.o(.text.HAL_QSPI_SetTimeout)
    HAL_RCCEx_GetD3PCLK1Freq                 0x08003151   Thumb Code    38  stm32h7xx_hal_rcc_ex.o(.text.HAL_RCCEx_GetD3PCLK1Freq)
    HAL_RCCEx_GetPLL2ClockFreq               0x08003179   Thumb Code   292  stm32h7xx_hal_rcc_ex.o(.text.HAL_RCCEx_GetPLL2ClockFreq)
    HAL_RCCEx_GetPLL3ClockFreq               0x080032a1   Thumb Code   292  stm32h7xx_hal_rcc_ex.o(.text.HAL_RCCEx_GetPLL3ClockFreq)
    HAL_RCCEx_PeriphCLKConfig                0x080033c9   Thumb Code  2400  stm32h7xx_hal_rcc_ex.o(.text.HAL_RCCEx_PeriphCLKConfig)
    HAL_RCC_ClockConfig                      0x08003d29   Thumb Code   596  stm32h7xx_hal_rcc.o(.text.HAL_RCC_ClockConfig)
    HAL_RCC_GetHCLKFreq                      0x08003f81   Thumb Code    76  stm32h7xx_hal_rcc.o(.text.HAL_RCC_GetHCLKFreq)
    HAL_RCC_GetPCLK1Freq                     0x08003fd1   Thumb Code    38  stm32h7xx_hal_rcc.o(.text.HAL_RCC_GetPCLK1Freq)
    HAL_RCC_GetPCLK2Freq                     0x08003ff9   Thumb Code    38  stm32h7xx_hal_rcc.o(.text.HAL_RCC_GetPCLK2Freq)
    HAL_RCC_GetSysClockFreq                  0x08004021   Thumb Code   264  stm32h7xx_hal_rcc.o(.text.HAL_RCC_GetSysClockFreq)
    HAL_RCC_OscConfig                        0x08004129   Thumb Code  1572  stm32h7xx_hal_rcc.o(.text.HAL_RCC_OscConfig)
    HAL_SDRAM_Init                           0x08004751   Thumb Code    80  stm32h7xx_hal_sdram.o(.text.HAL_SDRAM_Init)
    HAL_SDRAM_MspInit                        0x080047a1   Thumb Code     8  fmc.o(.text.HAL_SDRAM_MspInit)
    HAL_SDRAM_ProgramRefreshRate             0x080047a9   Thumb Code    48  stm32h7xx_hal_sdram.o(.text.HAL_SDRAM_ProgramRefreshRate)
    HAL_SDRAM_SendCommand                    0x080047d9   Thumb Code    62  stm32h7xx_hal_sdram.o(.text.HAL_SDRAM_SendCommand)
    HAL_UARTEx_DisableFifoMode               0x08004819   Thumb Code    54  stm32h7xx_hal_uart_ex.o(.text.HAL_UARTEx_DisableFifoMode)
    HAL_UARTEx_SetRxFifoThreshold            0x08004851   Thumb Code    74  stm32h7xx_hal_uart_ex.o(.text.HAL_UARTEx_SetRxFifoThreshold)
    HAL_UARTEx_SetTxFifoThreshold            0x080048a1   Thumb Code    74  stm32h7xx_hal_uart_ex.o(.text.HAL_UARTEx_SetTxFifoThreshold)
    HAL_UART_Init                            0x080048f1   Thumb Code    98  stm32h7xx_hal_uart.o(.text.HAL_UART_Init)
    HAL_UART_MspInit                         0x08004959   Thumb Code   196  usart.o(.text.HAL_UART_MspInit)
    HardFault_Handler                        0x08004a21   Thumb Code     2  stm32h7xx_it.o(.text.HardFault_Handler)
    I2C_GTP_IRQDisable                       0x08004b11   Thumb Code    76  bsp_i2c_touch.o(.text.I2C_GTP_IRQDisable)
    I2C_GTP_IRQEnable                        0x08004b61   Thumb Code    80  bsp_i2c_touch.o(.text.I2C_GTP_IRQEnable)
    I2C_ReadBytes                            0x08004d29   Thumb Code    36  bsp_i2c_touch.o(.text.I2C_ReadBytes)
    I2C_ResetChip                            0x08004d51   Thumb Code   104  bsp_i2c_touch.o(.text.I2C_ResetChip)
    I2C_Touch_Init                           0x08004db9   Thumb Code    20  bsp_i2c_touch.o(.text.I2C_Touch_Init)
    I2C_WriteBytes                           0x08005011   Thumb Code    36  bsp_i2c_touch.o(.text.I2C_WriteBytes)
    MX_CRC_Init                              0x080051e9   Thumb Code    48  crc.o(.text.MX_CRC_Init)
    MX_DMA2D_Init                            0x08005219   Thumb Code    80  dma2d.o(.text.MX_DMA2D_Init)
    MX_FMC_Init                              0x08005269   Thumb Code    98  fmc.o(.text.MX_FMC_Init)
    MX_GPIO_Init                             0x080052d1   Thumb Code   390  gpio.o(.text.MX_GPIO_Init)
    MX_I2C1_Init                             0x08005459   Thumb Code   104  i2c.o(.text.MX_I2C1_Init)
    MX_LTDC_Init                             0x080054c1   Thumb Code   160  ltdc.o(.text.MX_LTDC_Init)
    MX_QUADSPI_Init                          0x08005561   Thumb Code    66  quadspi.o(.text.MX_QUADSPI_Init)
    MX_SDRAM_InitEx                          0x080055a9   Thumb Code   142  main.o(.text.MX_SDRAM_InitEx)
    MX_UART4_Init                            0x08005639   Thumb Code   122  usart.o(.text.MX_UART4_Init)
    MemManage_Handler                        0x080056b9   Thumb Code     2  stm32h7xx_it.o(.text.MemManage_Handler)
    NMI_Handler                              0x080056c1   Thumb Code     2  stm32h7xx_it.o(.text.NMI_Handler)
    PendSV_Handler                           0x080056f9   Thumb Code     2  stm32h7xx_it.o(.text.PendSV_Handler)
    SVC_Handler                              0x080059b1   Thumb Code     2  stm32h7xx_it.o(.text.SVC_Handler)
    SysTick_Handler                          0x080059b9   Thumb Code     8  stm32h7xx_it.o(.text.SysTick_Handler)
    SystemClock_Config                       0x080059c1   Thumb Code   212  main.o(.text.SystemClock_Config)
    SystemInit                               0x08005a99   Thumb Code   204  system_stm32h7xx.o(.text.SystemInit)
    UART_AdvFeatureConfig                    0x08005bc1   Thumb Code   224  stm32h7xx_hal_uart.o(.text.UART_AdvFeatureConfig)
    UART_CheckIdleState                      0x08005ca1   Thumb Code   106  stm32h7xx_hal_uart.o(.text.UART_CheckIdleState)
    UART_SetConfig                           0x08005d11   Thumb Code  1410  stm32h7xx_hal_uart.o(.text.UART_SetConfig)
    UART_WaitOnFlagUntilTimeout              0x08006299   Thumb Code   236  stm32h7xx_hal_uart.o(.text.UART_WaitOnFlagUntilTimeout)
    UsageFault_Handler                       0x080063b1   Thumb Code     2  stm32h7xx_it.o(.text.UsageFault_Handler)
    _sys_close                               0x08006459   Thumb Code    18  retarget_io.o(.text._sys_close)
    _sys_flen                                0x08006471   Thumb Code     4  retarget_io.o(.text._sys_flen)
    _sys_istty                               0x08006479   Thumb Code    16  retarget_io.o(.text._sys_istty)
    _sys_open                                0x08006489   Thumb Code    76  retarget_io.o(.text._sys_open)
    _sys_seek                                0x080064f1   Thumb Code     6  retarget_io.o(.text._sys_seek)
    _sys_write                               0x080064f9   Thumb Code    46  retarget_io.o(.text._sys_write)
    main                                     0x080065c9   Thumb Code   120  main.o(.text.main)
    _is_digit                                0x08006689   Thumb Code    14  __printf_wp.o(i._is_digit)
    fputc                                    0x08006697   Thumb Code    26  fputc.o(i.fputc)
    _fp_init                                 0x080066b1   Thumb Code    26  fpinit.o(x$fpl$fpinit)
    __fplib_config_fpu_vfp                   0x080066c9   Thumb Code     0  fpinit.o(x$fpl$fpinit)
    __fplib_config_pureend_doubles           0x080066c9   Thumb Code     0  fpinit.o(x$fpl$fpinit)
    D1CorePrescTable                         0x08006703   Data          16  system_stm32h7xx.o(.rodata.D1CorePrescTable)
    EventRecorderInfo                        0x08006714   Data          24  eventrecorder.o(.rodata.EventRecorderInfo)
    UARTPrescTable                           0x0800672c   Data          24  stm32h7xx_hal_uart.o(.rodata.UARTPrescTable)
    __stderr_name                            0x08006744   Data           8  retarget_io.o(.rodata.__stderr_name)
    __stdin_name                             0x0800674c   Data           7  retarget_io.o(.rodata.__stdin_name)
    __stdout_name                            0x08006753   Data           8  retarget_io.o(.rodata.__stdout_name)
    touch_param                              0x080068fe   Data          30  bsp_touch_gtxx.o(.rodata.touch_param)
    Region$$Table$$Base                      0x0800691c   Number         0  anon$$obj.o(Region$$Table)
    Region$$Table$$Limit                     0x0800693c   Number         0  anon$$obj.o(Region$$Table)
    __aeabi_stdin                            0x24000000   Data           4  stdio_streams.o(.data)
    __aeabi_stdout                           0x24000004   Data           4  stdio_streams.o(.data)
    __aeabi_stderr                           0x24000008   Data           4  stdio_streams.o(.data)
    SystemCoreClock                          0x2400000c   Data           4  system_stm32h7xx.o(.data.SystemCoreClock)
    SystemD2Clock                            0x24000010   Data           4  system_stm32h7xx.o(.data.SystemD2Clock)
    touchIC                                  0x24000014   Data           1  bsp_touch_gtxx.o(.data.touchIC)
    uwTickFreq                               0x24000015   Data           1  stm32h7xx_hal.o(.data.uwTickFreq)
    uwTickPrio                               0x24000018   Data           4  stm32h7xx_hal.o(.data.uwTickPrio)
    __stdin                                  0x24000040   Data          84  stdio_streams.o(.bss)
    __stdout                                 0x24000094   Data          84  stdio_streams.o(.bss)
    __stderr                                 0x240000e8   Data          84  stdio_streams.o(.bss)
    __libspace_start                         0x2400013c   Data          96  libspace.o(.bss)
    __temporary_stack_top$libspace           0x2400019c   Data           0  libspace.o(.bss)
    I2C_Handle                               0x240001a4   Data          76  bsp_i2c_touch.o(.bss.I2C_Handle)
    hcrc                                     0x240001f0   Data          36  crc.o(.bss.hcrc)
    hdma2d                                   0x24000214   Data         104  dma2d.o(.bss.hdma2d)
    hi2c1                                    0x2400027c   Data          76  i2c.o(.bss.hi2c1)
    hltdc                                    0x240002c8   Data         168  ltdc.o(.bss.hltdc)
    hqspi                                    0x24000370   Data          76  quadspi.o(.bss.hqspi)
    hsdram1                                  0x240003bc   Data          52  fmc.o(.bss.hsdram1)
    huart4                                   0x240003f0   Data         144  usart.o(.bss.huart4)
    uwTick                                   0x24000930   Data           4  stm32h7xx_hal.o(.bss.uwTick)



==============================================================================

Memory Map of the image

  Image Entry point : 0x08000299

  Load Region LR_IROM1 (Base: 0x08000000, Size: 0x00006980, Max: 0x00020000, ABSOLUTE)

    Execution Region ER_IROM1 (Exec base: 0x08000000, Load base: 0x08000000, Size: 0x0000693c, Max: 0x00020000, ABSOLUTE)

    Exec Addr    Load Addr    Size         Type   Attr      Idx    E Section Name        Object

    0x08000000   0x08000000   0x00000298   Data   RO            3    RESET               startup_stm32h750xx.o
    0x08000298   0x08000298   0x00000008   Code   RO         1944  * !!!main             c_w.l(__main.o)
    0x080002a0   0x080002a0   0x00000034   Code   RO         2302    !!!scatter          c_w.l(__scatter.o)
    0x080002d4   0x080002d4   0x0000001a   Code   RO         2304    !!handler_copy      c_w.l(__scatter_copy.o)
    0x080002ee   0x080002ee   0x00000002   PAD
    0x080002f0   0x080002f0   0x0000001c   Code   RO         2306    !!handler_zi        c_w.l(__scatter_zi.o)
    0x0800030c   0x0800030c   0x00000000   Code   RO         1931    .ARM.Collect$$_printf_percent$$00000000  c_w.l(_printf_percent.o)
    0x0800030c   0x0800030c   0x00000006   Code   RO         1930    .ARM.Collect$$_printf_percent$$00000009  c_w.l(_printf_d.o)
    0x08000312   0x08000312   0x00000006   Code   RO         1929    .ARM.Collect$$_printf_percent$$0000000C  c_w.l(_printf_x.o)
    0x08000318   0x08000318   0x00000006   Code   RO         1928    .ARM.Collect$$_printf_percent$$00000013  c_w.l(_printf_c.o)
    0x0800031e   0x0800031e   0x00000004   Code   RO         1957    .ARM.Collect$$_printf_percent$$00000017  c_w.l(_printf_percent_end.o)
    0x08000322   0x08000322   0x00000002   Code   RO         2109    .ARM.Collect$$libinit$$00000000  c_w.l(libinit.o)
    0x08000324   0x08000324   0x00000004   Code   RO         2110    .ARM.Collect$$libinit$$00000001  c_w.l(libinit2.o)
    0x08000328   0x08000328   0x00000000   Code   RO         2113    .ARM.Collect$$libinit$$00000004  c_w.l(libinit2.o)
    0x08000328   0x08000328   0x00000008   Code   RO         2114    .ARM.Collect$$libinit$$00000005  c_w.l(libinit2.o)
    0x08000330   0x08000330   0x00000000   Code   RO         2116    .ARM.Collect$$libinit$$0000000A  c_w.l(libinit2.o)
    0x08000330   0x08000330   0x00000000   Code   RO         2118    .ARM.Collect$$libinit$$0000000C  c_w.l(libinit2.o)
    0x08000330   0x08000330   0x00000000   Code   RO         2120    .ARM.Collect$$libinit$$0000000E  c_w.l(libinit2.o)
    0x08000330   0x08000330   0x00000000   Code   RO         2123    .ARM.Collect$$libinit$$00000011  c_w.l(libinit2.o)
    0x08000330   0x08000330   0x00000000   Code   RO         2125    .ARM.Collect$$libinit$$00000013  c_w.l(libinit2.o)
    0x08000330   0x08000330   0x00000000   Code   RO         2127    .ARM.Collect$$libinit$$00000015  c_w.l(libinit2.o)
    0x08000330   0x08000330   0x00000000   Code   RO         2129    .ARM.Collect$$libinit$$00000017  c_w.l(libinit2.o)
    0x08000330   0x08000330   0x00000000   Code   RO         2131    .ARM.Collect$$libinit$$00000019  c_w.l(libinit2.o)
    0x08000330   0x08000330   0x00000000   Code   RO         2133    .ARM.Collect$$libinit$$0000001B  c_w.l(libinit2.o)
    0x08000330   0x08000330   0x00000000   Code   RO         2135    .ARM.Collect$$libinit$$0000001D  c_w.l(libinit2.o)
    0x08000330   0x08000330   0x00000000   Code   RO         2137    .ARM.Collect$$libinit$$0000001F  c_w.l(libinit2.o)
    0x08000330   0x08000330   0x00000000   Code   RO         2139    .ARM.Collect$$libinit$$00000021  c_w.l(libinit2.o)
    0x08000330   0x08000330   0x00000000   Code   RO         2141    .ARM.Collect$$libinit$$00000023  c_w.l(libinit2.o)
    0x08000330   0x08000330   0x00000004   Code   RO         2142    .ARM.Collect$$libinit$$00000024  c_w.l(libinit2.o)
    0x08000334   0x08000334   0x00000000   Code   RO         2143    .ARM.Collect$$libinit$$00000025  c_w.l(libinit2.o)
    0x08000334   0x08000334   0x00000000   Code   RO         2147    .ARM.Collect$$libinit$$0000002C  c_w.l(libinit2.o)
    0x08000334   0x08000334   0x00000000   Code   RO         2149    .ARM.Collect$$libinit$$0000002E  c_w.l(libinit2.o)
    0x08000334   0x08000334   0x00000000   Code   RO         2151    .ARM.Collect$$libinit$$00000030  c_w.l(libinit2.o)
    0x08000334   0x08000334   0x00000000   Code   RO         2153    .ARM.Collect$$libinit$$00000032  c_w.l(libinit2.o)
    0x08000334   0x08000334   0x00000002   Code   RO         2154    .ARM.Collect$$libinit$$00000033  c_w.l(libinit2.o)
    0x08000336   0x08000336   0x00000002   Code   RO         2283    .ARM.Collect$$libshutdown$$00000000  c_w.l(libshutdown.o)
    0x08000338   0x08000338   0x00000000   Code   RO         2156    .ARM.Collect$$libshutdown$$00000002  c_w.l(libshutdown2.o)
    0x08000338   0x08000338   0x00000004   Code   RO         2157    .ARM.Collect$$libshutdown$$00000003  c_w.l(libshutdown2.o)
    0x0800033c   0x0800033c   0x00000000   Code   RO         2158    .ARM.Collect$$libshutdown$$00000004  c_w.l(libshutdown2.o)
    0x0800033c   0x0800033c   0x00000000   Code   RO         2161    .ARM.Collect$$libshutdown$$00000007  c_w.l(libshutdown2.o)
    0x0800033c   0x0800033c   0x00000000   Code   RO         2164    .ARM.Collect$$libshutdown$$0000000A  c_w.l(libshutdown2.o)
    0x0800033c   0x0800033c   0x00000000   Code   RO         2166    .ARM.Collect$$libshutdown$$0000000C  c_w.l(libshutdown2.o)
    0x0800033c   0x0800033c   0x00000000   Code   RO         2169    .ARM.Collect$$libshutdown$$0000000F  c_w.l(libshutdown2.o)
    0x0800033c   0x0800033c   0x00000002   Code   RO         2170    .ARM.Collect$$libshutdown$$00000010  c_w.l(libshutdown2.o)
    0x0800033e   0x0800033e   0x00000000   Code   RO         1946    .ARM.Collect$$rtentry$$00000000  c_w.l(__rtentry.o)
    0x0800033e   0x0800033e   0x00000000   Code   RO         1973    .ARM.Collect$$rtentry$$00000002  c_w.l(__rtentry2.o)
    0x0800033e   0x0800033e   0x00000006   Code   RO         1985    .ARM.Collect$$rtentry$$00000004  c_w.l(__rtentry4.o)
    0x08000344   0x08000344   0x00000000   Code   RO         1975    .ARM.Collect$$rtentry$$00000009  c_w.l(__rtentry2.o)
    0x08000344   0x08000344   0x00000004   Code   RO         1976    .ARM.Collect$$rtentry$$0000000A  c_w.l(__rtentry2.o)
    0x08000348   0x08000348   0x00000000   Code   RO         1978    .ARM.Collect$$rtentry$$0000000C  c_w.l(__rtentry2.o)
    0x08000348   0x08000348   0x00000008   Code   RO         1979    .ARM.Collect$$rtentry$$0000000D  c_w.l(__rtentry2.o)
    0x08000350   0x08000350   0x00000002   Code   RO         2174    .ARM.Collect$$rtexit$$00000000  c_w.l(rtexit.o)
    0x08000352   0x08000352   0x00000000   Code   RO         2232    .ARM.Collect$$rtexit$$00000002  c_w.l(rtexit2.o)
    0x08000352   0x08000352   0x00000004   Code   RO         2233    .ARM.Collect$$rtexit$$00000003  c_w.l(rtexit2.o)
    0x08000356   0x08000356   0x00000006   Code   RO         2234    .ARM.Collect$$rtexit$$00000004  c_w.l(rtexit2.o)
    0x0800035c   0x0800035c   0x00000040   Code   RO            4    .text               startup_stm32h750xx.o
    0x0800039c   0x0800039c   0x000000f0   Code   RO         1873    .text               c_w.l(lludivv7m.o)
    0x0800048c   0x0800048c   0x00000018   Code   RO         1877    .text               c_w.l(noretval__2printf.o)
    0x080004a4   0x080004a4   0x0000004e   Code   RO         1881    .text               c_w.l(_printf_pad.o)
    0x080004f2   0x080004f2   0x00000052   Code   RO         1883    .text               c_w.l(_printf_str.o)
    0x08000544   0x08000544   0x00000078   Code   RO         1885    .text               c_w.l(_printf_dec.o)
    0x080005bc   0x080005bc   0x00000058   Code   RO         1890    .text               c_w.l(_printf_hex_int.o)
    0x08000614   0x08000614   0x00000138   Code   RO         1920    .text               c_w.l(__printf_flags_wp.o)
    0x0800074c   0x0800074c   0x0000002c   Code   RO         1932    .text               c_w.l(puts.o)
    0x08000778   0x08000778   0x0000008a   Code   RO         1936    .text               c_w.l(rt_memcpy_v6.o)
    0x08000802   0x08000802   0x0000004e   Code   RO         1938    .text               c_w.l(rt_memclr_w.o)
    0x08000850   0x08000850   0x0000007c   Code   RO         1940    .text               c_w.l(strcmpv7m_pel.o)
    0x080008cc   0x080008cc   0x00000006   Code   RO         1942    .text               c_w.l(heapauxi.o)
    0x080008d2   0x080008d2   0x000000b2   Code   RO         1951    .text               c_w.l(_printf_intcommon.o)
    0x08000984   0x08000984   0x0000002c   Code   RO         1953    .text               c_w.l(_printf_char.o)
    0x080009b0   0x080009b0   0x00000024   Code   RO         1955    .text               c_w.l(_printf_char_file.o)
    0x080009d4   0x080009d4   0x00000064   Code   RO         1970    .text               c_w.l(rt_memcpy_w.o)
    0x08000a38   0x08000a38   0x00000030   Code   RO         1989    .text               c_w.l(_printf_char_common.o)
    0x08000a68   0x08000a68   0x00000008   Code   RO         1991    .text               c_w.l(ferror.o)
    0x08000a70   0x08000a70   0x000001d6   Code   RO         1993    .text               c_w.l(flsbuf.o)
    0x08000c46   0x08000c46   0x00000002   PAD
    0x08000c48   0x08000c48   0x00000138   Code   RO         1995    .text               c_w.l(initio.o)
    0x08000d80   0x08000d80   0x0000004a   Code   RO         2005    .text               c_w.l(sys_stackheap_outer.o)
    0x08000dca   0x08000dca   0x0000005e   Code   RO         2011    .text               c_w.l(h1_alloc.o)
    0x08000e28   0x08000e28   0x0000004e   Code   RO         2013    .text               c_w.l(h1_free.o)
    0x08000e76   0x08000e76   0x00000046   Code   RO         2073    .text               c_w.l(setvbuf.o)
    0x08000ebc   0x08000ebc   0x000000f0   Code   RO         2075    .text               c_w.l(stdio.o)
    0x08000fac   0x08000fac   0x000000f0   Code   RO         2080    .text               c_w.l(fopen.o)
    0x0800109c   0x0800109c   0x0000004c   Code   RO         2082    .text               c_w.l(fclose.o)
    0x080010e8   0x080010e8   0x00000012   Code   RO         2092    .text               c_w.l(exit.o)
    0x080010fa   0x080010fa   0x0000000e   Code   RO         2098    .text               c_w.l(defsig_rtred_outer.o)
    0x08001108   0x08001108   0x00000008   Code   RO         2171    .text               c_w.l(libspace.o)
    0x08001110   0x08001110   0x00000008   Code   RO         2181    .text               c_w.l(rt_heap_descriptor_intlibspace.o)
    0x08001118   0x08001118   0x00000004   Code   RO         2183    .text               c_w.l(hguard.o)
    0x0800111c   0x0800111c   0x0000008a   Code   RO         2185    .text               c_w.l(init_alloc.o)
    0x080011a6   0x080011a6   0x0000000e   Code   RO         2189    .text               c_w.l(h1_init.o)
    0x080011b4   0x080011b4   0x000000f8   Code   RO         2205    .text               c_w.l(fseek.o)
    0x080012ac   0x080012ac   0x0000000a   Code   RO         2211    .text               c_w.l(defsig_exit.o)
    0x080012b6   0x080012b6   0x00000002   PAD
    0x080012b8   0x080012b8   0x00000034   Code   RO         2215    .text               c_w.l(defsig_rtred_inner.o)
    0x080012ec   0x080012ec   0x0000000c   Code   RO         2225    .text               c_w.l(sys_exit.o)
    0x080012f8   0x080012f8   0x00000000   Code   RO         2240    .text               c_w.l(maybetermalloc1.o)
    0x080012f8   0x080012f8   0x00000034   Code   RO         2242    .text               c_w.l(h1_extend.o)
    0x0800132c   0x0800132c   0x00000042   Code   RO         2246    .text               c_w.l(ftell.o)
    0x0800136e   0x0800136e   0x00000032   Code   RO         2250    .text               c_w.l(defsig_general.o)
    0x080013a0   0x080013a0   0x0000000e   Code   RO         2252    .text               c_w.l(defsig_rtmem_outer.o)
    0x080013ae   0x080013ae   0x0000000e   Code   RO         2263    .text               c_w.l(sys_wrch.o)
    0x080013bc   0x080013bc   0x00000002   Code   RO         2267    .text               c_w.l(use_no_semi.o)
    0x080013be   0x080013be   0x00000000   Code   RO         2269    .text               c_w.l(indicate_semi.o)
    0x080013be   0x080013be   0x00000002   PAD
    0x080013c0   0x080013c0   0x00000008   Code   RO         2273    .text               c_w.l(rt_errno_addr_intlibspace.o)
    0x080013c8   0x080013c8   0x00000050   Code   RO         2277    .text               c_w.l(defsig_rtmem_inner.o)
    0x08001418   0x08001418   0x00000002   Code   RO          153    .text.BusFault_Handler  stm32h7xx_it.o
    0x0800141a   0x0800141a   0x00000006   PAD
    0x08001420   0x08001420   0x0000000c   Code   RO         1765    .text.CPU_TS_TmrRd  core_delay.o
    0x0800142c   0x0800142c   0x00000004   PAD
    0x08001430   0x08001430   0x00000042   Code   RO         1769    .text.CPU_TS_Tmr_Delay_US  core_delay.o
    0x08001472   0x08001472   0x00000006   PAD
    0x08001478   0x08001478   0x00000002   Code   RO          159    .text.DebugMon_Handler  stm32h7xx_it.o
    0x0800147a   0x0800147a   0x00000006   PAD
    0x08001480   0x08001480   0x0000000c   Code   RO          165    .text.EXTI15_10_IRQHandler  stm32h7xx_it.o
    0x0800148c   0x0800148c   0x00000004   PAD
    0x08001490   0x08001490   0x0000000a   Code   RO           17    .text.Error_Handler  main.o
    0x0800149a   0x0800149a   0x00000006   PAD
    0x080014a0   0x080014a0   0x0000002c   Code   RO         1805    .text.EventCheckFilter  eventrecorder.o
    0x080014cc   0x080014cc   0x00000004   PAD
    0x080014d0   0x080014d0   0x00000028   Code   RO         1791    .text.EventGetTS    eventrecorder.o
    0x080014f8   0x080014f8   0x00000110   Code   RO         1803    .text.EventRecordData  eventrecorder.o
    0x08001608   0x08001608   0x000000ac   Code   RO         1793    .text.EventRecordItem  eventrecorder.o
    0x080016b4   0x080016b4   0x00000004   PAD
    0x080016b8   0x080016b8   0x0000006e   Code   RO         1789    .text.EventRecorderEnable  eventrecorder.o
    0x08001726   0x08001726   0x00000002   PAD
    0x08001728   0x08001728   0x000000ee   Code   RO         1785    .text.EventRecorderInitialize  eventrecorder.o
    0x08001816   0x08001816   0x00000002   PAD
    0x08001818   0x08001818   0x00000030   Code   RO         1795    .text.EventRecorderStart  eventrecorder.o
    0x08001848   0x08001848   0x0000000c   Code   RO         1783    .text.EventRecorderTimerGetCount  eventrecorder.o
    0x08001854   0x08001854   0x00000004   PAD
    0x08001858   0x08001858   0x0000000c   Code   RO         1781    .text.EventRecorderTimerGetFreq  eventrecorder.o
    0x08001864   0x08001864   0x00000004   PAD
    0x08001868   0x08001868   0x00000024   Code   RO         1779    .text.EventRecorderTimerSetup  eventrecorder.o
    0x0800188c   0x0800188c   0x00000004   PAD
    0x08001890   0x08001890   0x0000008e   Code   RO         1212    .text.FMC_SDRAM_Init  stm32h7xx_ll_fmc.o
    0x0800191e   0x0800191e   0x00000002   PAD
    0x08001920   0x08001920   0x00000016   Code   RO         1224    .text.FMC_SDRAM_ProgramRefreshRate  stm32h7xx_ll_fmc.o
    0x08001936   0x08001936   0x00000002   PAD
    0x08001938   0x08001938   0x0000002e   Code   RO         1222    .text.FMC_SDRAM_SendCommand  stm32h7xx_ll_fmc.o
    0x08001966   0x08001966   0x00000002   PAD
    0x08001968   0x08001968   0x000000d2   Code   RO         1214    .text.FMC_SDRAM_Timing_Init  stm32h7xx_ll_fmc.o
    0x08001a3a   0x08001a3a   0x00000006   PAD
    0x08001a40   0x08001a40   0x000000d0   Code   RO         1728    .text.GTP_Get_Info  bsp_touch_gtxx.o
    0x08001b10   0x08001b10   0x0000006c   Code   RO         1708    .text.GTP_I2C_Read  bsp_touch_gtxx.o
    0x08001b7c   0x08001b7c   0x00000004   PAD
    0x08001b80   0x08001b80   0x00000090   Code   RO         1722    .text.GTP_I2C_Test  bsp_touch_gtxx.o
    0x08001c10   0x08001c10   0x00000052   Code   RO         1718    .text.GTP_I2C_Write  bsp_touch_gtxx.o
    0x08001c62   0x08001c62   0x00000006   PAD
    0x08001c68   0x08001c68   0x00000008   Code   RO         1710    .text.GTP_IRQ_Disable  bsp_touch_gtxx.o
    0x08001c70   0x08001c70   0x00000064   Code   RO         1724    .text.GTP_Init_Panel  bsp_touch_gtxx.o
    0x08001cd4   0x08001cd4   0x00000004   PAD
    0x08001cd8   0x08001cd8   0x000002b8   Code   RO         1726    .text.GTP_Read_Version  bsp_touch_gtxx.o
    0x08001f90   0x08001f90   0x00000008   Code   RO         1730    .text.GTP_TouchProcess  bsp_touch_gtxx.o
    0x08001f98   0x08001f98   0x00000028   Code   RO         1742    .text.GTP_Touch_Down  bsp_touch_gtxx.o
    0x08001fc0   0x08001fc0   0x00000018   Code   RO         1740    .text.GTP_Touch_Up  bsp_touch_gtxx.o
    0x08001fd8   0x08001fd8   0x00000008   Code   RO         1807    .text.GetContext    eventrecorder.o
    0x08001fe0   0x08001fe0   0x00000012   Code   RO         1821    .text.GetRecordIndex  eventrecorder.o
    0x08001ff2   0x08001ff2   0x00000006   PAD
    0x08001ff8   0x08001ff8   0x000001b0   Code   RO         1732    .text.Goodix_TS_Work_Func  bsp_touch_gtxx.o
    0x080021a8   0x080021a8   0x000000a6   Code   RO          282    .text.HAL_CRCEx_Polynomial_Set  stm32h7xx_hal_crc_ex.o
    0x0800224e   0x0800224e   0x00000002   PAD
    0x08002250   0x08002250   0x00000078   Code   RO          256    .text.HAL_CRC_Init  stm32h7xx_hal_crc.o
    0x080022c8   0x080022c8   0x0000002e   Code   RO           38    .text.HAL_CRC_MspInit  crc.o
    0x080022f6   0x080022f6   0x00000002   PAD
    0x080022f8   0x080022f8   0x000000c2   Code   RO         1162    .text.HAL_DMA2D_ConfigLayer  stm32h7xx_hal_dma2d.o
    0x080023ba   0x080023ba   0x00000006   PAD
    0x080023c0   0x080023c0   0x0000007e   Code   RO         1114    .text.HAL_DMA2D_Init  stm32h7xx_hal_dma2d.o
    0x0800243e   0x0800243e   0x00000002   PAD
    0x08002440   0x08002440   0x00000032   Code   RO           53    .text.HAL_DMA2D_MspInit  dma2d.o
    0x08002472   0x08002472   0x00000006   PAD
    0x08002478   0x08002478   0x00000104   Code   RO           70    .text.HAL_FMC_MspInit  fmc.o
    0x0800257c   0x0800257c   0x00000004   PAD
    0x08002580   0x08002580   0x00000002   Code   RO          507    .text.HAL_GPIO_EXTI_Callback  stm32h7xx_hal_gpio.o
    0x08002582   0x08002582   0x00000006   PAD
    0x08002588   0x08002588   0x00000018   Code   RO          505    .text.HAL_GPIO_EXTI_IRQHandler  stm32h7xx_hal_gpio.o
    0x080025a0   0x080025a0   0x000001a0   Code   RO          493    .text.HAL_GPIO_Init  stm32h7xx_hal_gpio.o
    0x08002740   0x08002740   0x00000010   Code   RO          501    .text.HAL_GPIO_TogglePin  stm32h7xx_hal_gpio.o
    0x08002750   0x08002750   0x0000000a   Code   RO          499    .text.HAL_GPIO_WritePin  stm32h7xx_hal_gpio.o
    0x0800275a   0x0800275a   0x00000006   PAD
    0x08002760   0x08002760   0x0000000e   Code   RO          823    .text.HAL_GetREVID  stm32h7xx_hal.o
    0x0800276e   0x0800276e   0x00000002   PAD
    0x08002770   0x08002770   0x00000022   Code   RO         1767    .text.HAL_GetTick   core_delay.o
    0x08002792   0x08002792   0x00000006   PAD
    0x08002798   0x08002798   0x0000004a   Code   RO         1068    .text.HAL_I2CEx_ConfigAnalogFilter  stm32h7xx_hal_i2c_ex.o
    0x080027e2   0x080027e2   0x00000006   PAD
    0x080027e8   0x080027e8   0x00000048   Code   RO         1070    .text.HAL_I2CEx_ConfigDigitalFilter  stm32h7xx_hal_i2c_ex.o
    0x08002830   0x08002830   0x000000a2   Code   RO          902    .text.HAL_I2C_Init  stm32h7xx_hal_i2c.o
    0x080028d2   0x080028d2   0x00000006   PAD
    0x080028d8   0x080028d8   0x00000148   Code   RO          920    .text.HAL_I2C_Master_Receive  stm32h7xx_hal_i2c.o
    0x08002a20   0x08002a20   0x00000144   Code   RO          910    .text.HAL_I2C_Master_Transmit  stm32h7xx_hal_i2c.o
    0x08002b64   0x08002b64   0x00000004   PAD
    0x08002b68   0x08002b68   0x0000008e   Code   RO           89    .text.HAL_I2C_MspInit  i2c.o
    0x08002bf6   0x08002bf6   0x00000002   PAD
    0x08002bf8   0x08002bf8   0x0000001a   Code   RO          805    .text.HAL_IncTick   stm32h7xx_hal.o
    0x08002c12   0x08002c12   0x00000006   PAD
    0x08002c18   0x08002c18   0x00000064   Code   RO          795    .text.HAL_Init      stm32h7xx_hal.o
    0x08002c7c   0x08002c7c   0x00000004   PAD
    0x08002c80   0x08002c80   0x00000028   Code   RO         1763    .text.HAL_InitTick  core_delay.o
    0x08002ca8   0x08002ca8   0x00000076   Code   RO         1314    .text.HAL_LTDC_ConfigLayer  stm32h7xx_hal_ltdc.o
    0x08002d1e   0x08002d1e   0x00000002   PAD
    0x08002d20   0x08002d20   0x000000dc   Code   RO         1298    .text.HAL_LTDC_Init  stm32h7xx_hal_ltdc.o
    0x08002dfc   0x08002dfc   0x00000004   PAD
    0x08002e00   0x08002e00   0x00000108   Code   RO          104    .text.HAL_LTDC_MspInit  ltdc.o
    0x08002f08   0x08002f08   0x00000020   Code   RO          174    .text.HAL_MspInit   stm32h7xx_hal_msp.o
    0x08002f28   0x08002f28   0x00000008   Code   RO          198    .text.HAL_NVIC_DisableIRQ  stm32h7xx_hal_cortex.o
    0x08002f30   0x08002f30   0x00000008   Code   RO          194    .text.HAL_NVIC_EnableIRQ  stm32h7xx_hal_cortex.o
    0x08002f38   0x08002f38   0x0000001e   Code   RO          186    .text.HAL_NVIC_SetPriority  stm32h7xx_hal_cortex.o
    0x08002f56   0x08002f56   0x00000002   PAD
    0x08002f58   0x08002f58   0x00000008   Code   RO          182    .text.HAL_NVIC_SetPriorityGrouping  stm32h7xx_hal_cortex.o
    0x08002f60   0x08002f60   0x00000048   Code   RO          707    .text.HAL_PWREx_ConfigSupply  stm32h7xx_hal_pwr_ex.o
    0x08002fa8   0x08002fa8   0x000000b6   Code   RO         1387    .text.HAL_QSPI_Init  stm32h7xx_hal_qspi.o
    0x0800305e   0x0800305e   0x00000002   PAD
    0x08003060   0x08003060   0x000000e2   Code   RO          119    .text.HAL_QSPI_MspInit  quadspi.o
    0x08003142   0x08003142   0x00000006   PAD
    0x08003148   0x08003148   0x00000004   Code   RO         1391    .text.HAL_QSPI_SetTimeout  stm32h7xx_hal_qspi.o
    0x0800314c   0x0800314c   0x00000004   PAD
    0x08003150   0x08003150   0x00000026   Code   RO          348    .text.HAL_RCCEx_GetD3PCLK1Freq  stm32h7xx_hal_rcc_ex.o
    0x08003176   0x08003176   0x00000002   PAD
    0x08003178   0x08003178   0x00000124   Code   RO          344    .text.HAL_RCCEx_GetPLL2ClockFreq  stm32h7xx_hal_rcc_ex.o
    0x0800329c   0x0800329c   0x00000004   PAD
    0x080032a0   0x080032a0   0x00000124   Code   RO          346    .text.HAL_RCCEx_GetPLL3ClockFreq  stm32h7xx_hal_rcc_ex.o
    0x080033c4   0x080033c4   0x00000004   PAD
    0x080033c8   0x080033c8   0x00000960   Code   RO          332    .text.HAL_RCCEx_PeriphCLKConfig  stm32h7xx_hal_rcc_ex.o
    0x08003d28   0x08003d28   0x00000254   Code   RO          300    .text.HAL_RCC_ClockConfig  stm32h7xx_hal_rcc.o
    0x08003f7c   0x08003f7c   0x00000004   PAD
    0x08003f80   0x08003f80   0x0000004c   Code   RO          310    .text.HAL_RCC_GetHCLKFreq  stm32h7xx_hal_rcc.o
    0x08003fcc   0x08003fcc   0x00000004   PAD
    0x08003fd0   0x08003fd0   0x00000026   Code   RO          312    .text.HAL_RCC_GetPCLK1Freq  stm32h7xx_hal_rcc.o
    0x08003ff6   0x08003ff6   0x00000002   PAD
    0x08003ff8   0x08003ff8   0x00000026   Code   RO          314    .text.HAL_RCC_GetPCLK2Freq  stm32h7xx_hal_rcc.o
    0x0800401e   0x0800401e   0x00000002   PAD
    0x08004020   0x08004020   0x00000108   Code   RO          302    .text.HAL_RCC_GetSysClockFreq  stm32h7xx_hal_rcc.o
    0x08004128   0x08004128   0x00000624   Code   RO          298    .text.HAL_RCC_OscConfig  stm32h7xx_hal_rcc.o
    0x0800474c   0x0800474c   0x00000004   PAD
    0x08004750   0x08004750   0x00000050   Code   RO         1238    .text.HAL_SDRAM_Init  stm32h7xx_hal_sdram.o
    0x080047a0   0x080047a0   0x00000008   Code   RO           68    .text.HAL_SDRAM_MspInit  fmc.o
    0x080047a8   0x080047a8   0x00000030   Code   RO         1282    .text.HAL_SDRAM_ProgramRefreshRate  stm32h7xx_hal_sdram.o
    0x080047d8   0x080047d8   0x0000003e   Code   RO         1280    .text.HAL_SDRAM_SendCommand  stm32h7xx_hal_sdram.o
    0x08004816   0x08004816   0x00000002   PAD
    0x08004818   0x08004818   0x00000036   Code   RO         1644    .text.HAL_UARTEx_DisableFifoMode  stm32h7xx_hal_uart_ex.o
    0x0800484e   0x0800484e   0x00000002   PAD
    0x08004850   0x08004850   0x0000004a   Code   RO         1648    .text.HAL_UARTEx_SetRxFifoThreshold  stm32h7xx_hal_uart_ex.o
    0x0800489a   0x0800489a   0x00000006   PAD
    0x080048a0   0x080048a0   0x0000004a   Code   RO         1646    .text.HAL_UARTEx_SetTxFifoThreshold  stm32h7xx_hal_uart_ex.o
    0x080048ea   0x080048ea   0x00000006   PAD
    0x080048f0   0x080048f0   0x00000062   Code   RO         1473    .text.HAL_UART_Init  stm32h7xx_hal_uart.o
    0x08004952   0x08004952   0x00000006   PAD
    0x08004958   0x08004958   0x000000c4   Code   RO          134    .text.HAL_UART_MspInit  usart.o
    0x08004a1c   0x08004a1c   0x00000004   PAD
    0x08004a20   0x08004a20   0x00000002   Code   RO          149    .text.HardFault_Handler  stm32h7xx_it.o
    0x08004a22   0x08004a22   0x00000006   PAD
    0x08004a28   0x08004a28   0x0000001e   Code   RO          926    .text.I2C_Flush_TXDR  stm32h7xx_hal_i2c.o
    0x08004a46   0x08004a46   0x00000002   PAD
    0x08004a48   0x08004a48   0x000000c8   Code   RO         1688    .text.I2C_GPIO_Config  bsp_i2c_touch.o
    0x08004b10   0x08004b10   0x0000004c   Code   RO         1682    .text.I2C_GTP_IRQDisable  bsp_i2c_touch.o
    0x08004b5c   0x08004b5c   0x00000004   PAD
    0x08004b60   0x08004b60   0x00000050   Code   RO         1680    .text.I2C_GTP_IRQEnable  bsp_i2c_touch.o
    0x08004bb0   0x08004bb0   0x00000134   Code   RO         1058    .text.I2C_IsErrorOccurred  stm32h7xx_hal_i2c.o
    0x08004ce4   0x08004ce4   0x00000004   PAD
    0x08004ce8   0x08004ce8   0x00000040   Code   RO         1690    .text.I2C_Mode_Config  bsp_i2c_touch.o
    0x08004d28   0x08004d28   0x00000024   Code   RO         1692    .text.I2C_ReadBytes  bsp_i2c_touch.o
    0x08004d4c   0x08004d4c   0x00000004   PAD
    0x08004d50   0x08004d50   0x00000068   Code   RO         1684    .text.I2C_ResetChip  bsp_i2c_touch.o
    0x08004db8   0x08004db8   0x00000014   Code   RO         1686    .text.I2C_Touch_Init  bsp_i2c_touch.o
    0x08004dcc   0x08004dcc   0x00000004   PAD
    0x08004dd0   0x08004dd0   0x00000048   Code   RO         1738    .text.I2C_Transfer  bsp_touch_gtxx.o
    0x08004e18   0x08004e18   0x0000002e   Code   RO          914    .text.I2C_TransferConfig  stm32h7xx_hal_i2c.o
    0x08004e46   0x08004e46   0x00000002   PAD
    0x08004e48   0x08004e48   0x0000007a   Code   RO          912    .text.I2C_WaitOnFlagUntilTimeout  stm32h7xx_hal_i2c.o
    0x08004ec2   0x08004ec2   0x00000006   PAD
    0x08004ec8   0x08004ec8   0x00000096   Code   RO          922    .text.I2C_WaitOnRXNEFlagUntilTimeout  stm32h7xx_hal_i2c.o
    0x08004f5e   0x08004f5e   0x00000002   PAD
    0x08004f60   0x08004f60   0x0000004c   Code   RO          918    .text.I2C_WaitOnSTOPFlagUntilTimeout  stm32h7xx_hal_i2c.o
    0x08004fac   0x08004fac   0x00000004   PAD
    0x08004fb0   0x08004fb0   0x00000060   Code   RO          916    .text.I2C_WaitOnTXISFlagUntilTimeout  stm32h7xx_hal_i2c.o
    0x08005010   0x08005010   0x00000024   Code   RO         1694    .text.I2C_WriteBytes  bsp_i2c_touch.o
    0x08005034   0x08005034   0x00000004   PAD
    0x08005038   0x08005038   0x00000012   Code   RO         1815    .text.IncrementOverflowTS  eventrecorder.o
    0x0800504a   0x0800504a   0x00000006   PAD
    0x08005050   0x08005050   0x00000012   Code   RO         1829    .text.IncrementRecordsDumped  eventrecorder.o
    0x08005062   0x08005062   0x00000006   PAD
    0x08005068   0x08005068   0x00000012   Code   RO         1827    .text.IncrementRecordsWritten  eventrecorder.o
    0x0800507a   0x0800507a   0x00000006   PAD
    0x08005080   0x08005080   0x00000140   Code   RO         1316    .text.LTDC_SetConfig  stm32h7xx_hal_ltdc.o
    0x080051c0   0x080051c0   0x00000024   Code   RO         1823    .text.LockRecord    eventrecorder.o
    0x080051e4   0x080051e4   0x00000004   PAD
    0x080051e8   0x080051e8   0x00000030   Code   RO           36    .text.MX_CRC_Init   crc.o
    0x08005218   0x08005218   0x00000050   Code   RO           51    .text.MX_DMA2D_Init  dma2d.o
    0x08005268   0x08005268   0x00000062   Code   RO           66    .text.MX_FMC_Init   fmc.o
    0x080052ca   0x080052ca   0x00000006   PAD
    0x080052d0   0x080052d0   0x00000186   Code   RO           27    .text.MX_GPIO_Init  gpio.o
    0x08005456   0x08005456   0x00000002   PAD
    0x08005458   0x08005458   0x00000068   Code   RO           87    .text.MX_I2C1_Init  i2c.o
    0x080054c0   0x080054c0   0x000000a0   Code   RO          102    .text.MX_LTDC_Init  ltdc.o
    0x08005560   0x08005560   0x00000042   Code   RO          117    .text.MX_QUADSPI_Init  quadspi.o
    0x080055a2   0x080055a2   0x00000006   PAD
    0x080055a8   0x080055a8   0x0000008e   Code   RO           15    .text.MX_SDRAM_InitEx  main.o
    0x08005636   0x08005636   0x00000002   PAD
    0x08005638   0x08005638   0x0000007a   Code   RO          132    .text.MX_UART4_Init  usart.o
    0x080056b2   0x080056b2   0x00000006   PAD
    0x080056b8   0x080056b8   0x00000002   Code   RO          151    .text.MemManage_Handler  stm32h7xx_it.o
    0x080056ba   0x080056ba   0x00000006   PAD
    0x080056c0   0x080056c0   0x00000002   Code   RO          147    .text.NMI_Handler   stm32h7xx_it.o
    0x080056c2   0x080056c2   0x00000006   PAD
    0x080056c8   0x080056c8   0x0000002e   Code   RO          192    .text.NVIC_EncodePriority  stm32h7xx_hal_cortex.o
    0x080056f6   0x080056f6   0x00000002   PAD
    0x080056f8   0x080056f8   0x00000002   Code   RO          161    .text.PendSV_Handler  stm32h7xx_it.o
    0x080056fa   0x080056fa   0x00000006   PAD
    0x08005700   0x08005700   0x0000006a   Code   RO         1393    .text.QSPI_WaitFlagStateUntilTimeout  stm32h7xx_hal_qspi.o
    0x0800576a   0x0800576a   0x00000006   PAD
    0x08005770   0x08005770   0x0000011e   Code   RO          334    .text.RCCEx_PLL2_Config  stm32h7xx_hal_rcc_ex.o
    0x0800588e   0x0800588e   0x00000002   PAD
    0x08005890   0x08005890   0x0000011e   Code   RO          336    .text.RCCEx_PLL3_Config  stm32h7xx_hal_rcc_ex.o
    0x080059ae   0x080059ae   0x00000002   PAD
    0x080059b0   0x080059b0   0x00000002   Code   RO          157    .text.SVC_Handler   stm32h7xx_it.o
    0x080059b2   0x080059b2   0x00000006   PAD
    0x080059b8   0x080059b8   0x00000008   Code   RO          163    .text.SysTick_Handler  stm32h7xx_it.o
    0x080059c0   0x080059c0   0x000000d4   Code   RO           13    .text.SystemClock_Config  main.o
    0x08005a94   0x08005a94   0x00000004   PAD
    0x08005a98   0x08005a98   0x000000cc   Code   RO         1665    .text.SystemInit    system_stm32h7xx.o
    0x08005b64   0x08005b64   0x00000004   PAD
    0x08005b68   0x08005b68   0x00000054   Code   RO         1642    .text.UARTEx_SetNbDataToProcess  stm32h7xx_hal_uart_ex.o
    0x08005bbc   0x08005bbc   0x00000004   PAD
    0x08005bc0   0x08005bc0   0x000000e0   Code   RO         1479    .text.UART_AdvFeatureConfig  stm32h7xx_hal_uart.o
    0x08005ca0   0x08005ca0   0x0000006a   Code   RO         1481    .text.UART_CheckIdleState  stm32h7xx_hal_uart.o
    0x08005d0a   0x08005d0a   0x00000006   PAD
    0x08005d10   0x08005d10   0x00000582   Code   RO         1477    .text.UART_SetConfig  stm32h7xx_hal_uart.o
    0x08006292   0x08006292   0x00000006   PAD
    0x08006298   0x08006298   0x000000ec   Code   RO         1495    .text.UART_WaitOnFlagUntilTimeout  stm32h7xx_hal_uart.o
    0x08006384   0x08006384   0x00000004   PAD
    0x08006388   0x08006388   0x00000020   Code   RO         1825    .text.UnlockRecord  eventrecorder.o
    0x080063a8   0x080063a8   0x00000008   Code   RO         1813    .text.UpdateTS      eventrecorder.o
    0x080063b0   0x080063b0   0x00000002   Code   RO          155    .text.UsageFault_Handler  stm32h7xx_it.o
    0x080063b2   0x080063b2   0x00000006   PAD
    0x080063b8   0x080063b8   0x00000028   Code   RO          200    .text.__NVIC_DisableIRQ  stm32h7xx_hal_cortex.o
    0x080063e0   0x080063e0   0x00000020   Code   RO          196    .text.__NVIC_EnableIRQ  stm32h7xx_hal_cortex.o
    0x08006400   0x08006400   0x00000010   Code   RO          188    .text.__NVIC_GetPriorityGrouping  stm32h7xx_hal_cortex.o
    0x08006410   0x08006410   0x00000022   Code   RO          190    .text.__NVIC_SetPriority  stm32h7xx_hal_cortex.o
    0x08006432   0x08006432   0x00000006   PAD
    0x08006438   0x08006438   0x00000020   Code   RO          184    .text.__NVIC_SetPriorityGrouping  stm32h7xx_hal_cortex.o
    0x08006458   0x08006458   0x00000012   Code   RO         1845    .text._sys_close    retarget_io.o
    0x0800646a   0x0800646a   0x00000006   PAD
    0x08006470   0x08006470   0x00000004   Code   RO         1857    .text._sys_flen     retarget_io.o
    0x08006474   0x08006474   0x00000004   PAD
    0x08006478   0x08006478   0x00000010   Code   RO         1853    .text._sys_istty    retarget_io.o
    0x08006488   0x08006488   0x00000064   Code   RO         1843    .text._sys_open     retarget_io.o
    0x080064ec   0x080064ec   0x00000004   PAD
    0x080064f0   0x080064f0   0x00000006   Code   RO         1855    .text._sys_seek     retarget_io.o
    0x080064f6   0x080064f6   0x00000002   PAD
    0x080064f8   0x080064f8   0x0000002e   Code   RO         1847    .text._sys_write    retarget_io.o
    0x08006526   0x08006526   0x00000002   PAD
    0x08006528   0x08006528   0x00000012   Code   RO         1819    .text.atomic_inc32  eventrecorder.o
    0x0800653a   0x0800653a   0x00000006   PAD
    0x08006540   0x08006540   0x0000001c   Code   RO         1831    .text.atomic_inc8   eventrecorder.o
    0x0800655c   0x0800655c   0x00000004   PAD
    0x08006560   0x08006560   0x0000001c   Code   RO         1817    .text.atomic_xch32  eventrecorder.o
    0x0800657c   0x0800657c   0x00000004   PAD
    0x08006580   0x08006580   0x00000048   Code   RO         1787    .text.crc16_ccitt   eventrecorder.o
    0x080065c8   0x080065c8   0x00000080   Code   RO           11    .text.main          main.o
    0x08006648   0x08006648   0x00000040   Code   RO         1849    .text.stdout_putchar  retarget_io.o
    0x08006688   0x08006688   0x0000000e   Code   RO         1918    i._is_digit         c_w.l(__printf_wp.o)
    0x08006696   0x08006696   0x0000001a   Code   RO         1959    i.fputc             c_w.l(fputc.o)
    0x080066b0   0x080066b0   0x0000001a   Code   RO         2221    x$fpl$fpinit        fz_wv.l(fpinit.o)
    0x080066ca   0x080066ca   0x00000028   Data   RO         1891    .constdata          c_w.l(_printf_hex_int.o)
    0x080066f2   0x080066f2   0x00000011   Data   RO         1921    .constdata          c_w.l(__printf_flags_wp.o)
    0x08006703   0x08006703   0x00000010   Data   RO         1671    .rodata.D1CorePrescTable  system_stm32h7xx.o
    0x08006713   0x08006713   0x00000001   PAD
    0x08006714   0x08006714   0x00000018   Data   RO         1834    .rodata.EventRecorderInfo  eventrecorder.o
    0x0800672c   0x0800672c   0x00000018   Data   RO         1613    .rodata.UARTPrescTable  stm32h7xx_hal_uart.o
    0x08006744   0x08006744   0x00000008   Data   RO         1861    .rodata.__stderr_name  retarget_io.o
    0x0800674c   0x0800674c   0x00000007   Data   RO         1859    .rodata.__stdin_name  retarget_io.o
    0x08006753   0x08006753   0x00000008   Data   RO         1860    .rodata.__stdout_name  retarget_io.o
    0x0800675b   0x0800675b   0x00000010   Data   RO         1656    .rodata.cst8        stm32h7xx_hal_uart_ex.o
    0x0800676b   0x0800676b   0x00000192   Data   RO         1751    .rodata.str1.1      bsp_touch_gtxx.o
    0x080068fd   0x080068fd   0x00000001   PAD
    0x080068fe   0x080068fe   0x0000001e   Data   RO         1750    .rodata.touch_param  bsp_touch_gtxx.o
    0x0800691c   0x0800691c   0x00000020   Data   RO         2301    Region$$Table       anon$$obj.o


    Execution Region RW_IRAM1 (Exec base: 0x20000000, Load base: 0x0800693c, Size: 0x00000000, Max: 0x00020000, ABSOLUTE)

    **** No section assigned to this execution region ****


    Execution Region RW_IRAM2 (Exec base: 0x24000000, Load base: 0x08006940, Size: 0x00000f38, Max: 0x00080000, ABSOLUTE)

    Exec Addr    Load Addr    Size         Type   Attr      Idx    E Section Name        Object

    0x24000000   0x08006940   0x00000004   Data   RW         1965    .data               c_w.l(stdio_streams.o)
    0x24000004   0x08006944   0x00000004   Data   RW         1966    .data               c_w.l(stdio_streams.o)
    0x24000008   0x08006948   0x00000004   Data   RW         1967    .data               c_w.l(stdio_streams.o)
    0x2400000c   0x0800694c   0x00000004   Data   RW         1669    .data.SystemCoreClock  system_stm32h7xx.o
    0x24000010   0x08006950   0x00000004   Data   RW         1670    .data.SystemD2Clock  system_stm32h7xx.o
    0x24000014   0x08006954   0x00000001   Data   RW         1749    .data.touchIC       bsp_touch_gtxx.o
    0x24000015   0x08006955   0x00000001   Data   RW          892    .data.uwTickFreq    stm32h7xx_hal.o
    0x24000016   0x08006956   0x00000002   PAD
    0x24000018   0x08006958   0x00000004   Data   RW          891    .data.uwTickPrio    stm32h7xx_hal.o
    0x2400001c   0x0800695c   0x00000024   PAD
    0x24000040        -       0x00000054   Zero   RW         1962    .bss                c_w.l(stdio_streams.o)
    0x24000094        -       0x00000054   Zero   RW         1963    .bss                c_w.l(stdio_streams.o)
    0x240000e8        -       0x00000054   Zero   RW         1964    .bss                c_w.l(stdio_streams.o)
    0x2400013c        -       0x00000060   Zero   RW         2172    .bss                c_w.l(libspace.o)
    0x2400019c        -       0x00000001   Zero   RW           77    .bss.FMC_Initialized  fmc.o
    0x2400019d        -       0x00000005   Zero   RW         1754    .bss.Goodix_TS_Work_Func.pre_id  bsp_touch_gtxx.o
    0x240001a2        -       0x00000002   Zero   RW         1753    .bss.Goodix_TS_Work_Func.pre_touch  bsp_touch_gtxx.o
    0x240001a4        -       0x0000004c   Zero   RW         1697    .bss.I2C_Handle     bsp_i2c_touch.o
    0x240001f0        -       0x00000024   Zero   RW           42    .bss.hcrc           crc.o
    0x24000214        -       0x00000068   Zero   RW           57    .bss.hdma2d         dma2d.o
    0x2400027c        -       0x0000004c   Zero   RW           93    .bss.hi2c1          i2c.o
    0x240002c8        -       0x000000a8   Zero   RW          108    .bss.hltdc          ltdc.o
    0x24000370        -       0x0000004c   Zero   RW          123    .bss.hqspi          quadspi.o
    0x240003bc        -       0x00000034   Zero   RW           76    .bss.hsdram1        fmc.o
    0x240003f0        -       0x00000090   Zero   RW          138    .bss.huart4         usart.o
    0x24000480        -       0x000004a4   Zero   RW         1833    .bss.noinit         eventrecorder.o
    0x24000924        -       0x00000008   Zero   RW         1863    .bss.stdout_putchar.buffer  retarget_io.o
    0x2400092c        -       0x00000004   Zero   RW         1862    .bss.stdout_putchar.index  retarget_io.o
    0x24000930        -       0x00000004   Zero   RW          893    .bss.uwTick         stm32h7xx_hal.o
    0x24000934   0x0800695c   0x00000004   PAD
    0x24000938        -       0x00000200   Zero   RW            2    HEAP                startup_stm32h750xx.o
    0x24000b38        -       0x00000400   Zero   RW            1    STACK               startup_stm32h750xx.o


==============================================================================

Image component sizes


      Code (inc. data)   RO Data    RW Data    ZI Data      Debug   Object Name

       616          0          0          0         76      10674   bsp_i2c_touch.o
      1922        372        432          1          7       9744   bsp_touch_gtxx.o
       152          0          0          0          0       1491   core_delay.o
        94          0          0          0         36       3697   crc.o
       130          0          0          0        104       4378   dma2d.o
      1286          0         24          0       1188      10440   eventrecorder.o
       366          0          0          0         53       8206   fmc.o
       390          0          0          0          0       6291   gpio.o
       246          0          0          0         76       7907   i2c.o
       424          0          0          0        168       6752   ltdc.o
       492          8          0          0          0       5622   main.o
       292          0          0          0         76       7916   quadspi.o
       254         24         23          0         12       2799   retarget_io.o
        64         26        664          0       1536        812   startup_stm32h750xx.o
       140          0          0          5          4      14982   stm32h7xx_hal.o
       254          0          0          0          0      12714   stm32h7xx_hal_cortex.o
       120          0          0          0          0       5003   stm32h7xx_hal_crc.o
       166          4          0          0          0       2754   stm32h7xx_hal_crc_ex.o
       320          0          0          0          0      14456   stm32h7xx_hal_dma2d.o
       468          0          0          0          0       6966   stm32h7xx_hal_gpio.o
      1642          0          0          0          0      40786   stm32h7xx_hal_i2c.o
       146          0          0          0          0       7566   stm32h7xx_hal_i2c_ex.o
       658         32          0          0          0      15057   stm32h7xx_hal_ltdc.o
        32          0          0          0          0       2200   stm32h7xx_hal_msp.o
        72          0          0          0          0      10555   stm32h7xx_hal_pwr_ex.o
       292          0          0          0          0      17556   stm32h7xx_hal_qspi.o
      2584         16          0          0          0      11350   stm32h7xx_hal_rcc.o
      3594        122          0          0          0      17139   stm32h7xx_hal_rcc_ex.o
       190          0          0          0          0      13116   stm32h7xx_hal_sdram.o
      2074        382         24          0          0      35635   stm32h7xx_hal_uart.o
       286          0         16          0          0      10224   stm32h7xx_hal_uart_ex.o
        36          0          0          0          0       1234   stm32h7xx_it.o
       420          0          0          0          0       9064   stm32h7xx_ll_fmc.o
       204          0         16          8          0       5856   system_stm32h7xx.o
       318          0          0          0        144       8056   usart.o

    ----------------------------------------------------------------------
     21168       1002       1233         16       3520     348998   Object Totals
         0          0         32          0          0          0   (incl. Generated)
       424         16          2          2         40          0   (incl. Padding)

    ----------------------------------------------------------------------

      Code (inc. data)   RO Data    RW Data    ZI Data      Debug   Library Member Name

         8          0          0          0          0         68   __main.o
       312          4         17          0          0         92   __printf_flags_wp.o
        14          0          0          0          0         68   __printf_wp.o
         0          0          0          0          0          0   __rtentry.o
        12          0          0          0          0          0   __rtentry2.o
         6          0          0          0          0          0   __rtentry4.o
        52          8          0          0          0          0   __scatter.o
        26          0          0          0          0          0   __scatter_copy.o
        28          0          0          0          0          0   __scatter_zi.o
         6          0          0          0          0          0   _printf_c.o
        44          0          0          0          0        108   _printf_char.o
        48          6          0          0          0         96   _printf_char_common.o
        36          4          0          0          0         80   _printf_char_file.o
         6          0          0          0          0          0   _printf_d.o
       120         16          0          0          0         92   _printf_dec.o
        88          4         40          0          0         88   _printf_hex_int.o
       178          0          0          0          0         88   _printf_intcommon.o
        78          0          0          0          0        108   _printf_pad.o
         0          0          0          0          0          0   _printf_percent.o
         4          0          0          0          0          0   _printf_percent_end.o
        82          0          0          0          0         80   _printf_str.o
         6          0          0          0          0          0   _printf_x.o
        10          0          0          0          0         68   defsig_exit.o
        50          0          0          0          0         88   defsig_general.o
        80         58          0          0          0         76   defsig_rtmem_inner.o
        14          0          0          0          0         80   defsig_rtmem_outer.o
        52         38          0          0          0         76   defsig_rtred_inner.o
        14          0          0          0          0         80   defsig_rtred_outer.o
        18          0          0          0          0         80   exit.o
        76          0          0          0          0         88   fclose.o
         8          0          0          0          0         68   ferror.o
       470          0          0          0          0         88   flsbuf.o
       240          6          0          0          0        128   fopen.o
        26          0          0          0          0         68   fputc.o
       248          6          0          0          0         84   fseek.o
        66          0          0          0          0         76   ftell.o
        94          0          0          0          0         80   h1_alloc.o
        52          0          0          0          0         68   h1_extend.o
        78          0          0          0          0         80   h1_free.o
        14          0          0          0          0         84   h1_init.o
         6          0          0          0          0        152   heapauxi.o
         4          0          0          0          0        136   hguard.o
         0          0          0          0          0          0   indicate_semi.o
       138          0          0          0          0        168   init_alloc.o
       312         46          0          0          0        112   initio.o
         2          0          0          0          0          0   libinit.o
        18          0          0          0          0          0   libinit2.o
         2          0          0          0          0          0   libshutdown.o
         6          0          0          0          0          0   libshutdown2.o
         8          4          0          0         96         68   libspace.o
       240          0          0          0          0        100   lludivv7m.o
         0          0          0          0          0          0   maybetermalloc1.o
        24          4          0          0          0         84   noretval__2printf.o
        44          4          0          0          0         84   puts.o
         8          4          0          0          0         68   rt_errno_addr_intlibspace.o
         8          4          0          0          0         68   rt_heap_descriptor_intlibspace.o
        78          0          0          0          0         80   rt_memclr_w.o
       138          0          0          0          0         68   rt_memcpy_v6.o
       100          0          0          0          0         80   rt_memcpy_w.o
         2          0          0          0          0          0   rtexit.o
        10          0          0          0          0          0   rtexit2.o
        70          0          0          0          0         80   setvbuf.o
       240          6          0          0          0        156   stdio.o
         0          0          0         12        252          0   stdio_streams.o
       124          0          0          0          0         88   strcmpv7m_pel.o
        12          4          0          0          0         68   sys_exit.o
        74          0          0          0          0         80   sys_stackheap_outer.o
        14          0          0          0          0         76   sys_wrch.o
         2          0          0          0          0         68   use_no_semi.o
        26          0          0          0          0        116   fpinit.o

    ----------------------------------------------------------------------
      4482        226         57         12        348       4428   Library Totals
         8          0          0          0          0          0   (incl. Padding)

    ----------------------------------------------------------------------

      Code (inc. data)   RO Data    RW Data    ZI Data      Debug   Library Name

      4448        226         57         12        348       4312   c_w.l
        26          0          0          0          0        116   fz_wv.l

    ----------------------------------------------------------------------
      4482        226         57         12        348       4428   Library Totals

    ----------------------------------------------------------------------

==============================================================================


      Code (inc. data)   RO Data    RW Data    ZI Data      Debug   

     25650       1228       1290         28       3868     350374   Grand Totals
     25650       1228       1290         28       3868     350374   ELF Image Totals
     25650       1228       1290         28          0          0   ROM Totals

==============================================================================

    Total RO  Size (Code + RO Data)                26940 (  26.31kB)
    Total RW  Size (RW Data + ZI Data)              3896 (   3.80kB)
    Total ROM Size (Code + RO Data + RW Data)      26968 (  26.34kB)

==============================================================================

