<html>
<body>
<pre>
<h1>µVision Build Log</h1>
<h2>Tool Versions:</h2>
IDE-Version: ¦ÌVision V5.36.0.0
Copyright (C) 2021 ARM Ltd and ARM Germany GmbH. All rights reserved.
License Information: m fl, tjut, LIC=JL28G-VCA50-AR6XW-QN2AA-5TI53-VJ3MT
 
Tool Versions:
Toolchain:       MDK-ARM Plus  Version: 5.36.0.0
Toolchain Path:  D:\Program Files\Keil\Core\ARM\ARMCLANG\Bin
C Compiler:      ArmClang.exe V6.16
Assembler:       Armasm.exe V6.16
Linker/Locator:  ArmLink.exe V6.16
Library Manager: ArmAr.exe V6.16
Hex Converter:   FromElf.exe V6.16
CPU DLL:         SARMCM3.DLL V5.36.0.0
Dialog DLL:      DCM.DLL V1.17.3.0
Target DLL:      Segger\JL2CM3.dll V2.99.40.0
Dialog DLL:      TCM.DLL V1.53.0.0
 
<h2>Project:</h2>
G:\artpi-template-lvgl8.0\MDK-ARM\artpi-template.uvprojx
Project File Date:  03/23/2022

<h2>Output:</h2>
*** Using Compiler 'V6.16', folder: 'D:\Program Files\Keil\Core\ARM\ARMCLANG\Bin'
Build target 'artpi-template'
compiling lv_disp.c...
compiling lv_group.c...
compiling lv_indev_scroll.c...
compiling lv_obj_class.c...
compiling lv_event.c...
compiling lv_obj_draw.c...
compiling lv_indev.c...
compiling lv_obj.c...
compiling lv_obj_scroll.c...
compiling lv_obj_style_gen.c...
compiling lv_draw.c...
compiling lv_obj_pos.c...
compiling lv_obj_style.c...
compiling lv_obj_tree.c...
compiling lv_refr.c...
compiling lv_theme.c...
compiling lv_draw_img.c...
compiling lv_draw_arc.c...
compiling lv_draw_line.c...
compiling lv_draw_label.c...
compiling lv_draw_rect.c...
compiling lv_draw_triangle.c...
compiling lv_img_buf.c...
compiling lv_draw_sw_blend.c...
compiling lv_draw_mask.c...
compiling lv_img_decoder.c...
compiling lv_img_cache.c...
compiling lv_draw_sw_dither.c...
compiling lv_draw_sw.c...
compiling lv_gpu_stm32_dma2d.c...
compiling lv_draw_sw_arc.c...
compiling lv_draw_sw_img.c...
compiling lv_draw_sw_gradient.c...
compiling lv_draw_sdl.c...
compiling lv_draw_sdl_arc.c...
compiling lv_draw_sdl_bg.c...
compiling lv_draw_sw_line.c...
compiling lv_draw_sdl_composite.c...
compiling lv_draw_sw_letter.c...
compiling lv_draw_sw_rect.c...
compiling lv_draw_sdl_img.c...
compiling lv_draw_sdl_label.c...
compiling lv_draw_sw_polygon.c...
compiling lv_draw_sdl_stack_blur.c...
compiling lv_draw_sdl_utils.c...
compiling lv_gpu_nxp_vglite.c...
compiling lv_draw_sdl_rect.c...
compiling lv_draw_sdl_polygon.c...
compiling lv_draw_sdl_line.c...
compiling lv_draw_sdl_mask.c...
compiling lv_draw_sdl_texture_cache.c...
compiling lv_gpu_nxp_pxp_osa.c...
compiling lv_gpu_nxp_pxp.c...
compiling lv_theme_mono.c...
compiling lv_animimg.c...
compiling lv_extra.c...
compiling lv_grid.c...
compiling lv_theme_default.c...
compiling lv_theme_basic.c...
compiling lv_flex.c...
compiling lv_gpu_arm2d.c...
compiling lv_calendar_header_dropdown.c...
compiling lv_chart.c...
compiling lv_colorwheel.c...
compiling lv_led.c...
compiling lv_calendar_header_arrow.c...
compiling lv_imgbtn.c...
compiling lv_keyboard.c...
compiling lv_calendar.c...
compiling lv_menu.c...
compiling lv_span.c...
compiling lv_meter.c...
compiling lv_list.c...
compiling lv_msgbox.c...
compiling lv_spinner.c...
compiling lv_spinbox.c...
compiling lv_tabview.c...
compiling lv_font_loader.c...
compiling lv_font_simsun_16_cjk.c...
compiling lv_font_montserrat_8.c...
compiling lv_tileview.c...
compiling lv_font.c...
compiling lv_win.c...
compiling lv_font_fmt_txt.c...
compiling lv_font_dejavu_16_persian_hebrew.c...
compiling lv_hal_tick.c...
compiling lv_hal_indev.c...
compiling lv_anim_timeline.c...
compiling lv_anim.c...
compiling lv_hal_disp.c...
compiling lv_async.c...
compiling lv_area.c...
compiling lv_font_unscii_8.c...
compiling lv_font_unscii_16.c...
compiling lv_log.c...
compiling lv_ll.c...
compiling lv_gc.c...
compiling lv_bidi.c...
compiling lv_color.c...
compiling lv_lru.c...
compiling lv_fs.c...
compiling lv_style_gen.c...
compiling lv_mem.c...
compiling lv_printf.c...
compiling lv_style.c...
compiling lv_math.c...
compiling lv_timer.c...
compiling lv_bar.c...
compiling lv_btn.c...
compiling lv_txt.c...
compiling lv_arc.c...
compiling lv_txt_ap.c...
compiling lv_btnmatrix.c...
compiling lv_tlsf.c...
compiling lv_canvas.c...
compiling lv_checkbox.c...
compiling lv_line.c...
compiling lv_switch.c...
compiling lv_img.c...
compiling lv_slider.c...
compiling lv_roller.c...
compiling lv_dropdown.c...
compiling lv_label.c...
compiling lv_font_montserrat_10.c...
compiling lv_textarea.c...
compiling lv_table.c...
compiling lv_font_montserrat_12.c...
compiling lv_font_montserrat_12_subpx.c...
compiling lv_font_montserrat_18.c...
compiling lv_font_montserrat_14.c...
compiling lv_font_montserrat_16.c...
compiling lv_font_montserrat_20.c...
compiling lv_font_montserrat_22.c...
compiling lv_font_montserrat_24.c...
compiling lv_font_montserrat_26.c...
compiling lv_font_montserrat_28.c...
compiling lv_font_montserrat_30.c...
compiling lv_font_montserrat_28_compressed.c...
compiling lv_font_montserrat_32.c...
compiling lv_font_montserrat_34.c...
compiling lv_font_montserrat_40.c...
compiling lv_font_montserrat_38.c...
compiling lv_font_montserrat_42.c...
compiling lv_font_montserrat_36.c...
compiling lv_font_montserrat_44.c...
compiling lv_font_montserrat_48.c...
compiling lv_font_montserrat_46.c...
compiling img_benchmark_cogwheel_alpha16.c...
compiling lv_demo_benchmark.c...
compiling img_benchmark_cogwheel_indexed16.c...
compiling img_benchmark_cogwheel_chroma_keyed.c...
compiling img_benchmark_cogwheel_argb.c...
compiling lv_font_bechmark_montserrat_12_compr_az.c.c...
compiling lv_font_bechmark_montserrat_16_compr_az.c.c...
compiling img_benchmark_cogwheel_rgb.c...
compiling lv_font_bechmark_montserrat_28_compr_az.c.c...
compiling img_lvgl_logo.c...
compiling lv_demo_stress.c...
compiling img_clothes.c...
compiling lv_demo_music.c...
compiling lv_demo_music_list.c...
compiling lv_demo_widgets.c...
compiling img_lv_demo_music_btn_list_pause_large.c...
compiling img_lv_demo_music_btn_list_play_large.c...
compiling img_demo_widgets_avatar.c...
compiling img_lv_demo_music_btn_corner_large.c...
compiling img_lv_demo_music_btn_list_pause.c...
compiling img_lv_demo_music_btn_loop.c...
compiling lv_demo_music_main.c...
compiling img_lv_demo_music_btn_list_play.c...
compiling img_lv_demo_music_btn_loop_large.c...
compiling img_lv_demo_music_btn_play.c...
compiling img_lv_demo_music_btn_prev.c...
compiling img_lv_demo_music_btn_play_large.c...
compiling img_lv_demo_music_btn_pause_large.c...
compiling img_lv_demo_music_btn_next_large.c...
compiling img_lv_demo_music_btn_pause.c...
compiling img_lv_demo_music_btn_next.c...
compiling img_lv_demo_music_corner_left_large.c...
compiling img_lv_demo_music_corner_left.c...
compiling img_lv_demo_music_btn_rnd.c...
compiling img_lv_demo_music_cover_1.c...
compiling img_lv_demo_music_corner_right_large.c...
compiling img_lv_demo_music_btn_prev_large.c...
compiling img_lv_demo_music_corner_right.c...
compiling img_lv_demo_music_btn_rnd_large.c...
compiling img_lv_demo_music_icon_1.c...
compiling img_lv_demo_music_icon_1_large.c...
compiling img_lv_demo_music_icon_2.c...
compiling img_lv_demo_music_cover_2.c...
compiling img_lv_demo_music_cover_3.c...
compiling img_lv_demo_music_cover_2_large.c...
compiling img_lv_demo_music_cover_3_large.c...
compiling img_lv_demo_music_cover_1_large.c...
compiling img_lv_demo_music_icon_3.c...
compiling img_lv_demo_music_icon_3_large.c...
compiling img_lv_demo_music_icon_4_large.c...
compiling img_lv_demo_music_logo.c...
compiling img_lv_demo_music_list_border.c...
compiling img_lv_demo_music_icon_4.c...
compiling img_lv_demo_music_icon_2_large.c...
compiling img_lv_demo_music_list_border_large.c...
compiling img_lv_demo_music_slider_knob_large.c...
compiling img_lv_demo_music_slider_knob.c...
compiling img_lv_demo_music_wave_top_large.c...
compiling img_lv_demo_music_wave_bottom_large.c...
compiling img_lv_demo_music_wave_top.c...
compiling img_lv_demo_music_wave_bottom.c...
compiling bsp_touch_gtxx.c...
compiling main.c...
linking...
Program Size: Code=337492 RO-data=413036 RW-data=768756 ZI-data=71484  
FromELF: creating hex file...
"artpi-template\artpi-template.axf" - 0 Error(s), 0 Warning(s).

<h2>Software Packages used:</h2>

Package Vendor: ARM
                http://www.keil.com/pack/ARM.CMSIS.5.8.0.pack
                ARM.CMSIS.5.8.0
                CMSIS (Common Microcontroller Software Interface Standard)
   * Component: CORE Version: 5.5.0

Package Vendor: GorgonMeducer
                https://raw.githubusercontent.com/GorgonMeducer/perf_counter/CMSIS-Pack/cmsis-pack/GorgonMeducer.perf_counter.1.9.3.pack
                GorgonMeducer.perf_counter.1.9.3
                A dedicated performance counter for the Cortex-M Systick. It shares the SysTick with users' original SysTick function without interfering with it. This library will bring new functionalities, such as performance counter, delay_us and clock() service defined in time.h
   * Component: Core Variant: Library Version: 1.9.3

Package Vendor: Keil
                http://www.keil.com/pack/Keil.ARM_Compiler.1.6.3.pack
                Keil.ARM_Compiler.1.6.3
                Keil ARM Compiler extensions for ARM Compiler 5 and ARM Compiler 6
   * Component: Event Recorder Variant: DAP Version: 1.4.0
   * Component: STDOUT Variant: EVR Version: 1.2.0

Package Vendor: Keil
                http://www.keil.com/pack/Keil.STM32H7xx_DFP.2.8.0.pack
                Keil.STM32H7xx_DFP.2.8.0
                STMicroelectronics STM32H7 Series Device Support and Examples

<h2>Collection of Component include folders:</h2>
  .\RTE\Compiler
  .\RTE\_artpi-template
  D:\Program Files\Keil\Packs\ARM\CMSIS\5.8.0\CMSIS\Core\Include
  D:\Program Files\Keil\Packs\GorgonMeducer\perf_counter\1.9.3\lib
  D:\Program Files\Keil\Packs\Keil\ARM_Compiler\1.6.3\Include
  D:\Program Files\Keil\Packs\Keil\STM32H7xx_DFP\2.8.0\Drivers\CMSIS\Device\ST\STM32H7xx\Include

<h2>Collection of Component Files used:</h2>

   * Component: ARM::CMSIS:CORE:5.5.0

   * Component: GorgonMeducer.Performance Counter::Utilities:perf_counter:Core:Library:1.9.3
      Include file:  lib\perf_counter.h
      Library file:  lib\perf_counter.lib

   * Component: Keil.ARM Compiler::Compiler:Event Recorder:DAP:1.4.0
      Include file:  Include\EventRecorder.h
      Include file:  Config\EventRecorderConf.h
      Source file:   Source\EventRecorder.c

   * Component: Keil.ARM Compiler::Compiler:I/O:STDOUT:EVR:1.2.0
      Source file:   Source\retarget_io.c
Build Time Elapsed:  00:00:29
</pre>
</body>
</html>
