Component: ARM Compiler 6.16 Tool: armlink [5dfeaa00]

==============================================================================

Memory Map of the image

  Image Entry point : 0x08000299

  Load Region LR_IROM1 (Base: 0x08000000, Size: 0x000b76c0, Max: 0x00200000, ABSOLUTE, COMPRESSED[0x000b7580])

    Execution Region ER_IROM1 (Exec base: 0x08000000, Load base: 0x08000000, Size: 0x000b73c0, Max: 0x00200000, ABSOLUTE)

    Exec Addr    Load Addr    Size         Type   Attr      Idx    E Section Name        Object

    0x08000000   0x08000000   0x00000298   Data   RO         7935    RESET               startup_stm32h750xx.o
    0x08000298   0x08000298   0x00000008   Code   RO         8220  * !!!main             c_w.l(__main.o)
    0x080002a0   0x080002a0   0x00000034   Code   RO         8751    !!!scatter          c_w.l(__scatter.o)
    0x080002d4   0x080002d4   0x0000005a   Code   RO         8749    !!dczerorl2         c_w.l(__dczerorl2.o)
    0x0800032e   0x0800032e   0x00000002   PAD
    0x08000330   0x08000330   0x0000001c   Code   RO         8753    !!handler_zi        c_w.l(__scatter_zi.o)
    0x0800034c   0x0800034c   0x00000000   Code   RO         8316    .ARM.Collect$$_printf_percent$$00000000  c_w.l(_printf_percent.o)
    0x0800034c   0x0800034c   0x00000006   Code   RO         8305    .ARM.Collect$$_printf_percent$$00000001  c_w.l(_printf_n.o)
    0x08000352   0x08000352   0x00000006   Code   RO         8307    .ARM.Collect$$_printf_percent$$00000002  c_w.l(_printf_p.o)
    0x08000358   0x08000358   0x00000006   Code   RO         8312    .ARM.Collect$$_printf_percent$$00000003  c_w.l(_printf_f.o)
    0x0800035e   0x0800035e   0x00000006   Code   RO         8313    .ARM.Collect$$_printf_percent$$00000004  c_w.l(_printf_e.o)
    0x08000364   0x08000364   0x00000006   Code   RO         8314    .ARM.Collect$$_printf_percent$$00000005  c_w.l(_printf_g.o)
    0x0800036a   0x0800036a   0x00000006   Code   RO         8315    .ARM.Collect$$_printf_percent$$00000006  c_w.l(_printf_a.o)
    0x08000370   0x08000370   0x0000000a   Code   RO         8320    .ARM.Collect$$_printf_percent$$00000007  c_w.l(_printf_ll.o)
    0x0800037a   0x0800037a   0x00000006   Code   RO         8309    .ARM.Collect$$_printf_percent$$00000008  c_w.l(_printf_i.o)
    0x08000380   0x08000380   0x00000006   Code   RO         8310    .ARM.Collect$$_printf_percent$$00000009  c_w.l(_printf_d.o)
    0x08000386   0x08000386   0x00000006   Code   RO         8311    .ARM.Collect$$_printf_percent$$0000000A  c_w.l(_printf_u.o)
    0x0800038c   0x0800038c   0x00000006   Code   RO         8308    .ARM.Collect$$_printf_percent$$0000000B  c_w.l(_printf_o.o)
    0x08000392   0x08000392   0x00000006   Code   RO         8306    .ARM.Collect$$_printf_percent$$0000000C  c_w.l(_printf_x.o)
    0x08000398   0x08000398   0x00000006   Code   RO         8317    .ARM.Collect$$_printf_percent$$0000000D  c_w.l(_printf_lli.o)
    0x0800039e   0x0800039e   0x00000006   Code   RO         8318    .ARM.Collect$$_printf_percent$$0000000E  c_w.l(_printf_lld.o)
    0x080003a4   0x080003a4   0x00000006   Code   RO         8319    .ARM.Collect$$_printf_percent$$0000000F  c_w.l(_printf_llu.o)
    0x080003aa   0x080003aa   0x00000006   Code   RO         8324    .ARM.Collect$$_printf_percent$$00000010  c_w.l(_printf_llo.o)
    0x080003b0   0x080003b0   0x00000006   Code   RO         8325    .ARM.Collect$$_printf_percent$$00000011  c_w.l(_printf_llx.o)
    0x080003b6   0x080003b6   0x0000000a   Code   RO         8321    .ARM.Collect$$_printf_percent$$00000012  c_w.l(_printf_l.o)
    0x080003c0   0x080003c0   0x00000006   Code   RO         8303    .ARM.Collect$$_printf_percent$$00000013  c_w.l(_printf_c.o)
    0x080003c6   0x080003c6   0x00000006   Code   RO         8304    .ARM.Collect$$_printf_percent$$00000014  c_w.l(_printf_s.o)
    0x080003cc   0x080003cc   0x00000006   Code   RO         8322    .ARM.Collect$$_printf_percent$$00000015  c_w.l(_printf_lc.o)
    0x080003d2   0x080003d2   0x00000006   Code   RO         8323    .ARM.Collect$$_printf_percent$$00000016  c_w.l(_printf_ls.o)
    0x080003d8   0x080003d8   0x00000004   Code   RO         8425    .ARM.Collect$$_printf_percent$$00000017  c_w.l(_printf_percent_end.o)
    0x080003dc   0x080003dc   0x00000002   Code   RO         8579    .ARM.Collect$$libinit$$00000000  c_w.l(libinit.o)
    0x080003de   0x080003de   0x00000004   Code   RO         8334    .ARM.Collect$$libinit$$00000001  c_w.l(libinit2.o)
    0x080003e2   0x080003e2   0x00000000   Code   RO         8337    .ARM.Collect$$libinit$$00000004  c_w.l(libinit2.o)
    0x080003e2   0x080003e2   0x00000008   Code   RO         8338    .ARM.Collect$$libinit$$00000005  c_w.l(libinit2.o)
    0x080003ea   0x080003ea   0x00000000   Code   RO         8340    .ARM.Collect$$libinit$$0000000A  c_w.l(libinit2.o)
    0x080003ea   0x080003ea   0x00000000   Code   RO         8342    .ARM.Collect$$libinit$$0000000C  c_w.l(libinit2.o)
[...]
    0x08047d7c   0x08047d7c   0x00000004   PAD
    0x08047d80   0x08047d80   0x00000014   Code   RO         5177    .text.lv_textarea_get_cursor_pos  lv_textarea.o
    0x08047d94   0x08047d94   0x00000004   PAD
    0x08047d98   0x08047d98   0x00000014   Code   RO         5183    .text.lv_textarea_get_max_length  lv_textarea.o
    0x08047dac   0x08047dac   0x00000004   PAD
    0x08047db0   0x08047db0   0x0000001a   Code   RO         5231    .text.lv_textarea_get_one_line  lv_textarea.o
    0x08047dca   0x08047dca   0x00000006   PAD
    0x08047dd0   0x08047dd0   0x00000036   Code   RO         5223    .text.lv_textarea_get_text  lv_textarea.o
    0x08047e06   0x08047e06   0x00000002   PAD
    0x08047e08   0x08047e08   0x0000002e   Code   RO         5201    .text.lv_textarea_set_cursor_click_pos  lv_textarea.o
    0x08047e36   0x08047e36   0x00000002   PAD
    0x08047e38   0x08047e38   0x00000186   Code   RO         5175    .text.lv_textarea_set_cursor_pos  lv_textarea.o
    0x08047fbe   0x08047fbe   0x00000002   PAD
    0x08047fc0   0x08047fc0   0x000000d6   Code   RO         5205    .text.lv_textarea_set_one_line  lv_textarea.o
    0x08048096   0x08048096   0x00000002   PAD
    0x08048098   0x08048098   0x00000150   Code   RO         5189    .text.lv_textarea_set_text  lv_textarea.o
    0x080481e8   0x080481e8   0x0000002a   Code   RO         1216    .text.lv_theme_apply  lv_theme.o
    0x08048212   0x08048212   0x00000006   PAD
    0x08048218   0x08048218   0x00000024   Code   RO         2100    .text.lv_theme_default_get  lv_theme_default.o
    0x0804823c   0x0804823c   0x00000004   PAD
    0x08048240   0x08048240   0x0000011c   Code   RO         2092    .text.lv_theme_default_init  lv_theme_default.o
    0x0804835c   0x0804835c   0x00000004   PAD
    0x08048360   0x08048360   0x00000012   Code   RO         2094    .text.lv_theme_default_is_inited  lv_theme_default.o
    0x08048372   0x08048372   0x00000006   PAD
    0x08048378   0x08048378   0x00000032   Code   RO         1232    .text.lv_theme_get_color_primary  lv_theme.o
    0x080483aa   0x080483aa   0x00000006   PAD
    0x080483b0   0x080483b0   0x0000002c   Code   RO         1214    .text.lv_theme_get_from_obj  lv_theme.o
    0x080483dc   0x080483dc   0x00000004   PAD
    0x080483e0   0x080483e0   0x00000036   Code   RO         3300    .text.lv_tick_elaps  lv_hal_tick.o
    0x08048416   0x08048416   0x00000002   PAD
    0x08048418   0x08048418   0x00000034   Code   RO         3298    .text.lv_tick_get   lv_hal_tick.o
    0x0804844c   0x0804844c   0x00000004   PAD
    0x08048450   0x08048450   0x00000024   Code   RO         3296    .text.lv_tick_inc   lv_hal_tick.o
    0x08048474   0x08048474   0x00000004   PAD
    0x08048478   0x08048478   0x00000044   Code   RO         3066    .text.lv_tileview_constructor  lv_tileview.o
    0x080484bc   0x080484bc   0x00000004   PAD
    0x080484c0   0x080484c0   0x000000a6   Code   RO         3068    .text.lv_tileview_tile_constructor  lv_tileview.o
    0x08048566   0x08048566   0x00000002   PAD
    0x08048568   0x08048568   0x0000007e   Code   RO         3947    .text.lv_timer_create  lv_timer.o
    0x080485e6   0x080485e6   0x00000002   PAD
    0x080485e8   0x080485e8   0x0000002a   Code   RO         3951    .text.lv_timer_del  lv_timer.o
    0x08048612   0x08048612   0x00000006   PAD
    0x08048618   0x08048618   0x0000001c   Code   RO         3937    .text.lv_timer_enable  lv_timer.o
    0x08048634   0x08048634   0x00000004   PAD
    0x08048638   0x08048638   0x000000a0   Code   RO         3941    .text.lv_timer_exec  lv_timer.o
    0x080486d8   0x080486d8   0x00000228   Code   RO         3939    .text.lv_timer_handler  lv_timer.o
    0x08048900   0x08048900   0x00000012   Code   RO         3953    .text.lv_timer_pause  lv_timer.o
    0x08048912   0x08048912   0x00000006   PAD
    0x08048918   0x08048918   0x0000001a   Code   RO         3959    .text.lv_timer_ready  lv_timer.o
    0x08048932   0x08048932   0x00000006   PAD
    0x08048938   0x08048938   0x00000012   Code   RO         3955    .text.lv_timer_resume  lv_timer.o
    0x0804894a   0x0804894a   0x00000006   PAD
    0x08048950   0x08048950   0x00000010   Code   RO         3961    .text.lv_timer_set_repeat_count  lv_timer.o
    0x08048960   0x08048960   0x00000034   Code   RO         3943    .text.lv_timer_time_remaining  lv_timer.o
    0x08048994   0x08048994   0x00000004   PAD
    0x08048998   0x08048998   0x000000a6   Code   RO         4026    .text.lv_tlsf_add_pool  lv_tlsf.o
    0x08048a3e   0x08048a3e   0x00000002   PAD
    0x08048a40   0x08048a40   0x00000034   Code   RO         4048    .text.lv_tlsf_create  lv_tlsf.o
    0x08048a74   0x08048a74   0x00000004   PAD
    0x08048a78   0x08048a78   0x00000040   Code   RO         4052    .text.lv_tlsf_create_with_pool  lv_tlsf.o
    0x08048ab8   0x08048ab8   0x0000005e   Code   RO         4072    .text.lv_tlsf_free  lv_tlsf.o
    0x08048b16   0x08048b16   0x00000002   PAD
    0x08048b18   0x08048b18   0x00000018   Code   RO         4056    .text.lv_tlsf_get_pool  lv_tlsf.o
    0x08048b30   0x08048b30   0x0000002e   Code   RO         4058    .text.lv_tlsf_malloc  lv_tlsf.o
    0x08048b5e   0x08048b5e   0x00000002   PAD
    0x08048b60   0x08048b60   0x00000004   Code   RO         4022    .text.lv_tlsf_pool_overhead  lv_tlsf.o
    0x08048b64   0x08048b64   0x00000004   PAD
    0x08048b68   0x08048b68   0x0000011e   Code   RO         4080    .text.lv_tlsf_realloc  lv_tlsf.o
    0x08048c86   0x08048c86   0x00000002   PAD
    0x08048c88   0x08048c88   0x00000006   Code   RO         4014    .text.lv_tlsf_size  lv_tlsf.o
    0x08048c8e   0x08048c8e   0x00000002   PAD
    0x08048c90   0x08048c90   0x00000092   Code   RO         3996    .text.lv_tlsf_walk_pool  lv_tlsf.o
    0x08048d22   0x08048d22   0x00000006   PAD
    0x08048d28   0x08048d28   0x00000018   Code   RO         2491    .text.lv_trigo_cos  lv_colorwheel.o
    0x08048d40   0x08048d40   0x00000018   Code   RO         2786    .text.lv_trigo_cos  lv_meter.o
    0x08048d58   0x08048d58   0x00000018   Code   RO         5991    .text.lv_trigo_cos  lv_demo_music_main.o
    0x08048d70   0x08048d70   0x00000106   Code   RO         3627    .text.lv_trigo_sin  lv_math.o
    0x08048e76   0x08048e76   0x00000002   PAD
    0x08048e78   0x08048e78   0x000001f6   Code   RO         4142    .text.lv_txt_get_next_word  lv_txt.o
    0x0804906e   0x0804906e   0x00000002   PAD
    0x08049070   0x08049070   0x00000190   Code   RO         4134    .text.lv_txt_get_size  lv_txt.o
    0x08049200   0x08049200   0x000000f2   Code   RO         4140    .text.lv_txt_get_width  lv_txt.o
    0x080492f2   0x080492f2   0x00000006   PAD
    0x080492f8   0x080492f8   0x000000ce   Code   RO         4120    .text.lv_txt_unicode_to_utf8  lv_txt.o
    0x080493c6   0x080493c6   0x00000002   PAD
    0x080493c8   0x080493c8   0x0000007a   Code   RO         4128    .text.lv_txt_utf8_get_byte_id  lv_txt.o
    0x08049442   0x08049442   0x00000006   PAD
    0x08049448   0x08049448   0x00000038   Code   RO         4130    .text.lv_txt_utf8_get_char_id  lv_txt.o
    0x08049480   0x08049480   0x00000036   Code   RO         4132    .text.lv_txt_utf8_get_length  lv_txt.o
    0x080494b6   0x080494b6   0x00000002   PAD
    0x080494b8   0x080494b8   0x0000020e   Code   RO         4124    .text.lv_txt_utf8_next  lv_txt.o
    0x080496c6   0x080496c6   0x00000002   PAD
    0x080496c8   0x080496c8   0x0000009c   Code   RO         4126    .text.lv_txt_utf8_prev  lv_txt.o
    0x08049764   0x08049764   0x00000004   PAD
    0x08049768   0x08049768   0x00000070   Code   RO         4118    .text.lv_txt_utf8_size  lv_txt.o
    0x080497d8   0x080497d8   0x0000002a   Code   RO         3696    .text.lv_vsnprintf  lv_printf.o
    0x08049802   0x08049802   0x00000006   PAD
    0x08049808   0x08049808   0x00000088   Code   RO         3094    .text.lv_win_constructor  lv_win.o
    0x08049890   0x08049890   0x000000fe   Code   RO         7957    .text.main          main.o
    0x0804998e   0x0804998e   0x00000002   PAD
    0x08049990   0x08049990   0x00000040   Code   RO         4391    .text.make_one_button_checked  lv_btnmatrix.o
    0x080499d0   0x080499d0   0x000001e8   Code   RO         1624    .text.map_blended   lv_draw_sw_blend.o
    0x08049bb8   0x08049bb8   0x0000055e   Code   RO         1622    .text.map_normal    lv_draw_sw_blend.o
    0x0804a116   0x0804a116   0x00000002   PAD
    0x0804a118   0x0804a118   0x00000176   Code   RO         1616    .text.map_set_px    lv_draw_sw_blend.o
    0x0804a28e   0x0804a28e   0x00000002   PAD
    0x0804a290   0x0804a290   0x00000052   Code   RO         3994    .text.mapping_insert  lv_tlsf.o
    0x0804a2e2   0x0804a2e2   0x00000006   PAD
    0x0804a2e8   0x0804a2e8   0x0000003a   Code   RO         4092    .text.mapping_search  lv_tlsf.o
    0x0804a322   0x0804a322   0x00000006   PAD
    0x0804a328   0x0804a328   0x00000050   Code   RO         1407    .text.mask_mix      lv_draw_mask.o
    0x0804a378   0x0804a378   0x000000d2   Code   RO         2269    .text.month_event_cb  lv_calendar_header_arrow.o
    0x0804a44a   0x0804a44a   0x00000006   PAD
    0x0804a450   0x0804a450   0x0000004a   Code   RO         2289    .text.month_event_cb  lv_calendar_header_dropdown.o
    0x0804a49a   0x0804a49a   0x00000006   PAD
    0x0804a4a0   0x0804a4a0   0x00000108   Code   RO         2263    .text.my_constructor  lv_calendar_header_arrow.o
    0x0804a5a8   0x0804a5a8   0x000000aa   Code   RO         2283    .text.my_constructor  lv_calendar_header_dropdown.o
    0x0804a652   0x0804a652   0x00000006   PAD
    0x0804a658   0x0804a658   0x00000040   Code   RO         7969    .text.my_disp_flush  main.o
    0x0804a698   0x0804a698   0x00000026   Code   RO         5999    .text.next_click_event_cb  lv_demo_music_main.o
    0x0804a6be   0x0804a6be   0x00000002   PAD
    0x0804a6c0   0x0804a6c0   0x00000044   Code   RO         2481    .text.next_color_mode  lv_colorwheel.o
    0x0804a704   0x0804a704   0x00000004   PAD
    0x0804a708   0x0804a708   0x0000006e   Code   RO         1672    .text.next_in_cache  lv_draw_sw_gradient.o
    0x0804a776   0x0804a776   0x00000002   PAD
    0x0804a778   0x0804a778   0x00000036   Code   RO         3566    .text.node_set_next  lv_ll.o
    0x0804a7ae   0x0804a7ae   0x00000002   PAD
    0x0804a7b0   0x0804a7b0   0x00000034   Code   RO         3564    .text.node_set_prev  lv_ll.o
    0x0804a7e4   0x0804a7e4   0x00000004   PAD
    0x0804a7e8   0x0804a7e8   0x000001c6   Code   RO         1110    .text.obj_del_core  lv_obj_tree.o
    0x0804a9ae   0x0804a9ae   0x00000002   PAD
    0x0804a9b0   0x0804a9b0   0x00000010   Code   RO         4000    .text.offset_to_block  lv_tlsf.o
    0x0804a9c0   0x0804a9c0   0x00000116   Code   RO         1879    .text.place_content  lv_flex.o
    0x0804aad6   0x0804aad6   0x00000002   PAD
    0x0804aad8   0x0804aad8   0x0000002a   Code   RO         5997    .text.play_event_click_cb  lv_demo_music_main.o
    0x0804ab02   0x0804ab02   0x00000006   PAD
    0x0804ab08   0x0804ab08   0x0000010e   Code   RO         5004    .text.position_knob  lv_slider.o
    0x0804ac16   0x0804ac16   0x00000002   PAD
    0x0804ac18   0x0804ac18   0x0000008e   Code   RO         4624    .text.position_to_selected  lv_dropdown.o
    0x0804aca6   0x0804aca6   0x00000002   PAD
    0x0804aca8   0x0804aca8   0x00000010   Code   RO         5995    .text.prev_click_event_cb  lv_demo_music_main.o
    0x0804acb8   0x0804acb8   0x000000d8   Code   RO         5169    .text.pwd_char_hider  lv_textarea.o
    0x0804ad90   0x0804ad90   0x0000000a   Code   RO         5291    .text.pwd_char_hider_anim  lv_textarea.o
    0x0804ad9a   0x0804ad9a   0x00000006   PAD
    0x0804ada0   0x0804ada0   0x00000016   Code   RO         5295    .text.pwd_char_hider_anim_ready  lv_textarea.o
    0x0804adb6   0x0804adb6   0x00000002   PAD
    0x0804adb8   0x0804adb8   0x000002b8   Code   RO         5199    .text.refr_cursor_area  lv_textarea.o
    0x0804b070   0x0804b070   0x00000090   Code   RO         2525    .text.refr_img      lv_imgbtn.o
    0x0804b100   0x0804b100   0x000000a6   Code   RO         2447    .text.refr_knob_pos  lv_colorwheel.o
    0x0804b1a6   0x0804b1a6   0x00000002   PAD
    0x0804b1a8   0x0804b1a8   0x000001c2   Code   RO         4902    .text.refr_position  lv_roller.o
    0x0804b36a   0x0804b36a   0x00000006   PAD
    0x0804b370   0x0804b370   0x0000014a   Code   RO         5086    .text.refr_size_form_row  lv_table.o
    0x0804b4ba   0x0804b4ba   0x00000006   PAD
    0x0804b4c0   0x0804b4c0   0x00000056   Code   RO          853    .text.refresh_children_style  lv_obj_style.o
    0x0804b516   0x0804b516   0x00000002   PAD
    0x0804b518   0x0804b518   0x0000021e   Code   RO         4926    .text.release_handler  lv_roller.o
    0x0804b736   0x0804b736   0x00000002   PAD
    0x0804b738   0x0804b738   0x000000c4   Code   RO         4046    .text.remove_free_block  lv_tlsf.o
    0x0804b7fc   0x0804b7fc   0x00000004   PAD
    0x0804b800   0x0804b800   0x00000088   Code   RO          845    .text.report_style_change_core  lv_obj_style.o
    0x0804b888   0x0804b888   0x00000016   Code   RO          778    .text.scroll_anim_ready_cb  lv_obj_scroll.o
    0x0804b89e   0x0804b89e   0x00000002   PAD
    0x0804b8a0   0x0804b8a0   0x0000001a   Code   RO         4952    .text.scroll_anim_ready_cb  lv_roller.o
    0x0804b8ba   0x0804b8ba   0x00000006   PAD
    0x0804b8c0   0x0804b8c0   0x00000554   Code   RO          798    .text.scroll_area_into_view  lv_obj_scroll.o
    0x0804be14   0x0804be14   0x00000004   PAD
    0x0804be18   0x0804be18   0x00000078   Code   RO          788    .text.scroll_by_raw  lv_obj_scroll.o
    0x0804be90   0x0804be90   0x000000b4   Code   RO          272    .text.scroll_limit_diff  lv_indev_scroll.o
    0x0804bf44   0x0804bf44   0x00000004   PAD
    0x0804bf48   0x0804bf48   0x0000006a   Code   RO          280    .text.scroll_throw_predict_x  lv_indev_scroll.o
    0x0804bfb2   0x0804bfb2   0x00000006   PAD
    0x0804bfb8   0x0804bfb8   0x0000006a   Code   RO          276    .text.scroll_throw_predict_y  lv_indev_scroll.o
    0x0804c022   0x0804c022   0x00000006   PAD
    0x0804c028   0x0804c028   0x00000028   Code   RO          766    .text.scroll_x_anim  lv_obj_scroll.o
    0x0804c050   0x0804c050   0x00000028   Code   RO          768    .text.scroll_y_anim  lv_obj_scroll.o
    0x0804c078   0x0804c078   0x00000196   Code   RO          389    .text.scrollbar_init_draw_dsc  lv_obj.o
    0x0804c20e   0x0804c20e   0x00000002   PAD
    0x0804c210   0x0804c210   0x000000ac   Code   RO         4094    .text.search_suitable_block  lv_tlsf.o
    0x0804c2bc   0x0804c2bc   0x00000004   PAD
    0x0804c2c0   0x0804c2c0   0x0000001e   Code   RO         4770    .text.set_ofs_x_anim  lv_label.o
    0x0804c2de   0x0804c2de   0x00000002   PAD
    0x0804c2e0   0x0804c2e0   0x0000001e   Code   RO         4772    .text.set_ofs_y_anim  lv_label.o
    0x0804c2fe   0x0804c2fe   0x00000002   PAD
    0x0804c300   0x0804c300   0x00000016   Code   RO         4924    .text.set_y_anim    lv_roller.o
    0x0804c316   0x0804c316   0x00000002   PAD
    0x0804c318   0x0804c318   0x000002cc   Code   RO         1789    .text.shadow_blur_corner  lv_draw_sw_rect.o
    0x0804c5e4   0x0804c5e4   0x00000004   PAD
    0x0804c5e8   0x0804c5e8   0x000002a2   Code   RO         1787    .text.shadow_draw_corner_buf  lv_draw_sw_rect.o
    0x0804c88a   0x0804c88a   0x00000006   PAD
    0x0804c890   0x0804c890   0x0000004e   Code   RO         1274    .text.show_error    lv_draw_img.o
    0x0804c8de   0x0804c8de   0x00000002   PAD
    0x0804c8e0   0x0804c8e0   0x00000134   Code   RO         5959    .text.spectrum_anim_cb  lv_demo_music_main.o
    0x0804ca14   0x0804ca14   0x00000004   PAD
    0x0804ca18   0x0804ca18   0x000005aa   Code   RO         5979    .text.spectrum_draw_event_cb  lv_demo_music_main.o
    0x0804cfc2   0x0804cfc2   0x00000006   PAD
    0x0804cfc8   0x0804cfc8   0x00000010   Code   RO         5963    .text.spectrum_end_cb  lv_demo_music_main.o
    0x0804cfd8   0x0804cfd8   0x00000024   Code   RO         5933    .text.start_anim_cb  lv_demo_music_main.o
    0x0804cffc   0x0804cffc   0x00000004   PAD
    0x0804d000   0x0804d000   0x00000096   Code   RO         5197    .text.start_cursor_blink  lv_textarea.o
    0x0804d096   0x0804d096   0x00000002   PAD
    0x0804d098   0x0804d098   0x0000007c   Code   RO         8066    .text.stdout_putchar  retarget_io.o
    0x0804d114   0x0804d114   0x00000048   Code   RO         8097    .text.stop_cycle_counter  perf_counter.lib(perf_counter.o)
    0x0804d15c   0x0804d15c   0x00000004   PAD
    0x0804d160   0x0804d160   0x00000024   Code   RO         5927    .text.stop_start_anim  lv_demo_music_main.o
    0x0804d184   0x0804d184   0x00000004   PAD
    0x0804d188   0x0804d188   0x000028ca   Code   RO         2098    .text.style_init    lv_theme_default.o
    0x0804fa52   0x0804fa52   0x00000006   PAD
    0x0804fa58   0x0804fa58   0x0000002a   Code   RO         2106    .text.style_init_reset  lv_theme_default.o
    0x0804fa82   0x0804fa82   0x00000006   PAD
    0x0804fa88   0x0804fa88   0x000000d8   Code   RO         2539    .text.suggest_state  lv_imgbtn.o
    0x0804fb60   0x0804fb60   0x00001540   Code   RO         2096    .text.theme_apply   lv_theme_default.o
    0x080510a0   0x080510a0   0x0000011a   Code   RO         3080    .text.tileview_event_cb  lv_tileview.o
    0x080511ba   0x080511ba   0x00000006   PAD
    0x080511c0   0x080511c0   0x00000060   Code   RO         5925    .text.timer_cb      lv_demo_music_main.o
    0x08051220   0x08051220   0x0000001a   Code   RO         4096    .text.tlsf_ffs      lv_tlsf.o
    0x0805123a   0x0805123a   0x00000006   PAD
    0x08051240   0x08051240   0x0000002a   Code   RO         4086    .text.tlsf_fls      lv_tlsf.o
    0x0805126a   0x0805126a   0x00000006   PAD
    0x08051270   0x08051270   0x00000026   Code   RO         7975    .text.touchpad_get_xy  main.o
    0x08051296   0x08051296   0x00000002   PAD
    0x08051298   0x08051298   0x0000002a   Code   RO         7973    .text.touchpad_is_pressed  main.o
    0x080512c2   0x080512c2   0x00000006   PAD
    0x080512c8   0x080512c8   0x00000054   Code   RO         7971    .text.touchpad_read  main.o
    0x0805131c   0x0805131c   0x00000004   PAD
    0x08051320   0x08051320   0x00000274   Code   RO         5955    .text.track_load    lv_demo_music_main.o
    0x08051594   0x08051594   0x00000004   PAD
    0x08051598   0x08051598   0x00000236   Code   RO          877    .text.trans_anim_cb  lv_obj_style.o
    0x080517ce   0x080517ce   0x00000002   PAD
    0x080517d0   0x080517d0   0x00000138   Code   RO          885    .text.trans_anim_ready_cb  lv_obj_style.o
    0x08051908   0x08051908   0x0000006e   Code   RO          881    .text.trans_anim_start_cb  lv_obj_style.o
    0x08051976   0x08051976   0x00000002   PAD
    0x08051978   0x08051978   0x00000126   Code   RO          833    .text.trans_del     lv_obj_style.o
    0x08051a9e   0x08051a9e   0x00000002   PAD
    0x08051aa0   0x08051aa0   0x00000014   Code   RO         3139    .text.unicode_list_compare  lv_font_fmt_txt.o
    0x08051ab4   0x08051ab4   0x00000004   PAD
    0x08051ab8   0x08051ab8   0x000002da   Code   RO         5251    .text.update_cursor_position_on_click  lv_textarea.o
    0x08051d92   0x08051d92   0x00000002   PAD
    0x08051d94   0x08051d94   0x00000060   Code   RO         8089    .text.user_code_insert_to_systick_handler  perf_counter.lib(perf_counter.o)
    0x08051df4   0x08051df4   0x00000004   PAD
    0x08051df8   0x08051df8   0x00000052   Code   RO         2271    .text.value_changed_event_cb  lv_calendar_header_arrow.o
    0x08051e4a   0x08051e4a   0x00000006   PAD
    0x08051e50   0x08051e50   0x00000058   Code   RO         2291    .text.value_changed_event_cb  lv_calendar_header_dropdown.o
    0x08051ea8   0x08051ea8   0x0000018a   Code   RO         4201    .text.value_update  lv_arc.o
    0x08052032   0x08052032   0x00000006   PAD
    0x08052038   0x08052038   0x0000004e   Code   RO         2287    .text.year_event_cb  lv_calendar_header_dropdown.o
    0x08052086   0x08052086   0x0000003e   Code   RO         8520    CL$$btod_d2e        c_w.l(btod.o)
    0x080520c4   0x080520c4   0x00000046   Code   RO         8522    CL$$btod_d2e_denorm_low  c_w.l(btod.o)
    0x0805210a   0x0805210a   0x00000060   Code   RO         8521    CL$$btod_d2e_norm_op1  c_w.l(btod.o)
    0x0805216a   0x0805216a   0x00000002   PAD
    0x0805216c   0x0805216c   0x00000338   Code   RO         8530    CL$$btod_div_common  c_w.l(btod.o)
    0x080524a4   0x080524a4   0x000000dc   Code   RO         8527    CL$$btod_e2e        c_w.l(btod.o)
    0x08052580   0x08052580   0x0000002a   Code   RO         8524    CL$$btod_ediv       c_w.l(btod.o)
    0x080525aa   0x080525aa   0x0000002a   Code   RO         8523    CL$$btod_emul       c_w.l(btod.o)
    0x080525d4   0x080525d4   0x00000244   Code   RO         8529    CL$$btod_mult_common  c_w.l(btod.o)
    0x08052818   0x08052818   0x00000030   Code   RO         8601    i.__ARM_fpclassify  m_wv.l(fpclassify.o)
    0x08052848   0x08052848   0x0000000e   Code   RO         8293    i._is_digit         c_w.l(__printf_wp.o)
    0x08052856   0x08052856   0x0000001a   Code   RO         8429    i.fputc             c_w.l(fputc.o)
    0x08052870   0x08052870   0x0000002c   Code   RO         8558    locale$$code        c_w.l(lc_numeric_c.o)
    0x0805289c   0x0805289c   0x0000002c   Code   RO         8654    locale$$code        c_w.l(lc_ctype_c.o)
    0x080528c8   0x080528c8   0x0000001a   Code   RO         8444    x$fpl$fpinit        fz_wv.l(fpinit.o)
    0x080528e2   0x080528e2   0x00000004   Code   RO         8383    x$fpl$printf1       fz_wv.l(printf1.o)
    0x080528e6   0x080528e6   0x00000004   Code   RO         8385    x$fpl$printf2       fz_wv.l(printf2.o)
    0x080528ea   0x080528ea   0x00000000   Code   RO         8600    x$fpl$usenofp       fz_wv.l(usenofp.o)
    0x080528ea   0x080528ea   0x00000002   PAD
    0x080528ec   0x080528ec   0x00000008   Data   RO         8252    .constdata          c_w.l(_printf_wctomb.o)
    0x080528f4   0x080528f4   0x00000028   Data   RO         8281    .constdata          c_w.l(_printf_hex_int_ll_ptr.o)
    0x0805291c   0x0805291c   0x00000011   Data   RO         8301    .constdata          c_w.l(__printf_flags_ss_wp.o)
    0x0805292d   0x0805292d   0x00000026   Data   RO         8417    .constdata          c_w.l(_printf_fp_hex.o)
    0x08052953   0x08052953   0x00000001   PAD
    0x08052954   0x08052954   0x00000094   Data   RO         8518    .constdata          c_w.l(bigflt0.o)
    0x080529e8   0x080529e8   0x00000010   Data   RO         7949    .rodata.D1CorePrescTable  system_stm32h7xx.o
    0x080529f8   0x080529f8   0x00000018   Data   RO         8052    .rodata.EventRecorderInfo  eventrecorder.o
    0x08052a10   0x08052a10   0x00000008   Data   RO         7399    .rodata.UARTEx_SetNbDataToProcess.denominator  stm32h7xx_hal_uart_ex.o
    0x08052a18   0x08052a18   0x00000008   Data   RO         7398    .rodata.UARTEx_SetNbDataToProcess.numerator  stm32h7xx_hal_uart_ex.o
    0x08052a20   0x08052a20   0x00000018   Data   RO         7356    .rodata.UARTPrescTable  stm32h7xx_hal_uart.o
    0x08052a38   0x08052a38   0x00000008   Data   RO         8078    .rodata.__stderr_name  retarget_io.o
    0x08052a40   0x08052a40   0x00000007   Data   RO         8076    .rodata.__stdin_name  retarget_io.o
    0x08052a47   0x08052a47   0x00000008   Data   RO         8077    .rodata.__stdout_name  retarget_io.o
    0x08052a4f   0x08052a4f   0x00000002   Data   RO         1721    .rodata._lv_bpp1_opa_table  lv_draw_sw_letter.o
    0x08052a51   0x08052a51   0x00000004   Data   RO         1722    .rodata._lv_bpp2_opa_table  lv_draw_sw_letter.o
    0x08052a55   0x08052a55   0x00000010   Data   RO         1724    .rodata._lv_bpp4_opa_table  lv_draw_sw_letter.o
    0x08052a65   0x08052a65   0x00000100   Data   RO         1725    .rodata._lv_bpp8_opa_table  lv_draw_sw_letter.o
    0x08052b65   0x08052b65   0x00000001   PAD
    0x08052b66   0x08052b66   0x00000008   Data   RO         5891    .rodata._lv_demo_music_list_create.grid_cols  lv_demo_music_list.o
    0x08052b6e   0x08052b6e   0x00000006   Data   RO         5892    .rodata._lv_demo_music_list_create.grid_rows  lv_demo_music_list.o
    0x08052b74   0x08052b74   0x00000004   Data   RO         6011    .rodata._lv_demo_music_main_create.grid_cols  lv_demo_music_main.o
    0x08052b78   0x08052b78   0x00000070   Data   RO         3753    .rodata._lv_style_builtin_prop_flag_lookup_table  lv_style.o
    0x08052be8   0x08052be8   0x00000028   Data   RO         5309    .rodata.cmaps       lv_font_montserrat_12.o
    0x08052c10   0x08052c10   0x00000028   Data   RO         5327    .rodata.cmaps       lv_font_montserrat_14.o
    0x08052c38   0x08052c38   0x00000028   Data   RO         5343    .rodata.cmaps       lv_font_montserrat_16.o
    0x08052c60   0x08052c60   0x00000010   Data   RO         6034    .rodata.create_ctrl_box.grid_col  lv_demo_music_main.o
    0x08052c70   0x08052c70   0x00000006   Data   RO         6035    .rodata.create_ctrl_box.grid_row  lv_demo_music_main.o
    0x08052c76   0x08052c76   0x00000008   Data   RO          716    .rodata.cst4        lv_obj_pos.o
    0x08052c7e   0x08052c7e   0x00000008   Data   RO         1756    .rodata.cst8        lv_draw_sw_polygon.o
    0x08052c86   0x08052c86   0x00000050   Data   RO         2587    .rodata.default_kb_ctrl_lc_map  lv_keyboard.o
    0x08052cd6   0x08052cd6   0x00000022   Data   RO         2590    .rodata.default_kb_ctrl_num_map  lv_keyboard.o
    0x08052cf8   0x08052cf8   0x00000050   Data   RO         2589    .rodata.default_kb_ctrl_spec_map  lv_keyboard.o
    0x08052d48   0x08052d48   0x00000050   Data   RO         2588    .rodata.default_kb_ctrl_uc_map  lv_keyboard.o
    0x08052d98   0x08052d98   0x000000b0   Data   RO         2583    .rodata.default_kb_map_lc  lv_keyboard.o
    0x08052e48   0x08052e48   0x00000054   Data   RO         2586    .rodata.default_kb_map_num  lv_keyboard.o
    0x08052e9c   0x08052e9c   0x000000b0   Data   RO         2585    .rodata.default_kb_map_spec  lv_keyboard.o
    0x08052f4c   0x08052f4c   0x000000b0   Data   RO         2584    .rodata.default_kb_map_uc  lv_keyboard.o
    0x08052ffc   0x08052ffc   0x00000021   Data   RO         1746    .rodata.draw_line_skew.wcorr  lv_draw_sw_line.o
    0x0805301d   0x0805301d   0x00000003   PAD
    0x08053020   0x08053020   0x00000018   Data   RO         5312    .rodata.font_dsc    lv_font_montserrat_12.o
    0x08053038   0x08053038   0x00000018   Data   RO         5330    .rodata.font_dsc    lv_font_montserrat_14.o
    0x08053050   0x08053050   0x00000018   Data   RO         5346    .rodata.font_dsc    lv_font_montserrat_16.o
    0x08053068   0x08053068   0x00001a0f   Data   RO         5313    .rodata.glyph_bitmap  lv_font_montserrat_12.o
    0x08054a77   0x08054a77   0x00002280   Data   RO         5326    .rodata.glyph_bitmap  lv_font_montserrat_14.o
    0x08056cf7   0x08056cf7   0x00002b52   Data   RO         5342    .rodata.glyph_bitmap  lv_font_montserrat_16.o
    0x08059849   0x08059849   0x00000003   PAD
    0x0805984c   0x0805984c   0x000004f0   Data   RO         5314    .rodata.glyph_dsc   lv_font_montserrat_12.o
    0x08059d3c   0x08059d3c   0x000004f0   Data   RO         5331    .rodata.glyph_dsc   lv_font_montserrat_14.o
    0x0805a22c   0x0805a22c   0x000004f0   Data   RO         5347    .rodata.glyph_dsc   lv_font_montserrat_16.o
    0x0805a71c   0x0805a71c   0x000028c8   Data   RO         6049    .rodata.img_lv_demo_music_btn_list_pause_map  img_lv_demo_music_btn_list_pause.o
    0x0805cfe4   0x0805cfe4   0x000028c8   Data   RO         6057    .rodata.img_lv_demo_music_btn_list_play_map  img_lv_demo_music_btn_list_play.o
    0x0805f8ac   0x0805f8ac   0x000006c0   Data   RO         6065    .rodata.img_lv_demo_music_btn_loop_map  img_lv_demo_music_btn_loop.o
    0x0805ff6c   0x0805ff6c   0x00002d0c   Data   RO         6073    .rodata.img_lv_demo_music_btn_next_map  img_lv_demo_music_btn_next.o
    0x08062c78   0x08062c78   0x00004749   Data   RO         6081    .rodata.img_lv_demo_music_btn_pause_map  img_lv_demo_music_btn_pause.o
    0x080673c1   0x080673c1   0x00004749   Data   RO         6089    .rodata.img_lv_demo_music_btn_play_map  img_lv_demo_music_btn_play.o
    0x0806bb0a   0x0806bb0a   0x00002d0c   Data   RO         6097    .rodata.img_lv_demo_music_btn_prev_map  img_lv_demo_music_btn_prev.o
    0x0806e816   0x0806e816   0x000006c0   Data   RO         6105    .rodata.img_lv_demo_music_btn_rnd_map  img_lv_demo_music_btn_rnd.o
    0x0806eed6   0x0806eed6   0x000003cc   Data   RO         6113    .rodata.img_lv_demo_music_corner_left_map  img_lv_demo_music_corner_left.o
    0x0806f2a2   0x0806f2a2   0x000003cc   Data   RO         6121    .rodata.img_lv_demo_music_corner_right_map  img_lv_demo_music_corner_right.o
    0x0806f66e   0x0806f66e   0x0000f0a0   Data   RO         6129    .rodata.img_lv_demo_music_cover_1_map  img_lv_demo_music_cover_1.o
    0x0807e70e   0x0807e70e   0x0000f0a0   Data   RO         6137    .rodata.img_lv_demo_music_cover_2_map  img_lv_demo_music_cover_2.o
    0x0808d7ae   0x0808d7ae   0x0000f0a0   Data   RO         6145    .rodata.img_lv_demo_music_cover_3_map  img_lv_demo_music_cover_3.o
    0x0809c84e   0x0809c84e   0x00000480   Data   RO         6153    .rodata.img_lv_demo_music_icon_1_map  img_lv_demo_music_icon_1.o
    0x0809ccce   0x0809ccce   0x00000480   Data   RO         6161    .rodata.img_lv_demo_music_icon_2_map  img_lv_demo_music_icon_2.o
    0x0809d14e   0x0809d14e   0x00000480   Data   RO         6169    .rodata.img_lv_demo_music_icon_3_map  img_lv_demo_music_icon_3.o
    0x0809d5ce   0x0809d5ce   0x00000480   Data   RO         6177    .rodata.img_lv_demo_music_icon_4_map  img_lv_demo_music_icon_4.o
    0x0809da4e   0x0809da4e   0x00000cc0   Data   RO         6185    .rodata.img_lv_demo_music_list_border_map  img_lv_demo_music_list_border.o
    0x0809e70e   0x0809e70e   0x00004982   Data   RO         6193    .rodata.img_lv_demo_music_logo_map  img_lv_demo_music_logo.o
    0x080a3090   0x080a3090   0x00001008   Data   RO         6200    .rodata.img_lv_demo_music_slider_knob_map  img_lv_demo_music_slider_knob.o
    0x080a4098   0x080a4098   0x00005940   Data   RO         6208    .rodata.img_lv_demo_music_wave_bottom_map  img_lv_demo_music_wave_bottom.o
    0x080a99d8   0x080a99d8   0x00005940   Data   RO         6216    .rodata.img_lv_demo_music_wave_top_map  img_lv_demo_music_wave_top.o
    0x080af318   0x080af318   0x00000bad   Data   RO         5316    .rodata.kern_class_values  lv_font_montserrat_12.o
    0x080afec5   0x080afec5   0x00000bad   Data   RO         5333    .rodata.kern_class_values  lv_font_montserrat_14.o
    0x080b0a72   0x080b0a72   0x00000bad   Data   RO         5349    .rodata.kern_class_values  lv_font_montserrat_16.o
    0x080b161f   0x080b161f   0x00000001   PAD
    0x080b1620   0x080b1620   0x00000010   Data   RO         5310    .rodata.kern_classes  lv_font_montserrat_12.o
    0x080b1630   0x080b1630   0x00000010   Data   RO         5328    .rodata.kern_classes  lv_font_montserrat_14.o
    0x080b1640   0x080b1640   0x00000010   Data   RO         5344    .rodata.kern_classes  lv_font_montserrat_16.o
    0x080b1650   0x080b1650   0x0000009e   Data   RO         5317    .rodata.kern_left_class_mapping  lv_font_montserrat_12.o
    0x080b16ee   0x080b16ee   0x0000009e   Data   RO         5334    .rodata.kern_left_class_mapping  lv_font_montserrat_14.o
    0x080b178c   0x080b178c   0x0000009e   Data   RO         5350    .rodata.kern_left_class_mapping  lv_font_montserrat_16.o
    0x080b182a   0x080b182a   0x0000009e   Data   RO         5318    .rodata.kern_right_class_mapping  lv_font_montserrat_12.o
    0x080b18c8   0x080b18c8   0x0000009e   Data   RO         5335    .rodata.kern_right_class_mapping  lv_font_montserrat_14.o
    0x080b1966   0x080b1966   0x0000009e   Data   RO         5351    .rodata.kern_right_class_mapping  lv_font_montserrat_16.o
    0x080b1a04   0x080b1a04   0x0000001c   Data   RO         4251    .rodata.lv_arc_class  lv_arc.o
    0x080b1a20   0x080b1a20   0x0000001c   Data   RO         4329    .rodata.lv_bar_class  lv_bar.o
    0x080b1a3c   0x080b1a3c   0x0000001c   Data   RO         4341    .rodata.lv_btn_class  lv_btn.o
    0x080b1a58   0x080b1a58   0x0000001c   Data   RO         4437    .rodata.lv_btnmatrix_class  lv_btnmatrix.o
    0x080b1a74   0x080b1a74   0x0000001c   Data   RO         2253    .rodata.lv_calendar_class  lv_calendar.o
    0x080b1a90   0x080b1a90   0x0000001c   Data   RO         2273    .rodata.lv_calendar_header_arrow_class  lv_calendar_header_arrow.o
    0x080b1aac   0x080b1aac   0x0000001c   Data   RO         2293    .rodata.lv_calendar_header_dropdown_class  lv_calendar_header_dropdown.o
    0x080b1ac8   0x080b1ac8   0x0000001c   Data   RO         2430    .rodata.lv_chart_class  lv_chart.o
    0x080b1ae4   0x080b1ae4   0x0000001c   Data   RO         4555    .rodata.lv_checkbox_class  lv_checkbox.o
    0x080b1b00   0x080b1b00   0x0000001c   Data   RO         2503    .rodata.lv_colorwheel_class  lv_colorwheel.o
    0x080b1b1c   0x080b1b1c   0x0000001c   Data   RO         4662    .rodata.lv_dropdown_class  lv_dropdown.o
    0x080b1b38   0x080b1b38   0x0000001c   Data   RO         4663    .rodata.lv_dropdownlist_class  lv_dropdown.o
    0x080b1b54   0x080b1b54   0x0000001c   Data   RO         5308    .rodata.lv_font_montserrat_12  lv_font_montserrat_12.o
    0x080b1b70   0x080b1b70   0x0000001c   Data   RO         5325    .rodata.lv_font_montserrat_14  lv_font_montserrat_14.o
    0x080b1b8c   0x080b1b8c   0x0000001c   Data   RO         5341    .rodata.lv_font_montserrat_16  lv_font_montserrat_16.o
    0x080b1ba8   0x080b1ba8   0x0000001c   Data   RO         4744    .rodata.lv_img_class  lv_img.o
    0x080b1bc4   0x080b1bc4   0x0000001c   Data   RO         2547    .rodata.lv_imgbtn_class  lv_imgbtn.o
    0x080b1be0   0x080b1be0   0x0000001c   Data   RO         2579    .rodata.lv_keyboard_class  lv_keyboard.o
    0x080b1bfc   0x080b1bfc   0x0000001c   Data   RO         4854    .rodata.lv_label_class  lv_label.o
    0x080b1c18   0x080b1c18   0x0000001c   Data   RO         2626    .rodata.lv_led_class  lv_led.o
    0x080b1c34   0x080b1c34   0x0000001c   Data   RO         4877    .rodata.lv_line_class  lv_line.o
    0x080b1c50   0x080b1c50   0x0000001c   Data   RO         2643    .rodata.lv_list_btn_class  lv_list.o
    0x080b1c6c   0x080b1c6c   0x0000001c   Data   RO         2642    .rodata.lv_list_class  lv_list.o
    0x080b1c88   0x080b1c88   0x0000001c   Data   RO         2644    .rodata.lv_list_text_class  lv_list.o
    0x080b1ca4   0x080b1ca4   0x0000001c   Data   RO         2715    .rodata.lv_menu_class  lv_menu.o
    0x080b1cc0   0x080b1cc0   0x0000001c   Data   RO         2717    .rodata.lv_menu_cont_class  lv_menu.o
    0x080b1cdc   0x080b1cdc   0x0000001c   Data   RO         2721    .rodata.lv_menu_main_cont_class  lv_menu.o
    0x080b1cf8   0x080b1cf8   0x0000001c   Data   RO         2722    .rodata.lv_menu_main_header_cont_class  lv_menu.o
    0x080b1d14   0x080b1d14   0x0000001c   Data   RO         2716    .rodata.lv_menu_page_class  lv_menu.o
    0x080b1d30   0x080b1d30   0x0000001c   Data   RO         2718    .rodata.lv_menu_section_class  lv_menu.o
    0x080b1d4c   0x080b1d4c   0x0000001c   Data   RO         2719    .rodata.lv_menu_separator_class  lv_menu.o
    0x080b1d68   0x080b1d68   0x0000001c   Data   RO         2720    .rodata.lv_menu_sidebar_cont_class  lv_menu.o
    0x080b1d84   0x080b1d84   0x0000001c   Data   RO         2723    .rodata.lv_menu_sidebar_header_cont_class  lv_menu.o
    0x080b1da0   0x080b1da0   0x0000001c   Data   RO         2788    .rodata.lv_meter_class  lv_meter.o
    0x080b1dbc   0x080b1dbc   0x0000001c   Data   RO         2829    .rodata.lv_msgbox_backdrop_class  lv_msgbox.o
    0x080b1dd8   0x080b1dd8   0x0000001c   Data   RO         2827    .rodata.lv_msgbox_class  lv_msgbox.o
    0x080b1df4   0x080b1df4   0x0000001c   Data   RO          409    .rodata.lv_obj_class  lv_obj.o
    0x080b1e10   0x080b1e10   0x00000098   Data   RO         3478    .rodata.lv_palette_darken.colors  lv_color.o
    0x080b1ea8   0x080b1ea8   0x000000be   Data   RO         3477    .rodata.lv_palette_lighten.colors  lv_color.o
    0x080b1f66   0x080b1f66   0x00000026   Data   RO         3476    .rodata.lv_palette_main.colors  lv_color.o
    0x080b1f8c   0x080b1f8c   0x0000001c   Data   RO         4956    .rodata.lv_roller_class  lv_roller.o
    0x080b1fa8   0x080b1fa8   0x0000001c   Data   RO         4957    .rodata.lv_roller_label_class  lv_roller.o
    0x080b1fc4   0x080b1fc4   0x0000001c   Data   RO         5006    .rodata.lv_slider_class  lv_slider.o
    0x080b1fe0   0x080b1fe0   0x0000001c   Data   RO         2988    .rodata.lv_spinbox_class  lv_spinbox.o
    0x080b1ffc   0x080b1ffc   0x0000001c   Data   RO         3017    .rodata.lv_spinner_class  lv_spinner.o
    0x080b2018   0x080b2018   0x0000001c   Data   RO         5056    .rodata.lv_switch_class  lv_switch.o
    0x080b2034   0x080b2034   0x0000001c   Data   RO         5146    .rodata.lv_table_class  lv_table.o
    0x080b2050   0x080b2050   0x0000001c   Data   RO         3055    .rodata.lv_tabview_class  lv_tabview.o
    0x080b206c   0x080b206c   0x0000001c   Data   RO         5297    .rodata.lv_textarea_class  lv_textarea.o
    0x080b2088   0x080b2088   0x0000001c   Data   RO         3082    .rodata.lv_tileview_class  lv_tileview.o
    0x080b20a4   0x080b20a4   0x0000001c   Data   RO         3083    .rodata.lv_tileview_tile_class  lv_tileview.o
    0x080b20c0   0x080b20c0   0x0000001c   Data   RO         3106    .rodata.lv_win_class  lv_win.o
    0x080b20dc   0x080b20dc   0x0000003c   Data   RO         6015    .rodata.rnd_array   lv_demo_music_main.o
    0x080b2118   0x080b2118   0x000000b6   Data   RO         3641    .rodata.sin0_90_table  lv_math.o
    0x080b21ce   0x080b21ce   0x00000de0   Data   RO         6005    .rodata.spectrum_1  lv_demo_music_main.o
    0x080b2fae   0x080b2fae   0x00001860   Data   RO         6006    .rodata.spectrum_2  lv_demo_music_main.o
    0x080b480e   0x080b480e   0x00001ff8   Data   RO         6007    .rodata.spectrum_3  lv_demo_music_main.o
    0x080b6806   0x080b6806   0x00000003   Data   RO          411    .rodata.str1.1      lv_obj.o
    0x080b6809   0x080b6809   0x00000008   Data   RO         1300    .rodata.str1.1      lv_draw_img.o
    0x080b6811   0x080b6811   0x00000004   Data   RO         1554    .rodata.str1.1      lv_img_decoder.o
    0x080b6815   0x080b6815   0x00000004   Data   RO         2145    .rodata.str1.1      lv_theme_default.o
    0x080b6819   0x080b6819   0x00000018   Data   RO         2254    .rodata.str1.1      lv_calendar.o
    0x080b6831   0x080b6831   0x00000064   Data   RO         2274    .rodata.str1.1      lv_calendar_header_arrow.o
    0x080b6895   0x080b6895   0x0000028b   Data   RO         2296    .rodata.str1.1      lv_calendar_header_dropdown.o
    0x080b6b20   0x080b6b20   0x00000099   Data   RO         2582    .rodata.str1.1      lv_keyboard.o
    0x080b6bb9   0x080b6bb9   0x00000008   Data   RO         4166    .rodata.str1.1      lv_txt.o
    0x080b6bc1   0x080b6bc1   0x00000019   Data   RO         4438    .rodata.str1.1      lv_btnmatrix.o
    0x080b6bda   0x080b6bda   0x0000000a   Data   RO         4556    .rodata.str1.1      lv_checkbox.o
    0x080b6be4   0x080b6be4   0x0000001f   Data   RO         4664    .rodata.str1.1      lv_dropdown.o
    0x080b6c03   0x080b6c03   0x00000005   Data   RO         4855    .rodata.str1.1      lv_label.o
    0x080b6c08   0x080b6c08   0x0000002d   Data   RO         4958    .rodata.str1.1      lv_roller.o
    0x080b6c35   0x080b6c35   0x00000004   Data   RO         5298    .rodata.str1.1      lv_textarea.o
    0x080b6c39   0x080b6c39   0x00000126   Data   RO         5860    .rodata.str1.1      lv_demo_music.o
    0x080b6d5f   0x080b6d5f   0x00000008   Data   RO         5901    .rodata.str1.1      lv_demo_music_list.o
    0x080b6d67   0x080b6d67   0x00000027   Data   RO         6018    .rodata.str1.1      lv_demo_music_main.o
    0x080b6d8e   0x080b6d8e   0x000002dd   Data   RO         7737    .rodata.str1.1      bsp_touch_gtxx.o
    0x080b706b   0x080b706b   0x00000009   Data   RO         7981    .rodata.str1.1      main.o
    0x080b7074   0x080b7074   0x00000017   Data   RO         8079    .rodata.str1.1      retarget_io.o
    0x080b708b   0x080b708b   0x00000001   PAD
    0x080b708c   0x080b708c   0x00000016   Data   RO         2136    .rodata.style_init.trans_props  lv_theme_default.o
    0x080b70a2   0x080b70a2   0x00000002   PAD
    0x080b70a4   0x080b70a4   0x00000038   Data   RO         5859    .rodata.time_list   lv_demo_music.o
    0x080b70dc   0x080b70dc   0x0000001e   Data   RO         7736    .rodata.touch_param  bsp_touch_gtxx.o
    0x080b70fa   0x080b70fa   0x0000007c   Data   RO         5315    .rodata.unicode_list_1  lv_font_montserrat_12.o
    0x080b7176   0x080b7176   0x0000007c   Data   RO         5332    .rodata.unicode_list_1  lv_font_montserrat_14.o
    0x080b71f2   0x080b71f2   0x0000007c   Data   RO         5348    .rodata.unicode_list_1  lv_font_montserrat_16.o
    0x080b726e   0x080b726e   0x00000002   PAD
    0x080b7270   0x080b7270   0x00000020   Data   RO         8748    Region$$Table       anon$$obj.o
    0x080b7290   0x080b7290   0x0000001c   Data   RO         8557    locale$$data        c_w.l(lc_numeric_c.o)
    0x080b72ac   0x080b72ac   0x00000110   Data   RO         8653    locale$$data        c_w.l(lc_ctype_c.o)
    0x080b73bc   0x080b73bc   0x00000004   Data   RO         8142    .init_array.255     perf_counter.lib(perf_counter.o)
    0x080b73c0   0x080b73bc   0x00000000   Data   RO         8223    .init_array         c_w.l(init_aeabi.o)


    Execution Region RW_IRAM1 (Exec base: 0x20000000, Load base: 0x080b73c0, Size: 0x00000000, Max: 0x00020000, ABSOLUTE)

    **** No section assigned to this execution region ****


    Execution Region RW_IRAM2 (Exec base: 0x24000000, Load base: 0x080b73c0, Size: 0x00011a30, Max: 0x00080000, ABSOLUTE, COMPRESSED[0x000001c0])

    Exec Addr    Load Addr    Size         Type   Attr      Idx    E Section Name        Object

    0x24000000   COMPRESSED   0x00000004   Data   RW         8329    .data               c_w.l(stdio_streams.o)
    0x24000004   COMPRESSED   0x00000004   Data   RW         8330    .data               c_w.l(stdio_streams.o)
    0x24000008   COMPRESSED   0x00000004   Data   RW         8331    .data               c_w.l(stdio_streams.o)
    0x2400000c   COMPRESSED   0x00000004   Data   RW         7947    .data.SystemCoreClock  system_stm32h7xx.o
    0x24000010   COMPRESSED   0x00000004   Data   RW         7948    .data.SystemD2Clock  system_stm32h7xx.o
    0x24000014   COMPRESSED   0x00000016   Data   RW         6012    .data._lv_demo_music_main_create.grid_rows  lv_demo_music_main.o
    0x2400002a   COMPRESSED   0x00000002   PAD
    0x2400002c   COMPRESSED   0x00000004   Data   RW         4163    .data._lv_txt_encoded_get_byte_id  lv_txt.o
    0x24000030   COMPRESSED   0x00000004   Data   RW         4164    .data._lv_txt_encoded_get_char_id  lv_txt.o
    0x24000034   COMPRESSED   0x00000004   Data   RW         4161    .data._lv_txt_encoded_next  lv_txt.o
    0x24000038   COMPRESSED   0x00000004   Data   RW         4162    .data._lv_txt_encoded_prev  lv_txt.o
    0x2400003c   COMPRESSED   0x00000004   Data   RW         4158    .data._lv_txt_encoded_size  lv_txt.o
    0x24000040   COMPRESSED   0x00000004   Data   RW         4165    .data._lv_txt_get_encoded_length  lv_txt.o
    0x24000044   COMPRESSED   0x00000004   Data   RW         4159    .data._lv_txt_unicode_to_encoded  lv_txt.o
    0x24000048   COMPRESSED   0x00000001   Data   RW         2508    .data.angle_to_mode_color_fast.m  lv_colorwheel.o
    0x24000049   COMPRESSED   0x00000003   PAD
    0x2400004c   COMPRESSED   0x0000003c   Data   RW         5857    .data.artist_list   lv_demo_music.o
    0x24000088   COMPRESSED   0x0000001c   Data   RW         2255    .data.day_names_def  lv_calendar.o
    0x240000a4   COMPRESSED   0x00000004   Data   RW         7977    .data.dispbuf       main.o
    0x240000a8   COMPRESSED   0x00000038   Data   RW         5858    .data.genre_list    lv_demo_music.o
    0x240000e0   COMPRESSED   0x0000000c   Data   RW         6050    .data.img_lv_demo_music_btn_list_pause  img_lv_demo_music_btn_list_pause.o
    0x240000ec   COMPRESSED   0x0000000c   Data   RW         6058    .data.img_lv_demo_music_btn_list_play  img_lv_demo_music_btn_list_play.o
    0x240000f8   COMPRESSED   0x0000000c   Data   RW         6066    .data.img_lv_demo_music_btn_loop  img_lv_demo_music_btn_loop.o
    0x24000104   COMPRESSED   0x0000000c   Data   RW         6074    .data.img_lv_demo_music_btn_next  img_lv_demo_music_btn_next.o
    0x24000110   COMPRESSED   0x0000000c   Data   RW         6082    .data.img_lv_demo_music_btn_pause  img_lv_demo_music_btn_pause.o
    0x2400011c   COMPRESSED   0x0000000c   Data   RW         6090    .data.img_lv_demo_music_btn_play  img_lv_demo_music_btn_play.o
    0x24000128   COMPRESSED   0x0000000c   Data   RW         6098    .data.img_lv_demo_music_btn_prev  img_lv_demo_music_btn_prev.o
    0x24000134   COMPRESSED   0x0000000c   Data   RW         6106    .data.img_lv_demo_music_btn_rnd  img_lv_demo_music_btn_rnd.o
    0x24000140   COMPRESSED   0x0000000c   Data   RW         6114    .data.img_lv_demo_music_corner_left  img_lv_demo_music_corner_left.o
    0x2400014c   COMPRESSED   0x0000000c   Data   RW         6122    .data.img_lv_demo_music_corner_right  img_lv_demo_music_corner_right.o
    0x24000158   COMPRESSED   0x0000000c   Data   RW         6130    .data.img_lv_demo_music_cover_1  img_lv_demo_music_cover_1.o
    0x24000164   COMPRESSED   0x0000000c   Data   RW         6138    .data.img_lv_demo_music_cover_2  img_lv_demo_music_cover_2.o
    0x24000170   COMPRESSED   0x0000000c   Data   RW         6146    .data.img_lv_demo_music_cover_3  img_lv_demo_music_cover_3.o
    0x2400017c   COMPRESSED   0x0000000c   Data   RW         6154    .data.img_lv_demo_music_icon_1  img_lv_demo_music_icon_1.o
    0x24000188   COMPRESSED   0x0000000c   Data   RW         6162    .data.img_lv_demo_music_icon_2  img_lv_demo_music_icon_2.o
    0x24000194   COMPRESSED   0x0000000c   Data   RW         6170    .data.img_lv_demo_music_icon_3  img_lv_demo_music_icon_3.o
    0x240001a0   COMPRESSED   0x0000000c   Data   RW         6178    .data.img_lv_demo_music_icon_4  img_lv_demo_music_icon_4.o
    0x240001ac   COMPRESSED   0x0000000c   Data   RW         6186    .data.img_lv_demo_music_list_border  img_lv_demo_music_list_border.o
    0x240001b8   COMPRESSED   0x0000000c   Data   RW         6194    .data.img_lv_demo_music_logo  img_lv_demo_music_logo.o
    0x240001c4   COMPRESSED   0x0000000c   Data   RW         6201    .data.img_lv_demo_music_slider_knob  img_lv_demo_music_slider_knob.o
    0x240001d0   COMPRESSED   0x0000000c   Data   RW         6209    .data.img_lv_demo_music_wave_bottom  img_lv_demo_music_wave_bottom.o
    0x240001dc   COMPRESSED   0x0000000c   Data   RW         6217    .data.img_lv_demo_music_wave_top  img_lv_demo_music_wave_top.o
    0x240001e8   COMPRESSED   0x00000024   Data   RW         2581    .data.kb_ctrl       lv_keyboard.o
    0x2400020c   COMPRESSED   0x00000024   Data   RW         2580    .data.kb_map        lv_keyboard.o
    0x24000230   COMPRESSED   0x00000002   Data   RW         3755    .data.last_custom_prop_id  lv_style.o
    0x24000232   COMPRESSED   0x00000002   PAD
    0x24000234   COMPRESSED   0x0000001c   Data   RW         4439    .data.lv_btnmatrix_def_map  lv_btnmatrix.o
    0x24000250   COMPRESSED   0x00000004   Data   RW         2295    .data.month_list    lv_calendar_header_dropdown.o
    0x24000254   COMPRESSED   0x00000030   Data   RW         2275    .data.month_names_def  lv_calendar_header_arrow.o
    0x24000284   COMPRESSED   0x0000000a   Data   RW         7742    .data.pre_x         bsp_touch_gtxx.o
    0x2400028e   COMPRESSED   0x0000000a   Data   RW         7743    .data.pre_y         bsp_touch_gtxx.o
    0x24000298   COMPRESSED   0x00000004   Data   RW         8138    .data.s_nMSUnit     perf_counter.lib(perf_counter.o)
    0x2400029c   COMPRESSED   0x00000004   Data   RW         8141    .data.s_nUSUnit     perf_counter.lib(perf_counter.o)
    0x240002a0   COMPRESSED   0x00000004   Data   RW         6040    .data.spectrum_anim_cb.dir  lv_demo_music_main.o
    0x240002a4   COMPRESSED   0x00000004   Data   RW         6039    .data.spectrum_anim_cb.last_bass  lv_demo_music_main.o
    0x240002a8   COMPRESSED   0x00000001   Data   RW          925    .data.style_refr    lv_obj_style.o
    0x240002a9   COMPRESSED   0x00000003   PAD
    0x240002ac   COMPRESSED   0x00000038   Data   RW         5856    .data.title_list    lv_demo_music.o
    0x240002e4   COMPRESSED   0x00000001   Data   RW         7735    .data.touchIC       bsp_touch_gtxx.o
    0x240002e5   COMPRESSED   0x00000001   Data   RW         6727    .data.uwTickFreq    stm32h7xx_hal.o
    0x240002e6   COMPRESSED   0x00000002   PAD
    0x240002e8   COMPRESSED   0x00000004   Data   RW         6726    .data.uwTickPrio    stm32h7xx_hal.o
    0x240002ec   COMPRESSED   0x00000004   Data   RW         2294    .data.year_list     lv_calendar_header_dropdown.o
    0x240002f0   COMPRESSED   0x00000004   Data   RW         3682    .data.zero_mem      lv_mem.o
    0x240002f4   COMPRESSED   0x0000000c   PAD
    0x24000300        -       0x00000054   Zero   RW         8326    .bss                c_w.l(stdio_streams.o)
    0x24000354        -       0x00000054   Zero   RW         8327    .bss                c_w.l(stdio_streams.o)
    0x240003a8        -       0x00000054   Zero   RW         8328    .bss                c_w.l(stdio_streams.o)
    0x240003fc        -       0x00000060   Zero   RW         8608    .bss                c_w.l(libspace.o)
    0x2400045c        -       0x00000004   Zero   RW         7862    .bss.FMC_Initialized  fmc.o
    0x24000460        -       0x00000005   Zero   RW         7741    .bss.Goodix_TS_Work_Func.pre_id  bsp_touch_gtxx.o
    0x24000465   COMPRESSED   0x00000001   PAD
    0x24000466        -       0x00000002   Zero   RW         7740    .bss.Goodix_TS_Work_Func.pre_touch  bsp_touch_gtxx.o
    0x24000468        -       0x0000004c   Zero   RW         7768    .bss.I2C_Handle     bsp_i2c_touch.o
    0x240004b4        -       0x00000004   Zero   RW         1905    .bss.LV_LAYOUT_FLEX  lv_flex.o
    0x240004b8        -       0x00000004   Zero   RW         2048    .bss.LV_LAYOUT_GRID  lv_grid.o
    0x240004bc        -       0x00000002   Zero   RW         1908    .bss.LV_STYLE_FLEX_CROSS_PLACE  lv_flex.o
    0x240004be        -       0x00000002   Zero   RW         1906    .bss.LV_STYLE_FLEX_FLOW  lv_flex.o
    0x240004c0        -       0x00000002   Zero   RW         1910    .bss.LV_STYLE_FLEX_GROW  lv_flex.o
    0x240004c2        -       0x00000002   Zero   RW         1907    .bss.LV_STYLE_FLEX_MAIN_PLACE  lv_flex.o
    0x240004c4        -       0x00000002   Zero   RW         1909    .bss.LV_STYLE_FLEX_TRACK_PLACE  lv_flex.o
    0x240004c6        -       0x00000002   Zero   RW         2056    .bss.LV_STYLE_GRID_CELL_COLUMN_POS  lv_grid.o
    0x240004c8        -       0x00000002   Zero   RW         2055    .bss.LV_STYLE_GRID_CELL_COLUMN_SPAN  lv_grid.o
    0x240004ca        -       0x00000002   Zero   RW         2054    .bss.LV_STYLE_GRID_CELL_ROW_POS  lv_grid.o
    0x240004cc        -       0x00000002   Zero   RW         2053    .bss.LV_STYLE_GRID_CELL_ROW_SPAN  lv_grid.o
    0x240004ce        -       0x00000002   Zero   RW         2057    .bss.LV_STYLE_GRID_CELL_X_ALIGN  lv_grid.o
    0x240004d0        -       0x00000002   Zero   RW         2058    .bss.LV_STYLE_GRID_CELL_Y_ALIGN  lv_grid.o
    0x240004d2        -       0x00000002   Zero   RW         2051    .bss.LV_STYLE_GRID_COLUMN_ALIGN  lv_grid.o
    0x240004d4        -       0x00000002   Zero   RW         2049    .bss.LV_STYLE_GRID_COLUMN_DSC_ARRAY  lv_grid.o
    0x240004d6        -       0x00000002   Zero   RW         2052    .bss.LV_STYLE_GRID_ROW_ALIGN  lv_grid.o
    0x240004d8        -       0x00000002   Zero   RW         2050    .bss.LV_STYLE_GRID_ROW_DSC_ARRAY  lv_grid.o
    0x240004da   COMPRESSED   0x00000002   PAD
    0x240004dc        -       0x0000000c   Zero   RW         3540    .bss._lv_anim_ll    lv_gc.o
    0x240004e8        -       0x00000004   Zero   RW         3351    .bss._lv_anim_tmr   lv_anim.o
    0x240004ec        -       0x00000070   Zero   RW         3548    .bss._lv_circle_cache  lv_gc.o
    0x2400055c        -       0x0000000c   Zero   RW         3537    .bss._lv_disp_ll    lv_gc.o
    0x24000568        -       0x00000080   Zero   RW         3549    .bss._lv_draw_mask_list  lv_gc.o
    0x240005e8        -       0x0000000c   Zero   RW         3539    .bss._lv_fsdrv_ll   lv_gc.o
    0x240005f4        -       0x00000004   Zero   RW         3552    .bss._lv_grad_cache_mem  lv_gc.o
    0x240005f8        -       0x0000000c   Zero   RW         3541    .bss._lv_group_ll   lv_gc.o
    0x24000604        -       0x0000002c   Zero   RW         3545    .bss._lv_img_cache_single  lv_gc.o
    0x24000630        -       0x0000000c   Zero   RW         3542    .bss._lv_img_decoder_ll  lv_gc.o
    0x2400063c        -       0x0000000c   Zero   RW         3538    .bss._lv_indev_ll   lv_gc.o
    0x24000648        -       0x00000004   Zero   RW         3544    .bss._lv_layout_list  lv_gc.o
    0x2400064c        -       0x0000000c   Zero   RW         3543    .bss._lv_obj_style_trans_ll  lv_gc.o
    0x24000658        -       0x00000004   Zero   RW         3553    .bss._lv_style_custom_prop_flag_lookup_table  lv_gc.o
    0x2400065c        -       0x00000004   Zero   RW         3754    .bss._lv_style_custom_prop_flag_lookup_table_size  lv_style.o
    0x24000660        -       0x00000004   Zero   RW         3550    .bss._lv_theme_default_styles  lv_gc.o
    0x24000664        -       0x00000004   Zero   RW         3546    .bss._lv_timer_act  lv_gc.o
    0x24000668        -       0x0000000c   Zero   RW         3536    .bss._lv_timer_ll   lv_gc.o
    0x24000674        -       0x00000004   Zero   RW         6017    .bss.album_img_obj  lv_demo_music_main.o
    0x24000678        -       0x00000002   Zero   RW         2505    .bss.angle_to_mode_color_fast.h  lv_colorwheel.o
    0x2400067a        -       0x00000001   Zero   RW         2506    .bss.angle_to_mode_color_fast.s  lv_colorwheel.o
    0x2400067b        -       0x00000001   Zero   RW         2507    .bss.angle_to_mode_color_fast.v  lv_colorwheel.o
    0x2400067c        -       0x00000001   Zero   RW         3352    .bss.anim_list_changed  lv_anim.o
    0x2400067d        -       0x00000001   Zero   RW         3354    .bss.anim_run_round  lv_anim.o
    0x2400067e   COMPRESSED   0x00000002   PAD
    0x24000680        -       0x00000004   Zero   RW         3019    .bss.arc_length_param  lv_spinner.o
    0x24000684        -       0x00000004   Zero   RW         6028    .bss.artist_label   lv_demo_music_main.o
    0x24000688        -       0x00000004   Zero   RW         6033    .bss.bar_ofs        lv_demo_music_main.o
    0x2400068c        -       0x00000004   Zero   RW         6032    .bss.bar_rot        lv_demo_music_main.o
    0x24000690        -       0x00000008   Zero   RW         5311    .bss.cache          lv_font_montserrat_12.o
    0x24000698        -       0x00000008   Zero   RW         5329    .bss.cache          lv_font_montserrat_14.o
    0x240006a0        -       0x00000008   Zero   RW         5345    .bss.cache          lv_font_montserrat_16.o
    0x240006a8        -       0x00000002   Zero   RW         2139    .bss.color_card     lv_theme_default.o
    0x240006aa        -       0x00000002   Zero   RW         2140    .bss.color_grey     lv_theme_default.o
    0x240006ac        -       0x00000002   Zero   RW         2137    .bss.color_scr      lv_theme_default.o
    0x240006ae        -       0x00000002   Zero   RW         2138    .bss.color_text     lv_theme_default.o
    0x240006b0        -       0x00000004   Zero   RW         3085    .bss.create_col_id  lv_tileview.o
    0x240006b4        -       0x00000001   Zero   RW         3084    .bss.create_dir     lv_tileview.o
    0x240006b5   COMPRESSED   0x00000001   PAD
    0x240006b6        -       0x00000002   Zero   RW         3107    .bss.create_header_height  lv_win.o
    0x240006b8        -       0x00000001   Zero   RW         2504    .bss.create_knob_recolor  lv_colorwheel.o
    0x240006b9   COMPRESSED   0x00000003   PAD
    0x240006bc        -       0x00000004   Zero   RW         3086    .bss.create_row_id  lv_tileview.o
    0x240006c0        -       0x00000004   Zero   RW         5855    .bss.ctrl           lv_demo_music.o
    0x240006c4        -       0x00000004   Zero   RW          188    .bss.default_group  lv_group.o
    0x240006c8        -       0x00000004   Zero   RW         3263    .bss.disp_def       lv_hal_disp.o
    0x240006cc        -       0x00000004   Zero   RW         1205    .bss.disp_refr      lv_refr.o
    0x240006d0        -       0x00000001   Zero   RW         2134    .bss.disp_size      lv_theme_default.o
    0x240006d1        -       0x00000100   Zero   RW         1726    .bss.draw_letter_normal.opa_table  lv_draw_sw_letter.o
    0x240007d1   COMPRESSED   0x00000003   PAD
    0x240007d4        -       0x00000004   Zero   RW         1728    .bss.draw_letter_normal.prev_bpp  lv_draw_sw_letter.o
    0x240007d8        -       0x00000001   Zero   RW         1727    .bss.draw_letter_normal.prev_opa  lv_draw_sw_letter.o
    0x240007d9   COMPRESSED   0x00000003   PAD
    0x240007dc        -       0x00000004   Zero   RW          127    .bss.event_head     lv_event.o
    0x240007e0        -       0x00000004   Zero   RW         6009    .bss.font_large     lv_demo_music_main.o
    0x240007e4        -       0x00000004   Zero   RW         5889    .bss.font_medium    lv_demo_music_list.o
    0x240007e8        -       0x00000004   Zero   RW         5888    .bss.font_small     lv_demo_music_list.o
    0x240007ec        -       0x00000004   Zero   RW         6008    .bss.font_small     lv_demo_music_main.o
    0x240007f0        -       0x00000004   Zero   RW         6029    .bss.genre_label    lv_demo_music_main.o
    0x240007f4        -       0x00000004   Zero   RW         1682    .bss.grad_cache_end  lv_draw_sw_gradient.o
    0x240007f8        -       0x00000004   Zero   RW         1683    .bss.grad_cache_size  lv_draw_sw_gradient.o
    0x240007fc        -       0x00000024   Zero   RW         7899    .bss.hcrc           crc.o
    0x24000820        -       0x00000068   Zero   RW         7877    .bss.hdma2d         dma2d.o
    0x24000888        -       0x0000004c   Zero   RW         7841    .bss.hi2c1          i2c.o
    0x240008d4        -       0x000000a8   Zero   RW         7827    .bss.hltdc          ltdc.o
    0x2400097c        -       0x0000004c   Zero   RW         7813    .bss.hqspi          quadspi.o
    0x240009c8        -       0x00000034   Zero   RW         7861    .bss.hsdram1        fmc.o
    0x240009fc        -       0x00000090   Zero   RW         7797    .bss.huart4         usart.o
    0x24000a8c        -       0x00000001   Zero   RW         3976    .bss.idle_last      lv_timer.o
    0x24000a8d   COMPRESSED   0x00000003   PAD
    0x24000a90        -       0x00000004   Zero   RW          254    .bss.indev_act      lv_indev.o
    0x24000a94        -       0x00000001   Zero   RW          256    .bss.indev_button_proc.prev_state  lv_indev.o
    0x24000a95   COMPRESSED   0x00000003   PAD
    0x24000a98        -       0x00000004   Zero   RW          255    .bss.indev_obj_act  lv_indev.o
    0x24000a9c        -       0x00000004   Zero   RW         7986    .bss.indev_touchpad  main.o
    0x24000aa0        -       0x00000001   Zero   RW         2132    .bss.inited         lv_theme_default.o
    0x24000aa1   COMPRESSED   0x00000003   PAD
    0x24000aa4        -       0x00000004   Zero   RW         3353    .bss.last_timer_run  lv_anim.o
    0x24000aa8        -       0x00000004   Zero   RW          715    .bss.layout_cnt     lv_obj_pos.o
    0x24000aac        -       0x00000004   Zero   RW         5854    .bss.list           lv_demo_music.o
    0x24000ab0        -       0x00000004   Zero   RW         5900    .bss.list           lv_demo_music_list.o
    0x24000ab4        -       0x00000001   Zero   RW         1684    .bss.lv_gradient_get.inited  lv_draw_sw_gradient.o
    0x24000ab5        -       0x00000001   Zero   RW          410    .bss.lv_initialized  lv_obj.o
    0x24000ab6   COMPRESSED   0x00000002   PAD
    0x24000ab8        -       0x00000080   Zero   RW         3547    .bss.lv_mem_buf     lv_gc.o
    0x24000b38        -       0x0000c800   Zero   RW         3680    .bss.lv_mem_init.work_mem_int  lv_mem.o
    0x2400d338        -       0x00000004   Zero   RW          412    .bss.lv_obj_allocate_spec_attr.x  lv_obj.o
    0x2400d33c        -       0x00000001   Zero   RW          714    .bss.lv_obj_update_layout.mutex  lv_obj_pos.o
    0x2400d33d   COMPRESSED   0x00000003   PAD
    0x2400d340        -       0x0000004c   Zero   RW         7984    .bss.lv_port_disp_init.disp_drv  main.o
    0x2400d38c        -       0x0000001c   Zero   RW         7982    .bss.lv_port_disp_init.draw_buf  main.o
    0x2400d3a8        -       0x00000020   Zero   RW         7985    .bss.lv_port_indev_init.indev_drv  main.o
    0x2400d3c8        -       0x00000001   Zero   RW         3969    .bss.lv_timer_handler.already_running  lv_timer.o
    0x2400d3c9   COMPRESSED   0x00000003   PAD
    0x2400d3cc        -       0x00000004   Zero   RW         3972    .bss.lv_timer_handler.busy_time  lv_timer.o
    0x2400d3d0        -       0x00000004   Zero   RW         3971    .bss.lv_timer_handler.idle_period_start  lv_timer.o
    0x2400d3d4        -       0x00000004   Zero   RW         3973    .bss.lv_timer_handler.run_cnt  lv_timer.o
    0x2400d3d8        -       0x00000001   Zero   RW         3970    .bss.lv_timer_run   lv_timer.o
    0x2400d3d9   COMPRESSED   0x00000003   PAD
    0x2400d3dc        -       0x00000004   Zero   RW         6019    .bss.main_cont      lv_demo_music_main.o
    0x2400d3e0   COMPRESSED   0x00000020   PAD
    0x2400d400        -       0x000004a4   Zero   RW         8051    .bss.noinit         eventrecorder.o
    0x2400d8a4        -       0x00000004   Zero   RW         6026    .bss.play_obj       lv_demo_music_main.o
    0x2400d8a8        -       0x00000001   Zero   RW         6021    .bss.playing        lv_demo_music_main.o
    0x2400d8a9   COMPRESSED   0x00000003   PAD
    0x2400d8ac        -       0x00000004   Zero   RW         1206    .bss.px_num         lv_refr.o
    0x2400d8b0        -       0x00000008   Zero   RW         8136    .bss.s_lSystemClockCounts  perf_counter.lib(perf_counter.o)
    0x2400d8b8        -       0x00000004   Zero   RW         8135    .bss.s_nCycleCounts  perf_counter.lib(perf_counter.o)
    0x2400d8bc        -       0x00000004   Zero   RW         8137    .bss.s_nMSResidule  perf_counter.lib(perf_counter.o)
    0x2400d8c0        -       0x00000004   Zero   RW         8140    .bss.s_nOffset      perf_counter.lib(perf_counter.o)
    0x2400d8c4        -       0x00000004   Zero   RW         8139    .bss.s_nSystemMS    perf_counter.lib(perf_counter.o)
    0x2400d8c8        -       0x00000004   Zero   RW         6013    .bss.sec_counter_timer  lv_demo_music_main.o
    0x2400d8cc        -       0x00000004   Zero   RW         6025    .bss.slider_obj     lv_demo_music_main.o
    0x2400d8d0        -       0x00000004   Zero   RW         6030    .bss.spectrum       lv_demo_music_main.o
    0x2400d8d4        -       0x00000004   Zero   RW         6038    .bss.spectrum_anim_cb.bass_cnt  lv_demo_music_main.o
    0x2400d8d8        -       0x00000004   Zero   RW         6023    .bss.spectrum_i     lv_demo_music_main.o
    0x2400d8dc        -       0x00000004   Zero   RW         6022    .bss.spectrum_i_pause  lv_demo_music_main.o
    0x2400d8e0        -       0x00000004   Zero   RW         6031    .bss.spectrum_lane_ofs_start  lv_demo_music_main.o
    0x2400d8e4        -       0x00000004   Zero   RW         6024    .bss.spectrum_len   lv_demo_music_main.o
    0x2400d8e8        -       0x00000004   Zero   RW         6010    .bss.spectrum_obj   lv_demo_music_main.o
    0x2400d8ec        -       0x00000001   Zero   RW         6014    .bss.start_anim     lv_demo_music_main.o
    0x2400d8ed   COMPRESSED   0x00000001   PAD
    0x2400d8ee        -       0x00000050   Zero   RW         6016    .bss.start_anim_values  lv_demo_music_main.o
    0x2400d93e        -       0x00000008   Zero   RW         8081    .bss.stdout_putchar.buffer  retarget_io.o
    0x2400d946   COMPRESSED   0x00000002   PAD
    0x2400d948        -       0x00000004   Zero   RW         8080    .bss.stdout_putchar.index  retarget_io.o
    0x2400d94c        -       0x00000008   Zero   RW         5898    .bss.style_artist   lv_demo_music_list.o
    0x2400d954        -       0x00000008   Zero   RW         5893    .bss.style_btn      lv_demo_music_list.o
    0x2400d95c        -       0x00000008   Zero   RW         5895    .bss.style_btn_chk  lv_demo_music_list.o
    0x2400d964        -       0x00000008   Zero   RW         5896    .bss.style_btn_dis  lv_demo_music_list.o
    0x2400d96c        -       0x00000008   Zero   RW         5894    .bss.style_btn_pr   lv_demo_music_list.o
    0x2400d974        -       0x00000008   Zero   RW         2143    .bss.style_init.dark_filter  lv_theme_default.o
    0x2400d97c        -       0x00000008   Zero   RW         2144    .bss.style_init.grey_filter  lv_theme_default.o
    0x2400d984        -       0x00000014   Zero   RW         2141    .bss.style_init.trans_delayed  lv_theme_default.o
    0x2400d998        -       0x00000014   Zero   RW         2142    .bss.style_init.trans_normal  lv_theme_default.o
    0x2400d9ac        -       0x00000008   Zero   RW         5890    .bss.style_scrollbar  lv_demo_music_list.o
    0x2400d9b4        -       0x00000008   Zero   RW         5899    .bss.style_time     lv_demo_music_list.o
    0x2400d9bc        -       0x00000008   Zero   RW         5897    .bss.style_title    lv_demo_music_list.o
    0x2400d9c4        -       0x00000004   Zero   RW         2133    .bss.styles         lv_theme_default.o
    0x2400d9c8        -       0x00000004   Zero   RW         3303    .bss.sys_time       lv_hal_tick.o
    0x2400d9cc        -       0x00000004   Zero   RW         5299    .bss.ta_insert_replace  lv_textarea.o
    0x2400d9d0        -       0x00000001   Zero   RW         3056    .bss.tabpos_create  lv_tabview.o
    0x2400d9d1   COMPRESSED   0x00000001   PAD
    0x2400d9d2        -       0x00000002   Zero   RW         3057    .bss.tabsize_create  lv_tabview.o
    0x2400d9d4        -       0x00000024   Zero   RW         2135    .bss.theme          lv_theme_default.o
    0x2400d9f8        -       0x00000001   Zero   RW         3302    .bss.tick_irq_flag  lv_hal_tick.o
    0x2400d9f9   COMPRESSED   0x00000003   PAD
    0x2400d9fc        -       0x00000004   Zero   RW         6037    .bss.time_act       lv_demo_music_main.o
    0x2400da00        -       0x00000004   Zero   RW         6036    .bss.time_obj       lv_demo_music_main.o
    0x2400da04        -       0x00000004   Zero   RW         3018    .bss.time_param     lv_spinner.o
    0x2400da08        -       0x00000001   Zero   RW         3975    .bss.timer_created  lv_timer.o
    0x2400da09        -       0x00000001   Zero   RW         3974    .bss.timer_deleted  lv_timer.o
    0x2400da0a   COMPRESSED   0x00000002   PAD
    0x2400da0c        -       0x00000004   Zero   RW         6027    .bss.title_label    lv_demo_music_main.o
    0x2400da10        -       0x00000004   Zero   RW         3681    .bss.tlsf           lv_mem.o
    0x2400da14        -       0x00000002   Zero   RW         7987    .bss.touchpad_read.last_x  main.o
    0x2400da16        -       0x00000002   Zero   RW         7988    .bss.touchpad_read.last_y  main.o
    0x2400da18        -       0x00000004   Zero   RW         7980    .bss.tppressed      main.o
    0x2400da1c        -       0x00000004   Zero   RW         7978    .bss.tpx            main.o
    0x2400da20        -       0x00000004   Zero   RW         7979    .bss.tpy            main.o
    0x2400da24        -       0x00000004   Zero   RW         6020    .bss.track_id       lv_demo_music_main.o
    0x2400da28        -       0x00000004   Zero   RW         6728    .bss.uwTick         stm32h7xx_hal.o
    0x2400da2c   COMPRESSED   0x00000004   PAD
    0x2400da30        -       0x00002000   Zero   RW         7934    HEAP                startup_stm32h750xx.o
    0x2400fa30        -       0x00002000   Zero   RW         7933    STACK               startup_stm32h750xx.o


    Execution Region RW_IRAM3 (Exec base: 0x30000000, Load base: 0x080b7580, Size: 0x00000000, Max: 0x00048000, ABSOLUTE)

    **** No section assigned to this execution region ****


    Execution Region RW_IRAM4 (Exec base: 0x38000000, Load base: 0x080b7580, Size: 0x00000000, Max: 0x00010000, ABSOLUTE)

    **** No section assigned to this execution region ****



  Load Region LR$$.ARM.__at_0xc0000000 (Base: 0xc0000000, Size: 0x000bb800, Max: 0x000bb800, ABSOLUTE, COMPRESSED[0x00001788])

    Execution Region ER$$.ARM.__at_0xc0000000 (Exec base: 0xc0000000, Load base: 0xc0000000, Size: 0x000bb800, Max: 0x000bb800, ABSOLUTE, UNINIT, COMPRESSED[0x00001788])

    Exec Addr    Load Addr    Size         Type   Attr      Idx    E Section Name        Object

    0xc0000000   COMPRESSED   0x000bb800   Data   RW         7983    .ARM.__at_0xc0000000  main.o


==============================================================================

Image component sizes


      Code (inc. data)   RO Data    RW Data    ZI Data      Debug   Object Name

       752          0          0          0         76      10413   bsp_i2c_touch.o
      2834          0        763         21          7       8307   bsp_touch_gtxx.o
       232          0          0          0          0       1346   core_delay.o
       108          0          0          0         36       3569   crc.o
       150          0          0          0        104       4305   dma2d.o
      1940          0         24          0       1188       8544   eventrecorder.o
       694          0          0          0         56       8438   fmc.o
       542          0          0          0          0       6294   gpio.o
       284          0          0          0         76       7835   i2c.o
         0          0      10440         12          0       1011   img_lv_demo_music_btn_list_pause.o
         0          0      10440         12          0       1007   img_lv_demo_music_btn_list_play.o
         0          0       1728         12          0        969   img_lv_demo_music_btn_loop.o
         0          0      11532         12          0        987   img_lv_demo_music_btn_next.o
         0          0      18249         12          0        991   img_lv_demo_music_btn_pause.o
         0          0      18249         12          0        987   img_lv_demo_music_btn_play.o
         0          0      11532         12          0        987   img_lv_demo_music_btn_prev.o
         0          0       1728         12          0        965   img_lv_demo_music_btn_rnd.o
         0          0        972         12          0        981   img_lv_demo_music_corner_left.o
         0          0        972         12          0        985   img_lv_demo_music_corner_right.o
         0          0      61600         12          0        983   img_lv_demo_music_cover_1.o
         0          0      61600         12          0        983   img_lv_demo_music_cover_2.o
         0          0      61600         12          0        983   img_lv_demo_music_cover_3.o
         0          0       1152         12          0        961   img_lv_demo_music_icon_1.o
         0          0       1152         12          0        961   img_lv_demo_music_icon_2.o
         0          0       1152         12          0        961   img_lv_demo_music_icon_3.o
         0          0       1152         12          0        961   img_lv_demo_music_icon_4.o
         0          0       3264         12          0        981   img_lv_demo_music_list_border.o
         0          0      18818         12          0        971   img_lv_demo_music_logo.o
         0          0       4104         12          0        981   img_lv_demo_music_slider_knob.o
         0          0      22848         12          0        981   img_lv_demo_music_wave_bottom.o
         0          0      22848         12          0        969   img_lv_demo_music_wave_top.o
       542          0          0          0        168       6644   ltdc.o
      2356          0          0          0         10       6889   lv_anim.o
      5746          0         28          0          0      28601   lv_arc.o
      2168          0          0          0          0       6426   lv_area.o
      4096          0         28          0          0      25010   lv_bar.o
        68          0         28          0          0       8680   lv_btn.o
      7940          0         53         28          0      32436   lv_btnmatrix.o
      1998          0         52         28          0      20257   lv_calendar.o
       610          0        128         48          0      11128   lv_calendar_header_arrow.o
       410          0        679          8          0       9541   lv_calendar_header_dropdown.o
     10806          6         28          0          0      43708   lv_chart.o
      1544          0         38          0          0      18637   lv_checkbox.o
      1262          6        380          0          0       5853   lv_color.o
      4956          0         28          1          5      27934   lv_colorwheel.o
       304          0        350        172          8       8706   lv_demo_music.o
      1614          0         22          0         76      14098   lv_demo_music_list.o
      7556          4      18101         30        170      29417   lv_demo_music_main.o
       228          0          0          0          0      20549   lv_disp.o
         2          0          0          0          0        341   lv_draw.o
      2254          0          0          0          0       7585   lv_draw_arc.o
      1676         16          8          0          0      11185   lv_draw_img.o
      2584          6          0          0          0      11043   lv_draw_label.o
       222          0          0          0          0       5723   lv_draw_line.o
     10858          0          0          0          0      22890   lv_draw_mask.o
       424          0          0          0          0       6331   lv_draw_rect.o
       366          0          0          0          0       7605   lv_draw_sw.o
      4764          0          0          0          0      13434   lv_draw_sw_arc.o
      6770          0          0          0          0      22863   lv_draw_sw_blend.o
      2064          0          0          0          9       6372   lv_draw_sw_gradient.o
      2094          0          0          0          0      11083   lv_draw_sw_img.o
      1672          8        278          0        261       9102   lv_draw_sw_letter.o
      3444          0         33          0          0      10866   lv_draw_sw_line.o
      1430          0          8          0          0       7401   lv_draw_sw_polygon.o
     11704          0          0          0          0      22544   lv_draw_sw_rect.o
        34          0          0          0          0       5128   lv_draw_triangle.o
      5854          0         87          0          0      34357   lv_dropdown.o
      1868          0          0          0          4      24120   lv_event.o
        12          0          0          0          0        360   lv_extra.o
      5528          6          0          0         14      22197   lv_flex.o
       394          0          0          0          0       2310   lv_font.o
      1524          0          0          0          0       6728   lv_font_fmt_txt.o
         0          0      11472          0          8       2836   lv_font_montserrat_12.o
         0          0      13633          0          8       2836   lv_font_montserrat_14.o
         0          0      15891          0          8       2836   lv_font_montserrat_16.o
      1636          0          0          0          0       8212   lv_fs.o
         0          0          0          0        528       3837   lv_gc.o
      5636         16          0          0         24      25921   lv_grid.o
      1718          0          0          0          4      22203   lv_group.o
      1226          0          0          0          4      28049   lv_hal_disp.o
       380          0          0          0          0      16184   lv_hal_indev.o
       142          0          0          0          5       1049   lv_hal_tick.o
      4502          0         28          0          0      25620   lv_img.o
      5264          0          0          0          0      14090   lv_img_buf.o
       150          0          0          0          0       2738   lv_img_cache.o
      4344          8          4          0          0      12890   lv_img_decoder.o
      1780          6         28          0          0      18132   lv_imgbtn.o
      7290          0          0          0          9      27731   lv_indev.o
      5302          0          0          0          0      24694   lv_indev_scroll.o
      1120          0       1067         72          0      14741   lv_keyboard.o
      7998          0         33          0          0      31161   lv_label.o
      1258          0         28          0          0      14984   lv_led.o
       810          0         28          0          0      14856   lv_line.o
         0          0         84          0          0       8992   lv_list.o
       794          0          0          0          0       4585   lv_ll.o
      1100          0        182          0          0       3422   lv_math.o
      3094          0          0          4      51204       5299   lv_mem.o
      1712          0        252          0          0      18883   lv_menu.o
      3386          0         28          0          0      25643   lv_meter.o
         0          0         56          0          0      14151   lv_msgbox.o
      6186          0         31          0          5      34950   lv_obj.o
       868          0          0          0          0      15734   lv_obj_class.o
      4372          0          0          0          0      25688   lv_obj_draw.o
      9924         50          8          0          5      34366   lv_obj_pos.o
      8756          0          0          0          0      33049   lv_obj_scroll.o
      7004         74          0          1          0      30233   lv_obj_style.o
       896          0          0          0          0      24430   lv_obj_style_gen.o
      1682          0          0          0          0      21764   lv_obj_tree.o
      4122        206          0          0          0       6723   lv_printf.o
      5780          0          0          0          8      24965   lv_refr.o
      4408          0        101          0          0      29549   lv_roller.o
      4342          0         28          0          0      25310   lv_slider.o
      1904          0         28          0          0      21888   lv_spinbox.o
       330          0         28          0          8      10768   lv_spinner.o
      2214         96        112          2          4      10135   lv_style.o
      1496          0          0          0          0      19043   lv_style_gen.o
      1668          0         28          0          0      18559   lv_switch.o
      4758          0         28          0          0      33204   lv_table.o
      1264          8         28          0          3      14768   lv_tabview.o
      6906          0         32          0          4      37967   lv_textarea.o
       212          0          0          0          0      16154   lv_theme.o
     17094          0         26          0        106      29951   lv_theme_default.o
       516          0         56          0          9      11550   lv_tileview.o
      1062          0          0          0         17       4141   lv_timer.o
      3316          0          0          0          0      15064   lv_tlsf.o
      3692          0          8         28          0      10198   lv_txt.o
       136          0          0          0          0        905   lv_utils.o
       136          0         28          0          2      10042   lv_win.o
       904          0          9     768004        156      21690   main.o
       348          0          0          0         76       8475   quadspi.o
       674          0         46          0         12       2571   retarget_io.o
        64         26        664          0      16384        812   startup_stm32h750xx.o
       228          0          0          5          4      13752   stm32h7xx_hal.o
       456          0          0          0          0      11318   stm32h7xx_hal_cortex.o
       204          0          0          0          0       3964   stm32h7xx_hal_crc.o
       214         26          0          0          0       2356   stm32h7xx_hal_crc_ex.o
       596          0          0          0          0      12211   stm32h7xx_hal_dma2d.o
      1110          0          0          0          0       6976   stm32h7xx_hal_gpio.o
      2752          0          0          0          0      34361   stm32h7xx_hal_i2c.o
       314          0          0          0          0       7270   stm32h7xx_hal_i2c_ex.o
      1158          0          0          0          0      12680   stm32h7xx_hal_ltdc.o
        36          0          0          0          0       2210   stm32h7xx_hal_msp.o
       162          0          0          0          0      10293   stm32h7xx_hal_pwr_ex.o
       392          0          0          0          0      14347   stm32h7xx_hal_qspi.o
      4912         66          0          0          0      11792   stm32h7xx_hal_rcc.o
      6288         96          0          0          0      18532   stm32h7xx_hal_rcc_ex.o
       348          0          0          0          0      10244   stm32h7xx_hal_sdram.o
      3380        258         24          0          0      28869   stm32h7xx_hal_uart.o
       538          0         16          0          0       8654   stm32h7xx_hal_uart_ex.o
        50          0          0          0          0       1237   stm32h7xx_it.o
       500          0          0          0          0       7071   stm32h7xx_ll_fmc.o
       352          0         16          8          0       5791   system_stm32h7xx.o
       382          0          0          0        144       7951   usart.o

    ----------------------------------------------------------------------
    326934        996     412480     768736      71112    1909779   Object Totals
         0          0         32          0          0          0   (incl. Generated)
      5604          8         13         12         95          0   (incl. Padding)

    ----------------------------------------------------------------------

      Code (inc. data)   RO Data    RW Data    ZI Data      Debug   Library Member Name

        90          0          0          0          0          0   __dczerorl2.o
         8          0          0          0          0         68   __main.o
       392          4         17          0          0         92   __printf_flags_ss_wp.o
        14          0          0          0          0         68   __printf_wp.o
         0          0          0          0          0          0   __rtentry.o
        12          0          0          0          0          0   __rtentry2.o
         6          0          0          0          0          0   __rtentry4.o
        52          8          0          0          0          0   __scatter.o
        28          0          0          0          0          0   __scatter_zi.o
        72          0          0          0          0         96   _c16rtomb.o
         6          0          0          0          0          0   _printf_a.o
         6          0          0          0          0          0   _printf_c.o
        44          0          0          0          0        108   _printf_char.o
        48          6          0          0          0         96   _printf_char_common.o
        36          4          0          0          0         80   _printf_char_file.o
        40          0          0          0          0         68   _printf_charcount.o
         6          0          0          0          0          0   _printf_d.o
       120         16          0          0          0         92   _printf_dec.o
         6          0          0          0          0          0   _printf_e.o
         6          0          0          0          0          0   _printf_f.o
      1052          0          0          0          0        148   _printf_fp_dec.o
       764          8         38          0          0        100   _printf_fp_hex.o
       128         16          0          0          0         84   _printf_fp_infnan.o
         6          0          0          0          0          0   _printf_g.o
       148          4         40          0          0        160   _printf_hex_int_ll_ptr.o
         6          0          0          0          0          0   _printf_i.o
       178          0          0          0          0         88   _printf_intcommon.o
        10          0          0          0          0          0   _printf_l.o
         6          0          0          0          0          0   _printf_lc.o
        10          0          0          0          0          0   _printf_ll.o
         6          0          0          0          0          0   _printf_lld.o
         6          0          0          0          0          0   _printf_lli.o
         6          0          0          0          0          0   _printf_llo.o
         6          0          0          0          0          0   _printf_llu.o
         6          0          0          0          0          0   _printf_llx.o
       124         16          0          0          0         92   _printf_longlong_dec.o
         6          0          0          0          0          0   _printf_ls.o
         6          0          0          0          0          0   _printf_n.o
         6          0          0          0          0          0   _printf_o.o
       112          8          0          0          0        124   _printf_oct_int_ll.o
         6          0          0          0          0          0   _printf_p.o
        78          0          0          0          0        108   _printf_pad.o
         0          0          0          0          0          0   _printf_percent.o
         4          0          0          0          0          0   _printf_percent_end.o
         6          0          0          0          0          0   _printf_s.o
        82          0          0          0          0         80   _printf_str.o
        36          0          0          0          0         84   _printf_truncate.o
         6          0          0          0          0          0   _printf_u.o
        44          0          0          0          0        108   _printf_wchar.o
       188          6          8          0          0         92   _printf_wctomb.o
         6          0          0          0          0          0   _printf_x.o
        16          0          0          0          0         68   aeabi_memset4.o
       228          4        148          0          0         96   bigflt0.o
      1936        128          0          0          0        668   btod.o
        10          0          0          0          0         68   defsig_exit.o
        50          0          0          0          0         88   defsig_general.o
        80         58          0          0          0         76   defsig_rtmem_inner.o
        14          0          0          0          0         80   defsig_rtmem_outer.o
        52         38          0          0          0         76   defsig_rtred_inner.o
        14          0          0          0          0         80   defsig_rtred_outer.o
        18          0          0          0          0         80   exit.o
        76          0          0          0          0         88   fclose.o
         8          0          0          0          0         68   ferror.o
       470          0          0          0          0         88   flsbuf.o
       240          6          0          0          0        128   fopen.o
        26          0          0          0          0         68   fputc.o
       248          6          0          0          0         84   fseek.o
        66          0          0          0          0         76   ftell.o
        94          0          0          0          0         80   h1_alloc.o
        52          0          0          0          0         68   h1_extend.o
        78          0          0          0          0         80   h1_free.o
        14          0          0          0          0         84   h1_init.o
         6          0          0          0          0        152   heapauxi.o
         4          0          0          0          0        136   hguard.o
         0          0          0          0          0          0   indicate_semi.o
        36          8          0          0          0         80   init_aeabi.o
       138          0          0          0          0        168   init_alloc.o
       312         46          0          0          0        112   initio.o
        44         10        272          0          0         76   lc_ctype_c.o
        44         10         28          0          0         76   lc_numeric_c.o
         2          0          0          0          0          0   libinit.o
        50          0          0          0          0          0   libinit2.o
         2          0          0          0          0          0   libshutdown.o
         6          0          0          0          0          0   libshutdown2.o
         8          4          0          0         96         68   libspace.o
       138          0          0          0          0         80   lludiv10.o
       240          0          0          0          0        100   lludivv7m.o
         0          0          0          0          0          0   maybetermalloc1.o
        24          4          0          0          0         84   printf.o
        16          4          0          0          0         76   rt_ctype_table.o
         8          4          0          0          0         68   rt_errno_addr_intlibspace.o
         8          4          0          0          0         68   rt_heap_descriptor_intlibspace.o
         8          4          0          0          0         68   rt_locale_intlibspace.o
        68          0          0          0          0         68   rt_memclr.o
        78          0          0          0          0         80   rt_memclr_w.o
       138          0          0          0          0         68   rt_memcpy_v6.o
       100          0          0          0          0         80   rt_memcpy_w.o
         2          0          0          0          0          0   rtexit.o
        10          0          0          0          0          0   rtexit2.o
        70          0          0          0          0         80   setvbuf.o
       240          6          0          0          0        156   stdio.o
         0          0          0         12        252          0   stdio_streams.o
       124          0          0          0          0         88   strcmpv7m_pel.o
        72          0          0          0          0         80   strcpy.o
        62          0          0          0          0         76   strlen.o
        12          4          0          0          0         68   sys_exit.o
        74          0          0          0          0         80   sys_stackheap_outer.o
        14          0          0          0          0         76   sys_wrch.o
         2          0          0          0          0         68   use_no_semi.o
        26          0          0          0          0        116   fpinit.o
         4          0          0          0          0        116   printf1.o
         4          0          0          0          0        116   printf2.o
         0          0          0          0          0          0   usenofp.o
        48          0          0          0          0        124   fpclassify.o
       416         96          4          8         24        544   perf_counter.o
        32         10          0          0          0         84   systick_wrapper_ual.o

    ----------------------------------------------------------------------
     10558        562        556         20        372       7908   Library Totals
        38         12          1          0          0          0   (incl. Padding)

    ----------------------------------------------------------------------

      Code (inc. data)   RO Data    RW Data    ZI Data      Debug   Library Name

      9990        444        551         12        348       6808   c_w.l
        34          0          0          0          0        348   fz_wv.l
        48          0          0          0          0        124   m_wv.l
       448        106          4          8         24        628   perf_counter.lib

    ----------------------------------------------------------------------
     10558        562        556         20        372       7908   Library Totals

    ----------------------------------------------------------------------

==============================================================================


      Code (inc. data)   RO Data    RW Data    ZI Data      Debug   

    337492       1558     413036     768756      71484    1911107   Grand Totals
    337492       1558     413036       6472      71484    1911107   ELF Image Totals (compressed)
    337492       1558     413036       6472          0          0   ROM Totals

==============================================================================

    Total RO  Size (Code + RO Data)               750528 ( 732.94kB)
    Total RW  Size (RW Data + ZI Data)            840240 ( 820.55kB)
    Total ROM Size (Code + RO Data + RW Data)     757000 ( 739.26kB)

==============================================================================

